Archive member included because of file (symbol)

/usr/lib/gcc/avr/4.3.5/avr51/libgcc.a(_mulsi3.o)
                              ./src/cartesian_dda.o (__mulsi3)
/usr/lib/gcc/avr/4.3.5/avr51/libgcc.a(_divmodhi4.o)
                              ./lib/WiringSerial/wiring_serial.o (__divmodhi4)
/usr/lib/gcc/avr/4.3.5/avr51/libgcc.a(_udivmodsi4.o)
                              ./lib/arduino/HardwareSerial.o (__udivmodsi4)
/usr/lib/gcc/avr/4.3.5/avr51/libgcc.a(_divmodsi4.o)
                              ./src/cartesian_dda.o (__divmodsi4)
/usr/lib/gcc/avr/4.3.5/avr51/libgcc.a(_exit.o)
                              /usr/lib/gcc/avr/4.3.5/../../../avr/lib/avr51/crtm1280.o (exit)
/usr/lib/gcc/avr/4.3.5/avr51/libgcc.a(_clear_bss.o)
                              ./src/cartesian_dda.o (__do_clear_bss)
/usr/lib/gcc/avr/4.3.5/avr51/libgcc.a(_ctors.o)
                              ./src/cartesian_dda.o (__do_global_ctors)
/usr/lib/gcc/avr/4.3.5/avr51/libgcc.a(_fixunssfsi.o)
                              ./src/process_g_code.o (__fixunssfsi)
/usr/lib/gcc/avr/4.3.5/avr51/libgcc.a(_addsub_sf.o)
                              ./src/cartesian_dda.o (__subsf3)
/usr/lib/gcc/avr/4.3.5/avr51/libgcc.a(_mul_sf.o)
                              ./src/cartesian_dda.o (__mulsf3)
/usr/lib/gcc/avr/4.3.5/avr51/libgcc.a(_div_sf.o)
                              ./src/cartesian_dda.o (__divsf3)
/usr/lib/gcc/avr/4.3.5/avr51/libgcc.a(_ge_sf.o)
                              ./src/cartesian_dda.o (__gesf2)
/usr/lib/gcc/avr/4.3.5/avr51/libgcc.a(_lt_sf.o)
                              ./src/cartesian_dda.o (__ltsf2)
/usr/lib/gcc/avr/4.3.5/avr51/libgcc.a(_si_to_sf.o)
                              ./src/cartesian_dda.o (__floatsisf)
/usr/lib/gcc/avr/4.3.5/avr51/libgcc.a(_sf_to_si.o)
                              ./src/cartesian_dda.o (__fixsfsi)
/usr/lib/gcc/avr/4.3.5/avr51/libgcc.a(_thenan_sf.o)
                              /usr/lib/gcc/avr/4.3.5/avr51/libgcc.a(_addsub_sf.o) (__thenan_sf)
/usr/lib/gcc/avr/4.3.5/avr51/libgcc.a(_usi_to_sf.o)
                              ./lib/arduino/Print.o (__floatunsisf)
/usr/lib/gcc/avr/4.3.5/avr51/libgcc.a(_udivmodhi4.o)
                              /usr/lib/gcc/avr/4.3.5/avr51/libgcc.a(_divmodhi4.o) (__udivmodhi4)
/usr/lib/gcc/avr/4.3.5/avr51/libgcc.a(_prologue.o)
                              /usr/lib/gcc/avr/4.3.5/avr51/libgcc.a(_addsub_sf.o) (__prologue_saves__)
/usr/lib/gcc/avr/4.3.5/avr51/libgcc.a(_epilogue.o)
                              /usr/lib/gcc/avr/4.3.5/avr51/libgcc.a(_addsub_sf.o) (__epilogue_restores__)
/usr/lib/gcc/avr/4.3.5/avr51/libgcc.a(_tablejump.o)
                              /usr/lib/gcc/avr/4.3.5/avr51/libgcc.a(_ctors.o) (__tablejump__)
/usr/lib/gcc/avr/4.3.5/avr51/libgcc.a(_clzsi2.o)
                              /usr/lib/gcc/avr/4.3.5/avr51/libgcc.a(_si_to_sf.o) (__clzsi2)
/usr/lib/gcc/avr/4.3.5/avr51/libgcc.a(_pack_sf.o)
                              /usr/lib/gcc/avr/4.3.5/avr51/libgcc.a(_addsub_sf.o) (__pack_f)
/usr/lib/gcc/avr/4.3.5/avr51/libgcc.a(_unpack_sf.o)
                              /usr/lib/gcc/avr/4.3.5/avr51/libgcc.a(_addsub_sf.o) (__unpack_f)
/usr/lib/gcc/avr/4.3.5/avr51/libgcc.a(_fpcmp_parts_sf.o)
                              /usr/lib/gcc/avr/4.3.5/avr51/libgcc.a(_ge_sf.o) (__fpcmp_parts_f)
/usr/lib/gcc/avr/4.3.5/avr51/libgcc.a(_clz.o)
                              /usr/lib/gcc/avr/4.3.5/avr51/libgcc.a(_clzsi2.o) (__clz_tab)
/usr/lib/gcc/avr/4.3.5/../../../avr/lib/avr51/libm.a(modf.o)
                              ./lib/WiringSerial/wiring_serial.o (modf)
/usr/lib/gcc/avr/4.3.5/../../../avr/lib/avr51/libm.a(round.o)
                              ./lib/WiringSerial/wiring_serial.o (round)
/usr/lib/gcc/avr/4.3.5/../../../avr/lib/avr51/libm.a(sqrt.o)
                              ./src/cartesian_dda.o (sqrt)
/usr/lib/gcc/avr/4.3.5/../../../avr/lib/avr51/libm.a(fp_mintl.o)
                              /usr/lib/gcc/avr/4.3.5/../../../avr/lib/avr51/libm.a(round.o) (__fp_mintl)
/usr/lib/gcc/avr/4.3.5/../../../avr/lib/avr51/libm.a(fp_mpack.o)
                              /usr/lib/gcc/avr/4.3.5/../../../avr/lib/avr51/libm.a(round.o) (__fp_mpack)
/usr/lib/gcc/avr/4.3.5/../../../avr/lib/avr51/libm.a(fp_nan.o)
                              /usr/lib/gcc/avr/4.3.5/../../../avr/lib/avr51/libm.a(sqrt.o) (__fp_nan)
/usr/lib/gcc/avr/4.3.5/../../../avr/lib/avr51/libm.a(fp_norm2.o)
                              /usr/lib/gcc/avr/4.3.5/../../../avr/lib/avr51/libm.a(sqrt.o) (__fp_norm2)
/usr/lib/gcc/avr/4.3.5/../../../avr/lib/avr51/libm.a(fp_split3.o)
                              /usr/lib/gcc/avr/4.3.5/../../../avr/lib/avr51/libm.a(round.o) (__fp_splitA)
/usr/lib/gcc/avr/4.3.5/../../../avr/lib/avr51/libm.a(fp_zero.o)
                              /usr/lib/gcc/avr/4.3.5/../../../avr/lib/avr51/libm.a(round.o) (__fp_szero)
/usr/lib/gcc/avr/4.3.5/../../../avr/lib/avr51/libc.a(malloc.o)
                              ./src/firmware.o (malloc)
[...]
Memory Configuration

Name             Origin             Length             Attributes
text             0x00000000         0x00020000         xr
data             0x00800060         0x0000ffa0         rw !x
eeprom           0x00810000         0x00010000         rw !x
fuse             0x00820000         0x00000400         rw !x
lock             0x00830000         0x00000400         rw !x
signature        0x00840000         0x00000400         rw !x
*default*        0x00000000         0xffffffff

Linker script and memory map

Address of section .data set to 0x800200
LOAD /usr/lib/gcc/avr/4.3.5/../../../avr/lib/avr51/crtm1280.o
LOAD ./src/cartesian_dda.o
LOAD ./src/fancy.o
LOAD ./src/firmware.o
LOAD ./src/hostcom.o
LOAD ./src/main.o
LOAD ./src/process_g_code.o
LOAD ./src/toolhead_stepper.o
LOAD ./src/vectors.o
LOAD ./lib/arduino/HardwareSerial.o
LOAD ./lib/arduino/Print.o
LOAD ./lib/arduino/Tone.o
LOAD ./lib/arduino/WInterrupts.o
LOAD ./lib/arduino/WMath.o
LOAD ./lib/arduino/WString.o
LOAD ./lib/arduino/pins_arduino.o
LOAD ./lib/arduino/wiring.o
LOAD ./lib/arduino/wiring_analog.o
LOAD ./lib/arduino/wiring_digital.o
LOAD ./lib/arduino/wiring_pulse.o
LOAD ./lib/arduino/wiring_shift.o
LOAD ./lib/WiringSerial/wiring_serial.o
LOAD /usr/lib/gcc/avr/4.3.5/avr51/libgcc.a
LOAD /usr/lib/gcc/avr/4.3.5/../../../avr/lib/avr51/libm.a
LOAD /usr/lib/gcc/avr/4.3.5/avr51/libgcc.a
LOAD /usr/lib/gcc/avr/4.3.5/../../../avr/lib/avr51/libc.a
LOAD /usr/lib/gcc/avr/4.3.5/avr51/libgcc.a

.hash
 *(.hash)

.dynsym
 *(.dynsym)

.dynstr
 *(.dynstr)

.gnu.version
 *(.gnu.version)

.gnu.version_d
 *(.gnu.version_d)

.gnu.version_r
 *(.gnu.version_r)

.rel.init
 *(.rel.init)

.rela.init
 *(.rela.init)

.rel.text
 *(.rel.text)
 *(.rel.text.*)
 *(.rel.gnu.linkonce.t*)

.rela.text
 *(.rela.text)
 *(.rela.text.*)
 *(.rela.gnu.linkonce.t*)

.rel.fini
 *(.rel.fini)

.rela.fini
 *(.rela.fini)

.rel.rodata
 *(.rel.rodata)
 *(.rel.rodata.*)
 *(.rel.gnu.linkonce.r*)

.rela.rodata
 *(.rela.rodata)
 *(.rela.rodata.*)
 *(.rela.gnu.linkonce.r*)

.rel.data
 *(.rel.data)
 *(.rel.data.*)
 *(.rel.gnu.linkonce.d*)

.rela.data
 *(.rela.data)
 *(.rela.data.*)
 *(.rela.gnu.linkonce.d*)

.rel.ctors
 *(.rel.ctors)

.rela.ctors
 *(.rela.ctors)

.rel.dtors
 *(.rel.dtors)

.rela.dtors
 *(.rela.dtors)

.rel.got
 *(.rel.got)

.rela.got
 *(.rela.got)

.rel.bss
 *(.rel.bss)

.rela.bss
 *(.rela.bss)

.rel.plt
 *(.rel.plt)

.rela.plt
 *(.rela.plt)

.text           0x00000000     0xd89e
 *(.vectors)
 .vectors       0x00000000       0xe4 /usr/lib/gcc/avr/4.3.5/../../../avr/lib/avr51/crtm1280.o
                0x00000000                __vectors
                0x00000000                __vector_default
 *(.vectors)
 *(.progmem.gcc*)
 *(.progmem*)
 .progmem.data  0x000000e4        0x1 ./lib/arduino/Tone.o
 .progmem.data  0x000000e5      0x120 ./lib/arduino/pins_arduino.o
                0x000000e5                port_to_mode_PGM
                0x000000ff                port_to_output_PGM
                0x00000119                port_to_input_PGM
                0x00000133                digital_pin_to_port_PGM
                0x00000179                digital_pin_to_bit_mask_PGM
                0x000001bf                digital_pin_to_timer_PGM
 .progmem.data  0x00000205       0x3b /usr/lib/gcc/avr/4.3.5/../../../avr/lib/avr51/libc.a(strtod.o)
                0x00000240                . = ALIGN (0x2)
                0x00000240                __trampolines_start = .
 *(.trampolines)
 .trampolines   0x00000240        0x0 linker stubs
 *(.trampolines*)
                0x00000240                __trampolines_end = .
 *(.jumptables)
 *(.jumptables*)
 *(.lowtext)
 *(.lowtext*)
                0x00000240                __ctors_start = .
 *(.ctors)
 .ctors         0x00000240        0x2 ./src/cartesian_dda.o
 .ctors         0x00000242        0x2 ./src/fancy.o
 .ctors         0x00000244        0x2 ./src/firmware.o
 .ctors         0x00000246        0x2 ./src/hostcom.o
 .ctors         0x00000248        0x2 ./src/process_g_code.o
 .ctors         0x0000024a        0x2 ./src/toolhead_stepper.o
 .ctors         0x0000024c        0x2 ./src/vectors.o
 .ctors         0x0000024e        0x2 ./lib/arduino/HardwareSerial.o
                0x00000250                __ctors_end = .
                0x00000250                __dtors_start = .
 *(.dtors)
                0x00000250                __dtors_end = .
 SORT(*)(.ctors)
 SORT(*)(.dtors)
 *(.init0)
 .init0         0x00000250        0x0 /usr/lib/gcc/avr/4.3.5/../../../avr/lib/avr51/crtm1280.o
                0x00000250                __init
 *(.init0)
 *(.init1)
 *(.init1)
 *(.init2)
 .init2         0x00000250        0xc /usr/lib/gcc/avr/4.3.5/../../../avr/lib/avr51/crtm1280.o
 *(.init2)
 *(.init3)
 *(.init3)
 *(.init4)
 .init4         0x0000025c       0x1a /usr/lib/gcc/avr/4.3.5/../../../avr/lib/avr51/crtm1280.o
                0x0000025c                __do_copy_data
 .init4         0x00000276       0x10 /usr/lib/gcc/avr/4.3.5/avr51/libgcc.a(_clear_bss.o)
                0x00000276                __do_clear_bss
 *(.init4)
 *(.init5)
 *(.init5)
 *(.init6)
 .init6         0x00000286       0x16 /usr/lib/gcc/avr/4.3.5/avr51/libgcc.a(_ctors.o)
                0x00000286                __do_global_ctors
 *(.init6)
 *(.init7)
 *(.init7)
 *(.init8)
 *(.init8)
 *(.init9)
 .init9         0x0000029c        0x8 /usr/lib/gcc/avr/4.3.5/../../../avr/lib/avr51/crtm1280.o
 *(.init9)
 *(.text)
 .text          0x000002a4        0x4 /usr/lib/gcc/avr/4.3.5/../../../avr/lib/avr51/crtm1280.o
                0x000002a4                __vector_38
                0x000002a4                __vector_22
                0x000002a4                __vector_28
                0x000002a4                __vector_32
                0x000002a4                __vector_34
                0x000002a4                __vector_24
                0x000002a4                __vector_12
                0x000002a4                __vector_55
                0x000002a4                __vector_46
                0x000002a4                __bad_interrupt
                0x000002a4                __vector_31
                0x000002a4                __vector_35
                0x000002a4                __vector_39
                0x000002a4                __vector_30
                0x000002a4                __vector_45
                0x000002a4                __vector_11
                0x000002a4                __vector_19
                0x000002a4                __vector_56
                0x000002a4                __vector_49
                0x000002a4                __vector_41
                0x000002a4                __vector_43
                0x000002a4                __vector_27
                0x000002a4                __vector_33
                0x000002a4                __vector_47
                0x000002a4                __vector_52
                0x000002a4                __vector_37
                0x000002a4                __vector_44
                0x000002a4                __vector_9
                0x000002a4                __vector_21
                0x000002a4                __vector_15
                0x000002a4                __vector_29
                0x000002a4                __vector_40
                0x000002a4                __vector_26
                0x000002a4                __vector_48
                0x000002a4                __vector_14
                0x000002a4                __vector_53
                0x000002a4                __vector_10
                0x000002a4                __vector_50
                0x000002a4                __vector_16
                0x000002a4                __vector_18
                0x000002a4                __vector_20
                0x000002a4                __vector_42
 .text          0x000002a8     0x231e ./src/cartesian_dda.o
                0x000002a8                cartesian_dda::calculate_feedrate_delay(float const&)
                0x000004ac                cartesian_dda::eCanStep(long, long, bool)
                0x00000516                cartesian_dda::fCanStep(long, long, bool)
                0x000005da                cartesian_dda::do_x_step()
                0x00000602                cartesian_dda::do_y_step()
                0x0000062a                cartesian_dda::do_z_step()
                0x00000652                cartesian_dda::disable_steppers()
                0x00000682                cartesian_dda::shutdown()
                0x000006ba                cartesian_dda::enable_steppers()
                0x00000762                cartesian_dda::dda_start()
                0x00000846                cartesian_dda::xCanStep(long, long, bool)
                0x00000902                cartesian_dda::yCanStep(long, long, bool)
                0x000009be                cartesian_dda::zCanStep(long, long, bool)
                0x00000a7a                cartesian_dda::do_e_step()
                0x00000aae                cartesian_dda::dda_step()
                0x00001432                cartesian_dda::set_target(FloatPoint const&)
                0x000021a8                cartesian_dda::set_units()
                0x000022d0                cartesian_dda::set_units(bool)
                0x000022fe                cartesian_dda::cartesian_dda()
                0x00002462                cartesian_dda::cartesian_dda()
 .text          0x000025c6       0x5a ./src/fancy.o
 .text          0x00002620      0xe80 ./src/firmware.o
                0x00002620                setTimerResolution(unsigned char)
                0x00002726                getTimerCeiling(long const&)
                0x00002886                getTimerResolution(long const&)
                0x00002950                delayMicrosecondsInterruptible(unsigned int)
                0x000029b0                enableTimerInterrupt()
                0x000029cc                disableTimerInterrupt()
                0x000029e8                setTimerCeiling(unsigned int)
                0x00002a0c                setupTimerInterrupt()
                0x00002ab0                setTimer(long)
                0x00002b94                blink()
                0x00002bc8                handle_heater_out(char*, temperature_sensor*, int)
                0x00002c80                manage()
                0x00002d56                loop
                0x00002df6                cancelAndClearQueue()
                0x00002e42                shutdown()
                0x00002e82                qEmpty()
                0x00002ed2                dQMove()
                0x00002f1e                __vector_17
                0x00002ff6                init_extruder(int, int, int, int, int, int, int)
                0x000031e8                setup
 .text          0x000034a0       0xee ./src/hostcom.o
                0x000034a0                hostcom::reset()
                0x00003508                hostcom::hostcom()
 .text          0x0000358e       0x16 ./src/main.o
                0x0000358e                main
 .text          0x000035a4     0x1e7a ./src/process_g_code.o
                0x000035a4                init_process_string()
                0x000035ba                setupGcodeProcessor()
                0x0000363a                scan_long(char*, long*, unsigned int*, unsigned int)
                0x000036ee                scan_int(char*, int*, unsigned int*, unsigned int)
                0x00003792                scan_float(char*, float*, unsigned int*, unsigned int)
                0x0000384a                parse_string(GcodeParser*, char*, int)
                0x00003cf4                specialMoveZ(float const&, float const&)
                0x00003da2                zeroZ()
                0x00003f58                specialMoveY(float const&, float const&)
                0x00004006                zeroY()
                0x000041a4                specialMoveX(float const&, float const&)
                0x00004252                zeroX()
                0x00004408                process_string(char*, int)
                0x000052ae                get_and_do_command()
 .text          0x0000541e      0x27e ./src/toolhead_stepper.o
                0x0000541e                pump_toolhead_extruder(void*, unsigned long)
                0x00005450                toolhead_stepper_data(toolhead*)
                0x00005470                set_toolhead_steper_speed(toolhead*, int)
                0x000054b0                set_toolhead_steper_steps_per_mm(toolhead*, int)
                0x0000554a                set_toolhead_steper_enable(toolhead*, int)
                0x0000558e                set_toolhead_stepper_direction(toolhead*, int)
                0x000055d2                step_toolhead_stepper(toolhead_stepper_data*)
                0x00005638                init_toolhead_stepper(toolhead_stepper_data*)
 .text          0x0000569c       0x5a ./src/vectors.o
 .text          0x000056f6      0xac8 ./lib/arduino/HardwareSerial.o
                0x000056f6                store_char(unsigned char, ring_buffer*)
                0x00005778                __vector_25
                0x000057ec                __vector_36
                0x00005860                __vector_51
                0x000058d4                __vector_54
                0x00005948                Print::Print()
                0x0000596c                Stream::Stream()
                0x00005998                HardwareSerial::HardwareSerial(ring_buffer*, unsigned char volatile*, unsigned char volatile*, unsigned char volatile*, unsigned char volatile*, unsigned char volatile*, unsigned char, unsigned char, unsigned char, unsigned char, unsigned char)
                0x00005a82                HardwareSerial::HardwareSerial(ring_buffer*, unsigned char volatile*, unsigned char volatile*, unsigned char volatile*, unsigned char volatile*, unsigned char volatile*, unsigned char, unsigned char, unsigned char, unsigned char, unsigned char)
                0x00005b6c                HardwareSerial::begin(unsigned long)
                0x00005d08                HardwareSerial::end()
                0x00005dbe                HardwareSerial::available()
                0x00005e0c                HardwareSerial::peek()
                0x00005e8c                HardwareSerial::read()
                0x00005f3e                HardwareSerial::flush()
                0x00005f7a                HardwareSerial::write(unsigned char)
 .text          0x000061be      0xa7c ./lib/arduino/Print.o
                0x000061be                String::length() const
                0x000061de                Print::write(char const*)
                0x00006234                Print::write(unsigned char const*, unsigned int)
                0x000062ae                Print::print(char const*)
                0x000062ee                Print::printNumber(unsigned long, unsigned char)
                0x0000647c                Print::print(unsigned long, int)
                0x000064ee                Print::print(unsigned int, int)
                0x00006536                Print::print(unsigned char, int)
                0x0000657a                Print::print(long, int)
                0x00006646                Print::print(int, int)
                0x00006692                Print::print(char, int)
                0x000066d6                Print::println()
                0x0000670a                Print::println(unsigned long, int)
                0x00006762                Print::println(unsigned int, int)
                0x000067a8                Print::println(int, int)
                0x000067ee                Print::println(unsigned char, int)
                0x0000682e                Print::println(char const*)
                0x00006866                Print::println(char, int)
                0x000068a6                Print::println(long, int)
                0x000068fe                Print::printFloat(double, unsigned char)
                0x00006ace                Print::print(double, int)
                0x00006b1c                Print::println(double, int)
                0x00006b74                Print::print(String const&)
                0x00006c02                Print::println(String const&)
 .text          0x00006c3a      0xd50 ./lib/arduino/Tone.o
                0x000071ca                disableTimer(unsigned char)
                0x00007292                noTone(unsigned char)
                0x0000731e                __vector_13
                0x00007414                tone(unsigned char, unsigned int, unsigned long)
 .text          0x0000798a      0x6e4 ./lib/arduino/WInterrupts.o
                0x0000798a                attachInterrupt
                0x00007bc2                detachInterrupt
                0x00007cde                __vector_1
                0x00007d50                __vector_2
                0x00007dc2                __vector_3
                0x00007e34                __vector_4
                0x00007ea6                __vector_5
                0x00007f18                __vector_6
                0x00007f8a                __vector_7
                0x00007ffc                __vector_8
 .text          0x0000806e      0x2aa ./lib/arduino/WMath.o
                0x0000806e                map(long, long, long, long, long)
                0x00008150                makeWord(unsigned int)
                0x0000816c                makeWord(unsigned char, unsigned char)
                0x00008198                random(long)
                0x00008210                random(long, long)
                0x000082e6                randomSeed(unsigned int)
 .text          0x00008318     0x1b34 ./lib/arduino/WString.o
                0x00008338                String::setCharAt(unsigned int, char)
                0x00008394                String::operator[](unsigned int)
                0x00008402                String::operator[](unsigned int) const
                0x00008438                String::charAt(unsigned int) const
                0x00008468                String::toInt()
                0x00008494                String::toCharArray(char*, unsigned int)
                0x00008526                String::getBytes(unsigned char*, unsigned int)
                0x000085b8                String::~String()
                0x000085f4                String::startsWith(String const&, unsigned int) const
                0x0000867c                String::startsWith(String const&) const
                0x000086d2                String::lastIndexOf(char, unsigned int) const
                0x000087aa                String::lastIndexOf(char) const
                0x000087e2                String::indexOf(String const&, unsigned int) const
                0x0000887e                String::indexOf(String const&) const
                0x000088b2                String::indexOf(char, unsigned int) const
                0x0000894e                String::indexOf(char) const
                0x0000897a                String::equals(String const&) const
                0x000089da                String::endsWith(String const&) const
                0x00008a58                String::operator>=(String const&) const
                0x00008aaa                String::operator<=(String const&) const
                0x00008afe                String::operator>(String const&) const
                0x00008b52                String::operator<(String const&) const
                0x00008ba4                String::operator!=(String const&) const
                0x00008c10                String::operator==(String const&) const
                0x00008c74                String::compareTo(String const&) const
                0x00008cac                String::operator+=(String const&)
                0x00008da0                String::concat(String const&)
                0x00008dd0                String::getBuffer(unsigned int)
                0x00008e38                String::operator=(String const&)
                0x00008eea                String::String(unsigned char)
                0x00008f48                String::String(unsigned char)
                0x00008fa6                String::String(char)
                0x00009004                String::String(char)
                0x00009062                String::String(String const&)
                0x000090c8                String::String(String const&)
                0x0000912e                String::String(unsigned long, int)
                0x000091c2                String::String(unsigned long, int)
                0x00009256                String::String(unsigned int, int)
                0x000092ea                String::String(unsigned int, int)
                0x0000937e                String::String(char const*)
                0x000093f0                String::toUpperCase() const
                0x00009494                String::toLowerCase() const
                0x00009538                String::equalsIgnoreCase(String const&) const
                0x000095e4                String::substring(unsigned int, unsigned int) const
                0x000096c2                String::substring(unsigned int) const
                0x0000970e                String::lastIndexOf(String const&, unsigned int) const
                0x0000983a                String::lastIndexOf(String const&) const
                0x00009880                String::trim() const
                0x00009992                String::replace(String const&, String const&)
                0x00009ae4                String::replace(char, char)
                0x00009b9e                String::String(char const*)
                0x00009c10                String::String(long, int)
                0x00009ca6                String::String(long, int)
                0x00009d3c                String::String(int, int)
                0x00009dc4                String::String(int, int)
 .text          0x00009e4c        0x0 ./lib/arduino/pins_arduino.o
 .text          0x00009e4c      0x41e ./lib/arduino/wiring.o
                0x00009e4c                __vector_23
                0x00009f2c                millis
                0x00009f80                micros
                0x0000a036                delay
                0x0000a0bc                delayMicroseconds
                0x0000a10c                init
 .text          0x0000a26a      0x3d2 ./lib/arduino/wiring_analog.o
                0x0000a26a                analogReference
                0x0000a284                analogRead
                0x0000a344                analogWrite
 .text          0x0000a63c      0x49e ./lib/arduino/wiring_digital.o
                0x0000a63c                pinMode
                0x0000a8fe                digitalWrite
                0x0000aa06                digitalRead
 .text          0x0000aada      0x2a2 ./lib/arduino/wiring_pulse.o
                0x0000aada                pulseIn
 .text          0x0000ad7c      0x142 ./lib/arduino/wiring_shift.o
                0x0000ad7c                shiftIn
                0x0000ae1c                shiftOut
 .text          0x0000aebe      0x5cc ./lib/WiringSerial/wiring_serial.o
                0x0000aebe                beginSerial
                0x0000afb0                serialWrite
                0x0000afde                serialAvailable
                0x0000b014                serialRead
                0x0000b088                serialFlush
                0x0000b0a6                USART_RX_vect
                0x0000b158                printByte
                0x0000b172                printString
                0x0000b1ac                printPgmString
                0x0000b1fc                printIntegerInBase
                0x0000b374                printInteger
                0x0000b3de                printFloat
 .text          0x0000b48a        0x0 /usr/lib/gcc/avr/4.3.5/avr51/libgcc.a(_mulsi3.o)
 .text          0x0000b48a        0x0 /usr/lib/gcc/avr/4.3.5/avr51/libgcc.a(_divmodhi4.o)
 .text          0x0000b48a        0x0 /usr/lib/gcc/avr/4.3.5/avr51/libgcc.a(_udivmodsi4.o)
 .text          0x0000b48a        0x0 /usr/lib/gcc/avr/4.3.5/avr51/libgcc.a(_divmodsi4.o)
 .text          0x0000b48a        0x0 /usr/lib/gcc/avr/4.3.5/avr51/libgcc.a(_exit.o)
 .text          0x0000b48a        0x0 /usr/lib/gcc/avr/4.3.5/avr51/libgcc.a(_clear_bss.o)
 .text          0x0000b48a        0x0 /usr/lib/gcc/avr/4.3.5/avr51/libgcc.a(_ctors.o)
 .text          0x0000b48a       0x58 /usr/lib/gcc/avr/4.3.5/avr51/libgcc.a(_fixunssfsi.o)
                0x0000b48a                __fixunssfsi
 .text          0x0000b4e2      0x354 /usr/lib/gcc/avr/4.3.5/avr51/libgcc.a(_addsub_sf.o)
                0x0000b77a                __subsf3
                0x0000b7dc                __addsf3
 .text          0x0000b836      0x1f4 /usr/lib/gcc/avr/4.3.5/avr51/libgcc.a(_mul_sf.o)
                0x0000b836                __mulsf3
 .text          0x0000ba2a      0x158 /usr/lib/gcc/avr/4.3.5/avr51/libgcc.a(_div_sf.o)
                0x0000ba2a                __divsf3
 .text          0x0000bb82       0x60 /usr/lib/gcc/avr/4.3.5/avr51/libgcc.a(_ge_sf.o)
                0x0000bb82                __gesf2
 .text          0x0000bbe2       0x60 /usr/lib/gcc/avr/4.3.5/avr51/libgcc.a(_lt_sf.o)
                0x0000bbe2                __ltsf2
 .text          0x0000bc42       0xbc /usr/lib/gcc/avr/4.3.5/avr51/libgcc.a(_si_to_sf.o)
                0x0000bc42                __floatsisf
 .text          0x0000bcfe       0xa8 /usr/lib/gcc/avr/4.3.5/avr51/libgcc.a(_sf_to_si.o)
                0x0000bcfe                __fixsfsi
 .text          0x0000bda6        0x0 /usr/lib/gcc/avr/4.3.5/avr51/libgcc.a(_thenan_sf.o)
 .text          0x0000bda6       0xf2 /usr/lib/gcc/avr/4.3.5/avr51/libgcc.a(_usi_to_sf.o)
                0x0000bda6                __floatunsisf
 .text          0x0000be98        0x0 /usr/lib/gcc/avr/4.3.5/avr51/libgcc.a(_udivmodhi4.o)
 .text          0x0000be98        0x0 /usr/lib/gcc/avr/4.3.5/avr51/libgcc.a(_prologue.o)
 .text          0x0000be98        0x0 /usr/lib/gcc/avr/4.3.5/avr51/libgcc.a(_epilogue.o)
 .text          0x0000be98        0x0 /usr/lib/gcc/avr/4.3.5/avr51/libgcc.a(_tablejump.o)
 .text          0x0000be98       0x9e /usr/lib/gcc/avr/4.3.5/avr51/libgcc.a(_clzsi2.o)
                0x0000be98                __clzsi2
 .text          0x0000bf36      0x1aa /usr/lib/gcc/avr/4.3.5/avr51/libgcc.a(_pack_sf.o)
                0x0000bf36                __pack_f
 .text          0x0000c0e0       0xf0 /usr/lib/gcc/avr/4.3.5/avr51/libgcc.a(_unpack_sf.o)
                0x0000c0e0                __unpack_f
 .text          0x0000c1d0       0xb2 /usr/lib/gcc/avr/4.3.5/avr51/libgcc.a(_fpcmp_parts_sf.o)
                0x0000c1d0                __fpcmp_parts_f
 .text          0x0000c282        0x0 /usr/lib/gcc/avr/4.3.5/avr51/libgcc.a(_clz.o)
 .text          0x0000c282        0x0 /usr/lib/gcc/avr/4.3.5/../../../avr/lib/avr51/libm.a(modf.o)
 .text          0x0000c282        0x0 /usr/lib/gcc/avr/4.3.5/../../../avr/lib/avr51/libm.a(round.o)
 .text          0x0000c282        0x0 /usr/lib/gcc/avr/4.3.5/../../../avr/lib/avr51/libm.a(sqrt.o)
 .text          0x0000c282        0x0 /usr/lib/gcc/avr/4.3.5/../../../avr/lib/avr51/libm.a(fp_mintl.o)
 .text          0x0000c282        0x0 /usr/lib/gcc/avr/4.3.5/../../../avr/lib/avr51/libm.a(fp_mpack.o)
 .text          0x0000c282        0x0 /usr/lib/gcc/avr/4.3.5/../../../avr/lib/avr51/libm.a(fp_nan.o)
 .text          0x0000c282        0x0 /usr/lib/gcc/avr/4.3.5/../../../avr/lib/avr51/libm.a(fp_norm2.o)
 .text          0x0000c282        0x0 /usr/lib/gcc/avr/4.3.5/../../../avr/lib/avr51/libm.a(fp_split3.o)
 .text          0x0000c282        0x0 /usr/lib/gcc/avr/4.3.5/../../../avr/lib/avr51/libm.a(fp_zero.o)
 .text          0x0000c282        0x0 /usr/lib/gcc/avr/4.3.5/../../../avr/lib/avr51/libc.a(malloc.o)
 .text          0x0000c282        0x0 /usr/lib/gcc/avr/4.3.5/../../../avr/lib/avr51/libc.a(random.o)
 .text          0x0000c282        0x0 /usr/lib/gcc/avr/4.3.5/../../../avr/lib/avr51/libc.a(realloc.o)
 .text          0x0000c282        0x0 /usr/lib/gcc/avr/4.3.5/../../../avr/lib/avr51/libc.a(strtod.o)
 .text          0x0000c282        0x0 /usr/lib/gcc/avr/4.3.5/../../../avr/lib/avr51/libc.a(strtol.o)
 .text          0x0000c282        0x0 /usr/lib/gcc/avr/4.3.5/../../../avr/lib/avr51/libc.a(atol.o)
 .text          0x0000c282        0x0 /usr/lib/gcc/avr/4.3.5/../../../avr/lib/avr51/libc.a(isspace.o)
 .text          0x0000c282        0x0 /usr/lib/gcc/avr/4.3.5/../../../avr/lib/avr51/libc.a(tolower.o)
 .text          0x0000c282        0x0 /usr/lib/gcc/avr/4.3.5/../../../avr/lib/avr51/libc.a(toupper.o)
 .text          0x0000c282        0x0 /usr/lib/gcc/avr/4.3.5/../../../avr/lib/avr51/libc.a(strncasecmp_P.o)
 .text          0x0000c282        0x0 /usr/lib/gcc/avr/4.3.5/../../../avr/lib/avr51/libc.a(memcpy.o)
 .text          0x0000c282        0x0 /usr/lib/gcc/avr/4.3.5/../../../avr/lib/avr51/libc.a(strcat.o)
 .text          0x0000c282        0x0 /usr/lib/gcc/avr/4.3.5/../../../avr/lib/avr51/libc.a(strchr.o)
 .text          0x0000c282        0x0 /usr/lib/gcc/avr/4.3.5/../../../avr/lib/avr51/libc.a(strcmp.o)
 .text          0x0000c282        0x0 /usr/lib/gcc/avr/4.3.5/../../../avr/lib/avr51/libc.a(strcpy.o)
 .text          0x0000c282        0x0 /usr/lib/gcc/avr/4.3.5/../../../avr/lib/avr51/libc.a(strlen.o)
 .text          0x0000c282        0x0 /usr/lib/gcc/avr/4.3.5/../../../avr/lib/avr51/libc.a(strncmp.o)
 .text          0x0000c282        0x0 /usr/lib/gcc/avr/4.3.5/../../../avr/lib/avr51/libc.a(strncpy.o)
 .text          0x0000c282        0x0 /usr/lib/gcc/avr/4.3.5/../../../avr/lib/avr51/libc.a(strrchr.o)
 .text          0x0000c282        0x0 /usr/lib/gcc/avr/4.3.5/../../../avr/lib/avr51/libc.a(strstr.o)
 .text          0x0000c282        0x0 /usr/lib/gcc/avr/4.3.5/../../../avr/lib/avr51/libc.a(itoa.o)
 .text          0x0000c282        0x0 /usr/lib/gcc/avr/4.3.5/../../../avr/lib/avr51/libc.a(ltoa.o)
 .text          0x0000c282        0x0 /usr/lib/gcc/avr/4.3.5/../../../avr/lib/avr51/libc.a(mulsi10.o)
 .text          0x0000c282        0x0 /usr/lib/gcc/avr/4.3.5/../../../avr/lib/avr51/libc.a(ultoa.o)
 .text          0x0000c282        0x0 /usr/lib/gcc/avr/4.3.5/../../../avr/lib/avr51/libc.a(sprintf.o)
 .text          0x0000c282        0x0 /usr/lib/gcc/avr/4.3.5/../../../avr/lib/avr51/libc.a(cmpsf2.o)
 .text          0x0000c282        0x0 /usr/lib/gcc/avr/4.3.5/../../../avr/lib/avr51/libc.a(fp_cmp.o)
 .text          0x0000c282        0x0 /usr/lib/gcc/avr/4.3.5/../../../avr/lib/avr51/libc.a(vfprintf_std.o)
 .text          0x0000c282        0x0 /usr/lib/gcc/avr/4.3.5/../../../avr/lib/avr51/libc.a(errno.o)
 .text          0x0000c282        0x0 /usr/lib/gcc/avr/4.3.5/../../../avr/lib/avr51/libc.a(cty_isfalse.o)
 .text          0x0000c282        0x0 /usr/lib/gcc/avr/4.3.5/../../../avr/lib/avr51/libc.a(strnlen_P.o)
 .text          0x0000c282        0x0 /usr/lib/gcc/avr/4.3.5/../../../avr/lib/avr51/libc.a(strnlen.o)
 .text          0x0000c282        0x0 /usr/lib/gcc/avr/4.3.5/../../../avr/lib/avr51/libc.a(strrev.o)
 .text          0x0000c282        0x0 /usr/lib/gcc/avr/4.3.5/../../../avr/lib/avr51/libc.a(fputc.o)
 .text          0x0000c282        0x0 /usr/lib/gcc/avr/4.3.5/../../../avr/lib/avr51/libc.a(ultoa_invert.o)
                0x0000c282                . = ALIGN (0x2)
 *(.text.*)
 .text.libgcc   0x0000c282       0x3e /usr/lib/gcc/avr/4.3.5/avr51/libgcc.a(_mulsi3.o)
                0x0000c282                __mulsi3
 .text.libgcc   0x0000c2c0       0x26 /usr/lib/gcc/avr/4.3.5/avr51/libgcc.a(_divmodhi4.o)
                0x0000c2c0                __divmodhi4
                0x0000c2c0                _div
 .text.libgcc   0x0000c2e6       0x44 /usr/lib/gcc/avr/4.3.5/avr51/libgcc.a(_udivmodsi4.o)
                0x0000c2e6                __udivmodsi4
 .text.libgcc   0x0000c32a       0x36 /usr/lib/gcc/avr/4.3.5/avr51/libgcc.a(_divmodsi4.o)
                0x0000c32a                __divmodsi4
 .text.libgcc   0x0000c360        0x0 /usr/lib/gcc/avr/4.3.5/avr51/libgcc.a(_exit.o)
 .text.libgcc   0x0000c360        0x0 /usr/lib/gcc/avr/4.3.5/avr51/libgcc.a(_clear_bss.o)
 .text.libgcc   0x0000c360        0x0 /usr/lib/gcc/avr/4.3.5/avr51/libgcc.a(_ctors.o)
 .text.libgcc   0x0000c360       0x28 /usr/lib/gcc/avr/4.3.5/avr51/libgcc.a(_udivmodhi4.o)
                0x0000c360                __udivmodhi4
 .text.libgcc   0x0000c388       0x38 /usr/lib/gcc/avr/4.3.5/avr51/libgcc.a(_prologue.o)
                0x0000c388                __prologue_saves__
 .text.libgcc   0x0000c3c0       0x36 /usr/lib/gcc/avr/4.3.5/avr51/libgcc.a(_epilogue.o)
                0x0000c3c0                __epilogue_restores__
 .text.libgcc   0x0000c3f6        0xc /usr/lib/gcc/avr/4.3.5/avr51/libgcc.a(_tablejump.o)
                0x0000c3f6                __tablejump2__
                0x0000c3fa                __tablejump__
 .text.avr-libc.fplib
                0x0000c402       0x66 /usr/lib/gcc/avr/4.3.5/../../../avr/lib/avr51/libm.a(modf.o)
                0x0000c402                modff
                0x0000c402                modf
 .text.avr-libc.fplib
                0x0000c468       0x40 /usr/lib/gcc/avr/4.3.5/../../../avr/lib/avr51/libm.a(round.o)
                0x0000c468                round
 .text.avr-libc.fplib
                0x0000c4a8       0x84 /usr/lib/gcc/avr/4.3.5/../../../avr/lib/avr51/libm.a(sqrt.o)
                0x0000c4b0                sqrt
 .text.avr-libc.fplib
                0x0000c52c       0x36 /usr/lib/gcc/avr/4.3.5/../../../avr/lib/avr51/libm.a(fp_mintl.o)
                0x0000c52c                __fp_mintl
 .text.avr-libc.fplib
                0x0000c562       0x1c /usr/lib/gcc/avr/4.3.5/../../../avr/lib/avr51/libm.a(fp_mpack.o)
                0x0000c562                __fp_mpack
                0x0000c566                __fp_mpack_finite
 .text.avr-libc.fplib
                0x0000c57e        0x6 /usr/lib/gcc/avr/4.3.5/../../../avr/lib/avr51/libm.a(fp_nan.o)
                0x0000c57e                __fp_nan
 .text.avr-libc.fplib
                0x0000c584        0xe /usr/lib/gcc/avr/4.3.5/../../../avr/lib/avr51/libm.a(fp_norm2.o)
                0x0000c584                __fp_norm2
 .text.avr-libc.fplib
                0x0000c592       0x44 /usr/lib/gcc/avr/4.3.5/../../../avr/lib/avr51/libm.a(fp_split3.o)
                0x0000c592                __fp_split3
                0x0000c5a2                __fp_splitA
 .text.avr-libc.fplib
                0x0000c5d6        0xe /usr/lib/gcc/avr/4.3.5/../../../avr/lib/avr51/libm.a(fp_zero.o)
                0x0000c5d6                __fp_zero
                0x0000c5d8                __fp_szero
 .text.avr-libc
                0x0000c5e4      0x20a /usr/lib/gcc/avr/4.3.5/../../../avr/lib/avr51/libc.a(malloc.o)
                0x0000c5e4                malloc
                0x0000c73e                free
 .text.avr-libc
                0x0000c7ee       0xd6 /usr/lib/gcc/avr/4.3.5/../../../avr/lib/avr51/libc.a(random.o)
                0x0000c8a2                random_r
                0x0000c8a8                random
                0x0000c8b2                srandom
 .text.avr-libc
                0x0000c8c4      0x1b8 /usr/lib/gcc/avr/4.3.5/../../../avr/lib/avr51/libc.a(realloc.o)
                0x0000c8c4                realloc
 .text.avr-libc
                0x0000ca7c      0x2dc /usr/lib/gcc/avr/4.3.5/../../../avr/lib/avr51/libc.a(strtod.o)
                0x0000ca7c                strtod
 .text.avr-libc
                0x0000cd58      0x25e /usr/lib/gcc/avr/4.3.5/../../../avr/lib/avr51/libc.a(strtol.o)
                0x0000cd58                strtol
 .text.avr-libc
                0x0000cfb6       0x4e /usr/lib/gcc/avr/4.3.5/../../../avr/lib/avr51/libc.a(atol.o)
                0x0000cfb6                atol
 .text.avr-libc
                0x0000d004       0x10 /usr/lib/gcc/avr/4.3.5/../../../avr/lib/avr51/libc.a(isspace.o)
                0x0000d004                isspace
 .text.avr-libc
                0x0000d014       0x10 /usr/lib/gcc/avr/4.3.5/../../../avr/lib/avr51/libc.a(tolower.o)
                0x0000d014                tolower
 .text.avr-libc
                0x0000d024       0x10 /usr/lib/gcc/avr/4.3.5/../../../avr/lib/avr51/libc.a(toupper.o)
                0x0000d024                toupper
 .text.avr-libc
                0x0000d034       0x30 /usr/lib/gcc/avr/4.3.5/../../../avr/lib/avr51/libc.a(strncasecmp_P.o)
                0x0000d034                strncasecmp_P
 .text.avr-libc
                0x0000d064       0x12 /usr/lib/gcc/avr/4.3.5/../../../avr/lib/avr51/libc.a(memcpy.o)
                0x0000d064                memcpy
 .text.avr-libc
                0x0000d076       0x16 /usr/lib/gcc/avr/4.3.5/../../../avr/lib/avr51/libc.a(strcat.o)
                0x0000d076                strcat
 .text.avr-libc
                0x0000d08c       0x16 /usr/lib/gcc/avr/4.3.5/../../../avr/lib/avr51/libc.a(strchr.o)
                0x0000d08c                strchr
 .text.avr-libc
                0x0000d0a2       0x12 /usr/lib/gcc/avr/4.3.5/../../../avr/lib/avr51/libc.a(strcmp.o)
                0x0000d0a2                strcmp
 .text.avr-libc
                0x0000d0b4        0xe /usr/lib/gcc/avr/4.3.5/../../../avr/lib/avr51/libc.a(strcpy.o)
                0x0000d0b4                strcpy
 .text.avr-libc
                0x0000d0c2       0x12 /usr/lib/gcc/avr/4.3.5/../../../avr/lib/avr51/libc.a(strlen.o)
                0x0000d0c2                strlen
 .text.avr-libc
                0x0000d0d4       0x1c /usr/lib/gcc/avr/4.3.5/../../../avr/lib/avr51/libc.a(strncmp.o)
                0x0000d0d4                strncmp
 .text.avr-libc
                0x0000d0f0       0x1e /usr/lib/gcc/avr/4.3.5/../../../avr/lib/avr51/libc.a(strncpy.o)
                0x0000d0f0                strncpy
 .text.avr-libc
                0x0000d10e       0x16 /usr/lib/gcc/avr/4.3.5/../../../avr/lib/avr51/libc.a(strrchr.o)
                0x0000d10e                strrchr
 .text.avr-libc
                0x0000d124       0x34 /usr/lib/gcc/avr/4.3.5/../../../avr/lib/avr51/libc.a(strstr.o)
                0x0000d124                strstr
 .text.avr-libc
                0x0000d158       0x42 /usr/lib/gcc/avr/4.3.5/../../../avr/lib/avr51/libc.a(itoa.o)
                0x0000d158                itoa
 .text.avr-libc
                0x0000d19a       0x68 /usr/lib/gcc/avr/4.3.5/../../../avr/lib/avr51/libc.a(ltoa.o)
                0x0000d19a                ltoa
 .text.avr-libc
                0x0000d202       0x2a /usr/lib/gcc/avr/4.3.5/../../../avr/lib/avr51/libc.a(mulsi10.o)
                0x0000d202                __mulsi_const_10
 .text.avr-libc
                0x0000d22c       0x4a /usr/lib/gcc/avr/4.3.5/../../../avr/lib/avr51/libc.a(ultoa.o)
                0x0000d22c                ultoa
 .text.avr-libc
                0x0000d276       0x62 /usr/lib/gcc/avr/4.3.5/../../../avr/lib/avr51/libc.a(sprintf.o)
                0x0000d276                sprintf
 .text.avr-libc.fplib
                0x0000d2d8        0x8 /usr/lib/gcc/avr/4.3.5/../../../avr/lib/avr51/libc.a(cmpsf2.o)
                0x0000d2d8                __lesf2
                0x0000d2d8                __nesf2
                0x0000d2d8                __eqsf2
                0x0000d2d8                __cmpsf2
 .text.avr-libc.fplib
                0x0000d2e0       0x48 /usr/lib/gcc/avr/4.3.5/../../../avr/lib/avr51/libc.a(fp_cmp.o)
                0x0000d2e0                __fp_cmp
 .text.avr-libc
                0x0000d328      0x40c /usr/lib/gcc/avr/4.3.5/../../../avr/lib/avr51/libc.a(vfprintf_std.o)
                0x0000d328                vfprintf
 .text.avr-libc
                0x0000d734        0x6 /usr/lib/gcc/avr/4.3.5/../../../avr/lib/avr51/libc.a(cty_isfalse.o)
                0x0000d734                __ctype_isfalse
                0x0000d738                __ctype_istrue
 .text.avr-libc
                0x0000d73a       0x16 /usr/lib/gcc/avr/4.3.5/../../../avr/lib/avr51/libc.a(strnlen_P.o)
                0x0000d73a                strnlen_P
 .text.avr-libc
                0x0000d750       0x16 /usr/lib/gcc/avr/4.3.5/../../../avr/lib/avr51/libc.a(strnlen.o)
                0x0000d750                strnlen
 .text.avr-libc
                0x0000d766       0x20 /usr/lib/gcc/avr/4.3.5/../../../avr/lib/avr51/libc.a(strrev.o)
                0x0000d766                strrev
 .text.avr-libc
                0x0000d786       0x58 /usr/lib/gcc/avr/4.3.5/../../../avr/lib/avr51/libc.a(fputc.o)
                0x0000d786                fputc
 .text.avr-libc
                0x0000d7de       0xbc /usr/lib/gcc/avr/4.3.5/../../../avr/lib/avr51/libc.a(ultoa_invert.o)
                0x0000d7de                __ultoa_invert
                0x0000d89a                . = ALIGN (0x2)
 *(.fini9)
 .fini9         0x0000d89a        0x0 /usr/lib/gcc/avr/4.3.5/avr51/libgcc.a(_exit.o)
                0x0000d89a                exit
                0x0000d89a                _exit
 *(.fini9)
 *(.fini8)
 *(.fini8)
 *(.fini7)
 *(.fini7)
 *(.fini6)
 *(.fini6)
 *(.fini5)
 *(.fini5)
 *(.fini4)
 *(.fini4)
 *(.fini3)
 *(.fini3)
 *(.fini2)
 *(.fini2)
 *(.fini1)
 *(.fini1)
 *(.fini0)
 .fini0         0x0000d89a        0x4 /usr/lib/gcc/avr/4.3.5/avr51/libgcc.a(_exit.o)
 *(.fini0)
                0x0000d89e                _etext = .

.data           0x00800200      0x34c load address 0x0000d89e
                0x00800200                PROVIDE (__data_start, .)
 *(.data)
 .data          0x00800200        0x0 /usr/lib/gcc/avr/4.3.5/../../../avr/lib/avr51/crtm1280.o
 .data          0x00800200        0x0 ./src/cartesian_dda.o
 .data          0x00800200        0x0 ./src/fancy.o
 .data          0x00800200       0x90 ./src/firmware.o
                0x00800281                EXTRUDER_NAME
                0x0080028e                HEATED_BED_NAME
 .data          0x00800290        0x0 ./src/hostcom.o
 .data          0x00800290        0x0 ./src/main.o
 .data          0x00800290      0x167 ./src/process_g_code.o
                0x008003f2                c
                0x008003f3                SendDebug
                0x008003f4                last_gcode_g
                0x008003f6                abs_mode
 .data          0x008003f7        0x0 ./src/toolhead_stepper.o
 .data          0x008003f7        0x0 ./src/vectors.o
 .data          0x008003f7       0x24 ./lib/arduino/HardwareSerial.o
                0x008003f7                vtable for HardwareSerial
                0x00800409                vtable for Stream
 .data          0x0080041b        0xc ./lib/arduino/Print.o
                0x0080041d                vtable for Print
 .data          0x00800427        0x1 ./lib/arduino/Tone.o
 .data          0x00800428        0x0 ./lib/arduino/WInterrupts.o
 .data          0x00800428        0x0 ./lib/arduino/WMath.o
 .data          0x00800428        0x1 ./lib/arduino/WString.o
 .data          0x00800429        0x4 ./lib/arduino/pins_arduino.o
 .data          0x0080042d        0x0 ./lib/arduino/wiring.o
 .data          0x0080042d        0x5 ./lib/arduino/wiring_analog.o
                0x00800431                analog_reference
 .data          0x00800432        0x4 ./lib/arduino/wiring_digital.o
 .data          0x00800436        0x4 ./lib/arduino/wiring_pulse.o
 .data          0x0080043a        0x0 ./lib/arduino/wiring_shift.o
 .data          0x0080043a        0x0 ./lib/WiringSerial/wiring_serial.o
 .data          0x0080043a        0x0 /usr/lib/gcc/avr/4.3.5/avr51/libgcc.a(_mulsi3.o)
 .data          0x0080043a        0x0 /usr/lib/gcc/avr/4.3.5/avr51/libgcc.a(_divmodhi4.o)
 .data          0x0080043a        0x0 /usr/lib/gcc/avr/4.3.5/avr51/libgcc.a(_udivmodsi4.o)
 .data          0x0080043a        0x0 /usr/lib/gcc/avr/4.3.5/avr51/libgcc.a(_divmodsi4.o)
 .data          0x0080043a        0x0 /usr/lib/gcc/avr/4.3.5/avr51/libgcc.a(_exit.o)
 .data          0x0080043a        0x0 /usr/lib/gcc/avr/4.3.5/avr51/libgcc.a(_clear_bss.o)
 .data          0x0080043a        0x0 /usr/lib/gcc/avr/4.3.5/avr51/libgcc.a(_ctors.o)
 .data          0x0080043a        0x0 /usr/lib/gcc/avr/4.3.5/avr51/libgcc.a(_fixunssfsi.o)
 .data          0x0080043a        0x0 /usr/lib/gcc/avr/4.3.5/avr51/libgcc.a(_addsub_sf.o)
 .data          0x0080043a        0x0 /usr/lib/gcc/avr/4.3.5/avr51/libgcc.a(_mul_sf.o)
 .data          0x0080043a        0x0 /usr/lib/gcc/avr/4.3.5/avr51/libgcc.a(_div_sf.o)
 .data          0x0080043a        0x0 /usr/lib/gcc/avr/4.3.5/avr51/libgcc.a(_ge_sf.o)
 .data          0x0080043a        0x0 /usr/lib/gcc/avr/4.3.5/avr51/libgcc.a(_lt_sf.o)
 .data          0x0080043a        0x0 /usr/lib/gcc/avr/4.3.5/avr51/libgcc.a(_si_to_sf.o)
 .data          0x0080043a        0x0 /usr/lib/gcc/avr/4.3.5/avr51/libgcc.a(_sf_to_si.o)
 .data          0x0080043a        0x8 /usr/lib/gcc/avr/4.3.5/avr51/libgcc.a(_thenan_sf.o)
                0x0080043a                __thenan_sf
 .data          0x00800442        0x0 /usr/lib/gcc/avr/4.3.5/avr51/libgcc.a(_usi_to_sf.o)
 .data          0x00800442        0x0 /usr/lib/gcc/avr/4.3.5/avr51/libgcc.a(_udivmodhi4.o)
 .data          0x00800442        0x0 /usr/lib/gcc/avr/4.3.5/avr51/libgcc.a(_prologue.o)
 .data          0x00800442        0x0 /usr/lib/gcc/avr/4.3.5/avr51/libgcc.a(_epilogue.o)
 .data          0x00800442        0x0 /usr/lib/gcc/avr/4.3.5/avr51/libgcc.a(_tablejump.o)
 .data          0x00800442        0x0 /usr/lib/gcc/avr/4.3.5/avr51/libgcc.a(_clzsi2.o)
 .data          0x00800442        0x0 /usr/lib/gcc/avr/4.3.5/avr51/libgcc.a(_pack_sf.o)
 .data          0x00800442        0x0 /usr/lib/gcc/avr/4.3.5/avr51/libgcc.a(_unpack_sf.o)
 .data          0x00800442        0x0 /usr/lib/gcc/avr/4.3.5/avr51/libgcc.a(_fpcmp_parts_sf.o)
 .data          0x00800442      0x100 /usr/lib/gcc/avr/4.3.5/avr51/libgcc.a(_clz.o)
                0x00800442                __clz_tab
 .data          0x00800542        0x0 /usr/lib/gcc/avr/4.3.5/../../../avr/lib/avr51/libm.a(modf.o)
 .data          0x00800542        0x0 /usr/lib/gcc/avr/4.3.5/../../../avr/lib/avr51/libm.a(round.o)
 .data          0x00800542        0x0 /usr/lib/gcc/avr/4.3.5/../../../avr/lib/avr51/libm.a(sqrt.o)
 .data          0x00800542        0x0 /usr/lib/gcc/avr/4.3.5/../../../avr/lib/avr51/libm.a(fp_mintl.o)
 .data          0x00800542        0x0 /usr/lib/gcc/avr/4.3.5/../../../avr/lib/avr51/libm.a(fp_mpack.o)
 .data          0x00800542        0x0 /usr/lib/gcc/avr/4.3.5/../../../avr/lib/avr51/libm.a(fp_nan.o)
 .data          0x00800542        0x0 /usr/lib/gcc/avr/4.3.5/../../../avr/lib/avr51/libm.a(fp_norm2.o)
 .data          0x00800542        0x0 /usr/lib/gcc/avr/4.3.5/../../../avr/lib/avr51/libm.a(fp_split3.o)
 .data          0x00800542        0x0 /usr/lib/gcc/avr/4.3.5/../../../avr/lib/avr51/libm.a(fp_zero.o)
 .data          0x00800542        0x6 /usr/lib/gcc/avr/4.3.5/../../../avr/lib/avr51/libc.a(malloc.o)
                0x00800542                __malloc_margin
                0x00800544                __malloc_heap_start
                0x00800546                __malloc_heap_end
 .data          0x00800548        0x4 /usr/lib/gcc/avr/4.3.5/../../../avr/lib/avr51/libc.a(random.o)
 .data          0x0080054c        0x0 /usr/lib/gcc/avr/4.3.5/../../../avr/lib/avr51/libc.a(realloc.o)
 .data          0x0080054c        0x0 /usr/lib/gcc/avr/4.3.5/../../../avr/lib/avr51/libc.a(strtod.o)
 .data          0x0080054c        0x0 /usr/lib/gcc/avr/4.3.5/../../../avr/lib/avr51/libc.a(strtol.o)
 .data          0x0080054c        0x0 /usr/lib/gcc/avr/4.3.5/../../../avr/lib/avr51/libc.a(atol.o)
 .data          0x0080054c        0x0 /usr/lib/gcc/avr/4.3.5/../../../avr/lib/avr51/libc.a(isspace.o)
 .data          0x0080054c        0x0 /usr/lib/gcc/avr/4.3.5/../../../avr/lib/avr51/libc.a(tolower.o)
 .data          0x0080054c        0x0 /usr/lib/gcc/avr/4.3.5/../../../avr/lib/avr51/libc.a(toupper.o)
 .data          0x0080054c        0x0 /usr/lib/gcc/avr/4.3.5/../../../avr/lib/avr51/libc.a(strncasecmp_P.o)
 .data          0x0080054c        0x0 /usr/lib/gcc/avr/4.3.5/../../../avr/lib/avr51/libc.a(memcpy.o)
 .data          0x0080054c        0x0 /usr/lib/gcc/avr/4.3.5/../../../avr/lib/avr51/libc.a(strcat.o)
 .data          0x0080054c        0x0 /usr/lib/gcc/avr/4.3.5/../../../avr/lib/avr51/libc.a(strchr.o)
 .data          0x0080054c        0x0 /usr/lib/gcc/avr/4.3.5/../../../avr/lib/avr51/libc.a(strcmp.o)
 .data          0x0080054c        0x0 /usr/lib/gcc/avr/4.3.5/../../../avr/lib/avr51/libc.a(strcpy.o)
 .data          0x0080054c        0x0 /usr/lib/gcc/avr/4.3.5/../../../avr/lib/avr51/libc.a(strlen.o)
 .data          0x0080054c        0x0 /usr/lib/gcc/avr/4.3.5/../../../avr/lib/avr51/libc.a(strncmp.o)
 .data          0x0080054c        0x0 /usr/lib/gcc/avr/4.3.5/../../../avr/lib/avr51/libc.a(strncpy.o)
 .data          0x0080054c        0x0 /usr/lib/gcc/avr/4.3.5/../../../avr/lib/avr51/libc.a(strrchr.o)
 .data          0x0080054c        0x0 /usr/lib/gcc/avr/4.3.5/../../../avr/lib/avr51/libc.a(strstr.o)
 .data          0x0080054c        0x0 /usr/lib/gcc/avr/4.3.5/../../../avr/lib/avr51/libc.a(itoa.o)
 .data          0x0080054c        0x0 /usr/lib/gcc/avr/4.3.5/../../../avr/lib/avr51/libc.a(ltoa.o)
 .data          0x0080054c        0x0 /usr/lib/gcc/avr/4.3.5/../../../avr/lib/avr51/libc.a(mulsi10.o)
 .data          0x0080054c        0x0 /usr/lib/gcc/avr/4.3.5/../../../avr/lib/avr51/libc.a(ultoa.o)
 .data          0x0080054c        0x0 /usr/lib/gcc/avr/4.3.5/../../../avr/lib/avr51/libc.a(sprintf.o)
 .data          0x0080054c        0x0 /usr/lib/gcc/avr/4.3.5/../../../avr/lib/avr51/libc.a(cmpsf2.o)
 .data          0x0080054c        0x0 /usr/lib/gcc/avr/4.3.5/../../../avr/lib/avr51/libc.a(fp_cmp.o)
 .data          0x0080054c        0x0 /usr/lib/gcc/avr/4.3.5/../../../avr/lib/avr51/libc.a(vfprintf_std.o)
 .data          0x0080054c        0x0 /usr/lib/gcc/avr/4.3.5/../../../avr/lib/avr51/libc.a(errno.o)
 .data          0x0080054c        0x0 /usr/lib/gcc/avr/4.3.5/../../../avr/lib/avr51/libc.a(cty_isfalse.o)
 .data          0x0080054c        0x0 /usr/lib/gcc/avr/4.3.5/../../../avr/lib/avr51/libc.a(strnlen_P.o)
 .data          0x0080054c        0x0 /usr/lib/gcc/avr/4.3.5/../../../avr/lib/avr51/libc.a(strnlen.o)
 .data          0x0080054c        0x0 /usr/lib/gcc/avr/4.3.5/../../../avr/lib/avr51/libc.a(strrev.o)
 .data          0x0080054c        0x0 /usr/lib/gcc/avr/4.3.5/../../../avr/lib/avr51/libc.a(fputc.o)
 .data          0x0080054c        0x0 /usr/lib/gcc/avr/4.3.5/../../../avr/lib/avr51/libc.a(ultoa_invert.o)
 *(.data*)
 *(.rodata)
 *(.rodata*)
 *(.gnu.linkonce.d*)
                0x0080054c                . = ALIGN (0x2)
                0x0080054c                _edata = .
                0x0080054c                PROVIDE (__data_end, .)

.bss            0x0080054c      0xe2e
                0x0080054c                PROVIDE (__bss_start, .)
 *(.bss)
 .bss           0x0080054c        0x0 /usr/lib/gcc/avr/4.3.5/../../../avr/lib/avr51/crtm1280.o
 .bss           0x0080054c      0x11a ./src/cartesian_dda.o
 .bss           0x00800666      0x11a ./src/fancy.o
 .bss           0x00800780      0x3fa ./src/firmware.o
                0x00800780                waitForTemperature
                0x00800782                waitForAllTemperatures
                0x00800784                heatedBed
                0x00800786                ex0
                0x00800792                cdda
                0x0080079a                head
                0x0080079b                tail
                0x0080079c                led
                0x0080079d                interruptBlink
                0x0080079f                where_i_am
                0x008007b3                nonest
 .bss           0x00800b7a      0x11a ./src/hostcom.o
 .bss           0x00800c94        0x0 ./src/main.o
 .bss           0x00800c94      0x206 ./src/process_g_code.o
                0x00800c94                cmdbuffer
                0x00800d14                serial_count
                0x00800d15                comment
                0x00800d16                fp
                0x00800d2a                sp
                0x00800d3e                extruder_speed
                0x00800d42                gc
 .bss           0x00800e9a      0x11c ./src/toolhead_stepper.o
                0x00800e9a                extruder_in_use
 .bss           0x00800fb6      0x11a ./src/vectors.o
 .bss           0x008010d0      0x25c ./lib/arduino/HardwareSerial.o
                0x008010d0                rx_buffer
                0x00801154                rx_buffer1
                0x008011d8                rx_buffer2
                0x0080125c                rx_buffer3
                0x008012e0                Serial
                0x008012f3                Serial1
                0x00801306                Serial2
                0x00801319                Serial3
 .bss           0x0080132c        0x0 ./lib/arduino/Print.o
 .bss           0x0080132c       0x2a ./lib/arduino/Tone.o
                0x0080132c                timer0_toggle_count
                0x00801330                timer0_pin_port
                0x00801332                timer0_pin_mask
                0x00801333                timer1_toggle_count
                0x00801337                timer1_pin_port
                0x00801339                timer1_pin_mask
                0x0080133a                timer2_toggle_count
                0x0080133e                timer2_pin_port
                0x00801340                timer2_pin_mask
                0x00801341                timer3_toggle_count
                0x00801345                timer3_pin_port
                0x00801347                timer3_pin_mask
                0x00801348                timer4_toggle_count
                0x0080134c                timer4_pin_port
                0x0080134e                timer4_pin_mask
                0x0080134f                timer5_toggle_count
                0x00801353                timer5_pin_port
                0x00801355                timer5_pin_mask
 .bss           0x00801356       0x10 ./lib/arduino/WInterrupts.o
 .bss           0x00801366        0x0 ./lib/arduino/WMath.o
 .bss           0x00801366        0x1 ./lib/arduino/WString.o
 .bss           0x00801367        0x0 ./lib/arduino/pins_arduino.o
 .bss           0x00801367        0x9 ./lib/arduino/wiring.o
                0x00801367                timer0_overflow_count
                0x0080136b                timer0_millis
 .bss           0x00801370        0x0 ./lib/arduino/wiring_analog.o
 .bss           0x00801370        0x0 ./lib/arduino/wiring_digital.o
 .bss           0x00801370        0x0 ./lib/arduino/wiring_pulse.o
 .bss           0x00801370        0x0 ./lib/arduino/wiring_shift.o
 .bss           0x00801370        0x4 ./lib/WiringSerial/wiring_serial.o
                0x00801370                rx_buffer_head
                0x00801372                rx_buffer_tail
 .bss           0x00801374        0x0 /usr/lib/gcc/avr/4.3.5/avr51/libgcc.a(_mulsi3.o)
 .bss           0x00801374        0x0 /usr/lib/gcc/avr/4.3.5/avr51/libgcc.a(_divmodhi4.o)
 .bss           0x00801374        0x0 /usr/lib/gcc/avr/4.3.5/avr51/libgcc.a(_udivmodsi4.o)
 .bss           0x00801374        0x0 /usr/lib/gcc/avr/4.3.5/avr51/libgcc.a(_divmodsi4.o)
 .bss           0x00801374        0x0 /usr/lib/gcc/avr/4.3.5/avr51/libgcc.a(_exit.o)
 .bss           0x00801374        0x0 /usr/lib/gcc/avr/4.3.5/avr51/libgcc.a(_clear_bss.o)
 .bss           0x00801374        0x0 /usr/lib/gcc/avr/4.3.5/avr51/libgcc.a(_ctors.o)
 .bss           0x00801374        0x0 /usr/lib/gcc/avr/4.3.5/avr51/libgcc.a(_fixunssfsi.o)
 .bss           0x00801374        0x0 /usr/lib/gcc/avr/4.3.5/avr51/libgcc.a(_addsub_sf.o)
 .bss           0x00801374        0x0 /usr/lib/gcc/avr/4.3.5/avr51/libgcc.a(_mul_sf.o)
 .bss           0x00801374        0x0 /usr/lib/gcc/avr/4.3.5/avr51/libgcc.a(_div_sf.o)
 .bss           0x00801374        0x0 /usr/lib/gcc/avr/4.3.5/avr51/libgcc.a(_ge_sf.o)
 .bss           0x00801374        0x0 /usr/lib/gcc/avr/4.3.5/avr51/libgcc.a(_lt_sf.o)
 .bss           0x00801374        0x0 /usr/lib/gcc/avr/4.3.5/avr51/libgcc.a(_si_to_sf.o)
 .bss           0x00801374        0x0 /usr/lib/gcc/avr/4.3.5/avr51/libgcc.a(_sf_to_si.o)
 .bss           0x00801374        0x0 /usr/lib/gcc/avr/4.3.5/avr51/libgcc.a(_thenan_sf.o)
 .bss           0x00801374        0x0 /usr/lib/gcc/avr/4.3.5/avr51/libgcc.a(_usi_to_sf.o)
 .bss           0x00801374        0x0 /usr/lib/gcc/avr/4.3.5/avr51/libgcc.a(_udivmodhi4.o)
 .bss           0x00801374        0x0 /usr/lib/gcc/avr/4.3.5/avr51/libgcc.a(_prologue.o)
 .bss           0x00801374        0x0 /usr/lib/gcc/avr/4.3.5/avr51/libgcc.a(_epilogue.o)
 .bss           0x00801374        0x0 /usr/lib/gcc/avr/4.3.5/avr51/libgcc.a(_tablejump.o)
 .bss           0x00801374        0x0 /usr/lib/gcc/avr/4.3.5/avr51/libgcc.a(_clzsi2.o)
 .bss           0x00801374        0x0 /usr/lib/gcc/avr/4.3.5/avr51/libgcc.a(_pack_sf.o)
 .bss           0x00801374        0x0 /usr/lib/gcc/avr/4.3.5/avr51/libgcc.a(_unpack_sf.o)
 .bss           0x00801374        0x0 /usr/lib/gcc/avr/4.3.5/avr51/libgcc.a(_fpcmp_parts_sf.o)
 .bss           0x00801374        0x0 /usr/lib/gcc/avr/4.3.5/avr51/libgcc.a(_clz.o)
 .bss           0x00801374        0x0 /usr/lib/gcc/avr/4.3.5/../../../avr/lib/avr51/libm.a(modf.o)
 .bss           0x00801374        0x0 /usr/lib/gcc/avr/4.3.5/../../../avr/lib/avr51/libm.a(round.o)
 .bss           0x00801374        0x0 /usr/lib/gcc/avr/4.3.5/../../../avr/lib/avr51/libm.a(sqrt.o)
 .bss           0x00801374        0x0 /usr/lib/gcc/avr/4.3.5/../../../avr/lib/avr51/libm.a(fp_mintl.o)
 .bss           0x00801374        0x0 /usr/lib/gcc/avr/4.3.5/../../../avr/lib/avr51/libm.a(fp_mpack.o)
 .bss           0x00801374        0x0 /usr/lib/gcc/avr/4.3.5/../../../avr/lib/avr51/libm.a(fp_nan.o)
 .bss           0x00801374        0x0 /usr/lib/gcc/avr/4.3.5/../../../avr/lib/avr51/libm.a(fp_norm2.o)
 .bss           0x00801374        0x0 /usr/lib/gcc/avr/4.3.5/../../../avr/lib/avr51/libm.a(fp_split3.o)
 .bss           0x00801374        0x0 /usr/lib/gcc/avr/4.3.5/../../../avr/lib/avr51/libm.a(fp_zero.o)
 .bss           0x00801374        0x0 /usr/lib/gcc/avr/4.3.5/../../../avr/lib/avr51/libc.a(malloc.o)
 .bss           0x00801374        0x0 /usr/lib/gcc/avr/4.3.5/../../../avr/lib/avr51/libc.a(random.o)
 .bss           0x00801374        0x0 /usr/lib/gcc/avr/4.3.5/../../../avr/lib/avr51/libc.a(realloc.o)
 .bss           0x00801374        0x0 /usr/lib/gcc/avr/4.3.5/../../../avr/lib/avr51/libc.a(strtod.o)
 .bss           0x00801374        0x0 /usr/lib/gcc/avr/4.3.5/../../../avr/lib/avr51/libc.a(strtol.o)
 .bss           0x00801374        0x0 /usr/lib/gcc/avr/4.3.5/../../../avr/lib/avr51/libc.a(atol.o)
 .bss           0x00801374        0x0 /usr/lib/gcc/avr/4.3.5/../../../avr/lib/avr51/libc.a(isspace.o)
 .bss           0x00801374        0x0 /usr/lib/gcc/avr/4.3.5/../../../avr/lib/avr51/libc.a(tolower.o)
 .bss           0x00801374        0x0 /usr/lib/gcc/avr/4.3.5/../../../avr/lib/avr51/libc.a(toupper.o)
 .bss           0x00801374        0x0 /usr/lib/gcc/avr/4.3.5/../../../avr/lib/avr51/libc.a(strncasecmp_P.o)
 .bss           0x00801374        0x0 /usr/lib/gcc/avr/4.3.5/../../../avr/lib/avr51/libc.a(memcpy.o)
 .bss           0x00801374        0x0 /usr/lib/gcc/avr/4.3.5/../../../avr/lib/avr51/libc.a(strcat.o)
 .bss           0x00801374        0x0 /usr/lib/gcc/avr/4.3.5/../../../avr/lib/avr51/libc.a(strchr.o)
 .bss           0x00801374        0x0 /usr/lib/gcc/avr/4.3.5/../../../avr/lib/avr51/libc.a(strcmp.o)
 .bss           0x00801374        0x0 /usr/lib/gcc/avr/4.3.5/../../../avr/lib/avr51/libc.a(strcpy.o)
 .bss           0x00801374        0x0 /usr/lib/gcc/avr/4.3.5/../../../avr/lib/avr51/libc.a(strlen.o)
 .bss           0x00801374        0x0 /usr/lib/gcc/avr/4.3.5/../../../avr/lib/avr51/libc.a(strncmp.o)
 .bss           0x00801374        0x0 /usr/lib/gcc/avr/4.3.5/../../../avr/lib/avr51/libc.a(strncpy.o)
 .bss           0x00801374        0x0 /usr/lib/gcc/avr/4.3.5/../../../avr/lib/avr51/libc.a(strrchr.o)
 .bss           0x00801374        0x0 /usr/lib/gcc/avr/4.3.5/../../../avr/lib/avr51/libc.a(strstr.o)
 .bss           0x00801374        0x0 /usr/lib/gcc/avr/4.3.5/../../../avr/lib/avr51/libc.a(itoa.o)
 .bss           0x00801374        0x0 /usr/lib/gcc/avr/4.3.5/../../../avr/lib/avr51/libc.a(ltoa.o)
 .bss           0x00801374        0x0 /usr/lib/gcc/avr/4.3.5/../../../avr/lib/avr51/libc.a(mulsi10.o)
 .bss           0x00801374        0x0 /usr/lib/gcc/avr/4.3.5/../../../avr/lib/avr51/libc.a(ultoa.o)
 .bss           0x00801374        0x0 /usr/lib/gcc/avr/4.3.5/../../../avr/lib/avr51/libc.a(sprintf.o)
 .bss           0x00801374        0x0 /usr/lib/gcc/avr/4.3.5/../../../avr/lib/avr51/libc.a(cmpsf2.o)
 .bss           0x00801374        0x0 /usr/lib/gcc/avr/4.3.5/../../../avr/lib/avr51/libc.a(fp_cmp.o)
 .bss           0x00801374        0x0 /usr/lib/gcc/avr/4.3.5/../../../avr/lib/avr51/libc.a(vfprintf_std.o)
 .bss           0x00801374        0x0 /usr/lib/gcc/avr/4.3.5/../../../avr/lib/avr51/libc.a(errno.o)
 .bss           0x00801374        0x0 /usr/lib/gcc/avr/4.3.5/../../../avr/lib/avr51/libc.a(cty_isfalse.o)
 .bss           0x00801374        0x0 /usr/lib/gcc/avr/4.3.5/../../../avr/lib/avr51/libc.a(strnlen_P.o)
 .bss           0x00801374        0x0 /usr/lib/gcc/avr/4.3.5/../../../avr/lib/avr51/libc.a(strnlen.o)
 .bss           0x00801374        0x0 /usr/lib/gcc/avr/4.3.5/../../../avr/lib/avr51/libc.a(strrev.o)
 .bss           0x00801374        0x0 /usr/lib/gcc/avr/4.3.5/../../../avr/lib/avr51/libc.a(fputc.o)
 .bss           0x00801374        0x0 /usr/lib/gcc/avr/4.3.5/../../../avr/lib/avr51/libc.a(ultoa_invert.o)
 *(.bss*)
 *(COMMON)
 COMMON         0x00801374        0x4 /usr/lib/gcc/avr/4.3.5/../../../avr/lib/avr51/libc.a(malloc.o)
                0x00801374                __brkval
                0x00801376                __flp
 COMMON         0x00801378        0x2 /usr/lib/gcc/avr/4.3.5/../../../avr/lib/avr51/libc.a(errno.o)
                0x00801378                errno
                0x0080137a                PROVIDE (__bss_end, .)
                0x0000d89e                __data_load_start = LOADADDR (.data)
                0x0000dbea                __data_load_end = (__data_load_start + SIZEOF (.data))

.noinit         0x0080137a        0x0
                0x0080137a                PROVIDE (__noinit_start, .)
 *(.noinit*)
                0x0080137a                PROVIDE (__noinit_end, .)
                0x0080137a                _end = .
                0x0080137a                PROVIDE (__heap_start, .)

.eeprom         0x00810000        0x0
 *(.eeprom*)
                0x00810000                __eeprom_end = .

.fuse
 *(.fuse)
 *(.lfuse)
 *(.hfuse)
 *(.efuse)

.lock
 *(.lock*)

.signature
 *(.signature*)

.stab           0x00000000    0x13578
 *(.stab)
 .stab          0x00000000      0x750 /usr/lib/gcc/avr/4.3.5/../../../avr/lib/avr51/crtm1280.o
 .stab          0x00000750     0x1674 ./src/cartesian_dda.o
                               0x1680 (size before relaxing)
 .stab          0x00001dc4      0x630 ./src/fancy.o
                                0x63c (size before relaxing)
 .stab          0x000023f4     0x1530 ./src/firmware.o
                               0x153c (size before relaxing)
 .stab          0x00003924      0x6f0 ./src/hostcom.o
                                0x6fc (size before relaxing)
 .stab          0x00004014      0x4bc ./src/main.o
                                0x4c8 (size before relaxing)
 .stab          0x000044d0     0x1614 ./src/process_g_code.o
                               0x1620 (size before relaxing)
 .stab          0x00005ae4      0x990 ./src/toolhead_stepper.o
                                0x99c (size before relaxing)
 .stab          0x00006474      0x63c ./src/vectors.o
                                0x648 (size before relaxing)
 .stab          0x00006ab0      0xd2c ./lib/arduino/HardwareSerial.o
                                0xd38 (size before relaxing)
 .stab          0x000077dc      0xe58 ./lib/arduino/Print.o
                                0xe64 (size before relaxing)
 .stab          0x00008634     0x1170 ./lib/arduino/Tone.o
                               0x117c (size before relaxing)
 .stab          0x000097a4      0x864 ./lib/arduino/WInterrupts.o
                                0x870 (size before relaxing)
 .stab          0x0000a008      0x3cc ./lib/arduino/WMath.o
                                0x3d8 (size before relaxing)
 .stab          0x0000a3d4     0x2070 ./lib/arduino/WString.o
                               0x207c (size before relaxing)
 .stab          0x0000c444      0x210 ./lib/arduino/pins_arduino.o
                                0x534 (size before relaxing)
 .stab          0x0000c654      0x5f4 ./lib/arduino/wiring.o
                                0x894 (size before relaxing)
 .stab          0x0000cc48      0x4f8 ./lib/arduino/wiring_analog.o
                                0x834 (size before relaxing)
 .stab          0x0000d140      0x84c ./lib/arduino/wiring_digital.o
                                0xb88 (size before relaxing)
 .stab          0x0000d98c      0x414 ./lib/arduino/wiring_pulse.o
                                0x750 (size before relaxing)
 .stab          0x0000dda0      0x318 ./lib/arduino/wiring_shift.o
                                0x5b8 (size before relaxing)
 .stab          0x0000e0b8      0x654 ./lib/WiringSerial/wiring_serial.o
                                0x8ac (size before relaxing)
 .stab          0x0000e70c      0x2a0 /usr/lib/gcc/avr/4.3.5/../../../avr/lib/avr51/libm.a(modf.o)
                                0x2ac (size before relaxing)
 .stab          0x0000e9ac      0x1b0 /usr/lib/gcc/avr/4.3.5/../../../avr/lib/avr51/libm.a(round.o)
                                0x1bc (size before relaxing)
 .stab          0x0000eb5c      0x354 /usr/lib/gcc/avr/4.3.5/../../../avr/lib/avr51/libm.a(sqrt.o)
                                0x360 (size before relaxing)
 .stab          0x0000eeb0      0x174 /usr/lib/gcc/avr/4.3.5/../../../avr/lib/avr51/libm.a(fp_mintl.o)
                                0x180 (size before relaxing)
 .stab          0x0000f024       0xe4 /usr/lib/gcc/avr/4.3.5/../../../avr/lib/avr51/libm.a(fp_mpack.o)
                                 0xf0 (size before relaxing)
 .stab          0x0000f108       0x54 /usr/lib/gcc/avr/4.3.5/../../../avr/lib/avr51/libm.a(fp_nan.o)
                                 0x60 (size before relaxing)
 .stab          0x0000f15c       0x84 /usr/lib/gcc/avr/4.3.5/../../../avr/lib/avr51/libm.a(fp_norm2.o)
                                 0x90 (size before relaxing)
 .stab          0x0000f1e0      0x1d4 /usr/lib/gcc/avr/4.3.5/../../../avr/lib/avr51/libm.a(fp_split3.o)
                                0x1e0 (size before relaxing)
 .stab          0x0000f3b4       0x90 /usr/lib/gcc/avr/4.3.5/../../../avr/lib/avr51/libm.a(fp_zero.o)
                                 0x9c (size before relaxing)
 .stab          0x0000f444      0x6f0 /usr/lib/gcc/avr/4.3.5/../../../avr/lib/avr51/libc.a(malloc.o)
                                0x6fc (size before relaxing)
 .stab          0x0000fb34      0x2dc /usr/lib/gcc/avr/4.3.5/../../../avr/lib/avr51/libc.a(random.o)
                                0x33c (size before relaxing)
 .stab          0x0000fe10      0x3b4 /usr/lib/gcc/avr/4.3.5/../../../avr/lib/avr51/libc.a(realloc.o)
                                0x5ac (size before relaxing)
 .stab          0x000101c4      0x66c /usr/lib/gcc/avr/4.3.5/../../../avr/lib/avr51/libc.a(strtod.o)
                                0x858 (size before relaxing)
 .stab          0x00010830      0x3a8 /usr/lib/gcc/avr/4.3.5/../../../avr/lib/avr51/libc.a(strtol.o)
                                0x408 (size before relaxing)
 .stab          0x00010bd8      0x1e0 /usr/lib/gcc/avr/4.3.5/../../../avr/lib/avr51/libc.a(atol.o)
                                0x1ec (size before relaxing)
 .stab          0x00010db8       0x9c /usr/lib/gcc/avr/4.3.5/../../../avr/lib/avr51/libc.a(isspace.o)
                                 0xa8 (size before relaxing)
 .stab          0x00010e54       0x9c /usr/lib/gcc/avr/4.3.5/../../../avr/lib/avr51/libc.a(tolower.o)
                                 0xa8 (size before relaxing)
 .stab          0x00010ef0       0x9c /usr/lib/gcc/avr/4.3.5/../../../avr/lib/avr51/libc.a(toupper.o)
                                 0xa8 (size before relaxing)
 .stab          0x00010f8c      0x138 /usr/lib/gcc/avr/4.3.5/../../../avr/lib/avr51/libc.a(strncasecmp_P.o)
                                0x144 (size before relaxing)
 .stab          0x000110c4       0x84 /usr/lib/gcc/avr/4.3.5/../../../avr/lib/avr51/libc.a(memcpy.o)
                                 0x90 (size before relaxing)
 .stab          0x00011148       0x9c /usr/lib/gcc/avr/4.3.5/../../../avr/lib/avr51/libc.a(strcat.o)
                                 0xa8 (size before relaxing)
 .stab          0x000111e4       0x9c /usr/lib/gcc/avr/4.3.5/../../../avr/lib/avr51/libc.a(strchr.o)
                                 0xa8 (size before relaxing)
 .stab          0x00011280       0x84 /usr/lib/gcc/avr/4.3.5/../../../avr/lib/avr51/libc.a(strcmp.o)
                                 0x90 (size before relaxing)
 .stab          0x00011304       0x6c /usr/lib/gcc/avr/4.3.5/../../../avr/lib/avr51/libc.a(strcpy.o)
                                 0x78 (size before relaxing)
 .stab          0x00011370       0x84 /usr/lib/gcc/avr/4.3.5/../../../avr/lib/avr51/libc.a(strlen.o)
                                 0x90 (size before relaxing)
 .stab          0x000113f4       0xc0 /usr/lib/gcc/avr/4.3.5/../../../avr/lib/avr51/libc.a(strncmp.o)
                                 0xcc (size before relaxing)
 .stab          0x000114b4       0xcc /usr/lib/gcc/avr/4.3.5/../../../avr/lib/avr51/libc.a(strncpy.o)
                                 0xd8 (size before relaxing)
 .stab          0x00011580       0x9c /usr/lib/gcc/avr/4.3.5/../../../avr/lib/avr51/libc.a(strrchr.o)
                                 0xa8 (size before relaxing)
 .stab          0x0001161c      0x150 /usr/lib/gcc/avr/4.3.5/../../../avr/lib/avr51/libc.a(strstr.o)
                                0x15c (size before relaxing)
 .stab          0x0001176c      0x1b0 /usr/lib/gcc/avr/4.3.5/../../../avr/lib/avr51/libc.a(itoa.o)
                                0x1bc (size before relaxing)
 .stab          0x0001191c      0x294 /usr/lib/gcc/avr/4.3.5/../../../avr/lib/avr51/libc.a(ltoa.o)
                                0x2a0 (size before relaxing)
 .stab          0x00011bb0      0x114 /usr/lib/gcc/avr/4.3.5/../../../avr/lib/avr51/libc.a(mulsi10.o)
                                0x120 (size before relaxing)
 .stab          0x00011cc4      0x1e0 /usr/lib/gcc/avr/4.3.5/../../../avr/lib/avr51/libc.a(ultoa.o)
                                0x1ec (size before relaxing)
 .stab          0x00011ea4      0x210 /usr/lib/gcc/avr/4.3.5/../../../avr/lib/avr51/libc.a(sprintf.o)
                                0x3d8 (size before relaxing)
 .stab          0x000120b4       0x90 /usr/lib/gcc/avr/4.3.5/../../../avr/lib/avr51/libc.a(cmpsf2.o)
                                 0x9c (size before relaxing)
 .stab          0x00012144      0x1e0 /usr/lib/gcc/avr/4.3.5/../../../avr/lib/avr51/libc.a(fp_cmp.o)
                                0x1ec (size before relaxing)
 .stab          0x00012324      0x8a0 /usr/lib/gcc/avr/4.3.5/../../../avr/lib/avr51/libc.a(vfprintf_std.o)
                                0xb58 (size before relaxing)
 .stab          0x00012bc4       0xf0 /usr/lib/gcc/avr/4.3.5/../../../avr/lib/avr51/libc.a(errno.o)
                                 0xfc (size before relaxing)
 .stab          0x00012cb4       0x60 /usr/lib/gcc/avr/4.3.5/../../../avr/lib/avr51/libc.a(cty_isfalse.o)
                                 0x6c (size before relaxing)
 .stab          0x00012d14       0x9c /usr/lib/gcc/avr/4.3.5/../../../avr/lib/avr51/libc.a(strnlen_P.o)
                                 0xa8 (size before relaxing)
 .stab          0x00012db0       0x9c /usr/lib/gcc/avr/4.3.5/../../../avr/lib/avr51/libc.a(strnlen.o)
                                 0xa8 (size before relaxing)
 .stab          0x00012e4c       0xd8 /usr/lib/gcc/avr/4.3.5/../../../avr/lib/avr51/libc.a(strrev.o)
                                 0xe4 (size before relaxing)
 .stab          0x00012f24      0x1d4 /usr/lib/gcc/avr/4.3.5/../../../avr/lib/avr51/libc.a(fputc.o)
                                0x3b4 (size before relaxing)
 .stab          0x000130f8      0x480 /usr/lib/gcc/avr/4.3.5/../../../avr/lib/avr51/libc.a(ultoa_invert.o)
                                0x48c (size before relaxing)

.stabstr        0x00000000     0x98a4
 *(.stabstr)
 .stabstr       0x00000000     0x98a4 /usr/lib/gcc/avr/4.3.5/../../../avr/lib/avr51/crtm1280.o

.stab.excl
 *(.stab.excl)

.stab.exclstr
 *(.stab.exclstr)

.stab.index
 *(.stab.index)

.stab.indexstr
 *(.stab.indexstr)

.comment
 *(.comment)

.debug
 *(.debug)

.line
 *(.line)

.debug_srcinfo
 *(.debug_srcinfo)

.debug_sfnames
 *(.debug_sfnames)

.debug_aranges
 *(.debug_aranges)

.debug_pubnames
 *(.debug_pubnames)

.debug_info
 *(.debug_info)
 *(.gnu.linkonce.wi.*)

.debug_abbrev
 *(.debug_abbrev)

.debug_line
 *(.debug_line)

.debug_frame
 *(.debug_frame)

.debug_str
 *(.debug_str)

.debug_loc
 *(.debug_loc)

.debug_macinfo
 *(.debug_macinfo)
OUTPUT(RepRapUltimakerFirmware.elf elf32-avr)
LOAD linker stubs

Cross Reference Table

Symbol                                            File
EXTRUDER_NAME                                     ./src/firmware.o
HEATED_BED_NAME                                   ./src/firmware.o
HardwareSerial::HardwareSerial(ring_buffer*, unsigned char volatile*, unsigned char volatile*, unsigned char volatile*, unsigned char volatile*, unsigned char volatile*, unsigned char, unsigned char, unsigned char, unsigned char, unsigned char) ./lib/arduino/HardwareSerial.o
HardwareSerial::HardwareSerial(ring_buffer*, unsigned char volatile*, unsigned char volatile*, unsigned char volatile*, unsigned char volatile*, unsigned char volatile*, unsigned char, unsigned char, unsigned char, unsigned char, unsigned char) ./lib/arduino/HardwareSerial.o
HardwareSerial::available()                       ./lib/arduino/HardwareSerial.o
HardwareSerial::begin(unsigned long)              ./lib/arduino/HardwareSerial.o
HardwareSerial::end()                             ./lib/arduino/HardwareSerial.o
HardwareSerial::flush()                           ./lib/arduino/HardwareSerial.o
HardwareSerial::peek()                            ./lib/arduino/HardwareSerial.o
HardwareSerial::read()                            ./lib/arduino/HardwareSerial.o
HardwareSerial::write(unsigned char)              ./lib/arduino/HardwareSerial.o
Print::Print()                                    ./lib/arduino/HardwareSerial.o
Print::print(String const&)                       ./lib/arduino/Print.o
Print::print(char const*)                         ./lib/arduino/Print.o
Print::print(char, int)                           ./lib/arduino/Print.o
Print::print(double, int)                         ./lib/arduino/Print.o
Print::print(int, int)                            ./lib/arduino/Print.o
Print::print(long, int)                           ./lib/arduino/Print.o
Print::print(unsigned char, int)                  ./lib/arduino/Print.o
Print::print(unsigned int, int)                   ./lib/arduino/Print.o
Print::print(unsigned long, int)                  ./lib/arduino/Print.o
Print::printFloat(double, unsigned char)          ./lib/arduino/Print.o
Print::printNumber(unsigned long, unsigned char)  ./lib/arduino/Print.o
Print::println()                                  ./lib/arduino/Print.o
Print::println(String const&)                     ./lib/arduino/Print.o
Print::println(char const*)                       ./lib/arduino/Print.o
Print::println(char, int)                         ./lib/arduino/Print.o
Print::println(double, int)                       ./lib/arduino/Print.o
Print::println(int, int)                          ./lib/arduino/Print.o
Print::println(long, int)                         ./lib/arduino/Print.o
Print::println(unsigned char, int)                ./lib/arduino/Print.o
Print::println(unsigned int, int)                 ./lib/arduino/Print.o
Print::println(unsigned long, int)                ./lib/arduino/Print.o
Print::write(char const*)                         ./lib/arduino/Print.o
                                                  ./lib/arduino/HardwareSerial.o
Print::write(unsigned char const*, unsigned int)  ./lib/arduino/Print.o
                                                  ./lib/arduino/HardwareSerial.o
SendDebug                                         ./src/process_g_code.o
Serial                                            ./lib/arduino/HardwareSerial.o
Serial1                                           ./lib/arduino/HardwareSerial.o
Serial2                                           ./lib/arduino/HardwareSerial.o
Serial3                                           ./lib/arduino/HardwareSerial.o
Stream::Stream()                                  ./lib/arduino/HardwareSerial.o
String::String(String const&)                     ./lib/arduino/WString.o
String::String(String const&)                     ./lib/arduino/WString.o
String::String(char const*)                       ./lib/arduino/WString.o
String::String(char const*)                       ./lib/arduino/WString.o
String::String(char)                              ./lib/arduino/WString.o
String::String(char)                              ./lib/arduino/WString.o
String::String(int, int)                          ./lib/arduino/WString.o
String::String(int, int)                          ./lib/arduino/WString.o
String::String(long, int)                         ./lib/arduino/WString.o
String::String(long, int)                         ./lib/arduino/WString.o
String::String(unsigned char)                     ./lib/arduino/WString.o
String::String(unsigned char)                     ./lib/arduino/WString.o
String::String(unsigned int, int)                 ./lib/arduino/WString.o
String::String(unsigned int, int)                 ./lib/arduino/WString.o
String::String(unsigned long, int)                ./lib/arduino/WString.o
String::String(unsigned long, int)                ./lib/arduino/WString.o
String::charAt(unsigned int) const                ./lib/arduino/WString.o
String::compareTo(String const&) const            ./lib/arduino/WString.o
String::concat(String const&)                     ./lib/arduino/WString.o
String::endsWith(String const&) const             ./lib/arduino/WString.o
String::equals(String const&) const               ./lib/arduino/WString.o
String::equalsIgnoreCase(String const&) const     ./lib/arduino/WString.o
String::getBuffer(unsigned int)                   ./lib/arduino/WString.o
String::getBytes(unsigned char*, unsigned int)    ./lib/arduino/WString.o
String::indexOf(String const&) const              ./lib/arduino/WString.o
String::indexOf(String const&, unsigned int) const ./lib/arduino/WString.o
String::indexOf(char) const                       ./lib/arduino/WString.o
String::indexOf(char, unsigned int) const         ./lib/arduino/WString.o
String::lastIndexOf(String const&) const          ./lib/arduino/WString.o
String::lastIndexOf(String const&, unsigned int) const ./lib/arduino/WString.o
String::lastIndexOf(char) const                   ./lib/arduino/WString.o
String::lastIndexOf(char, unsigned int) const     ./lib/arduino/WString.o
String::length() const                            ./lib/arduino/Print.o
String::operator!=(String const&) const           ./lib/arduino/WString.o
String::operator+=(String const&)                 ./lib/arduino/WString.o
String::operator<(String const&) const            ./lib/arduino/WString.o
String::operator<=(String const&) const           ./lib/arduino/WString.o
String::operator=(String const&)                  ./lib/arduino/WString.o
String::operator==(String const&) const           ./lib/arduino/WString.o
String::operator>(String const&) const            ./lib/arduino/WString.o
String::operator>=(String const&) const           ./lib/arduino/WString.o
String::operator[](unsigned int)                  ./lib/arduino/WString.o
String::operator[](unsigned int) const            ./lib/arduino/WString.o
                                                  ./lib/arduino/Print.o
String::replace(String const&, String const&)     ./lib/arduino/WString.o
String::replace(char, char)                       ./lib/arduino/WString.o
String::setCharAt(unsigned int, char)             ./lib/arduino/WString.o
String::startsWith(String const&) const           ./lib/arduino/WString.o
String::startsWith(String const&, unsigned int) const ./lib/arduino/WString.o
String::substring(unsigned int) const             ./lib/arduino/WString.o
String::substring(unsigned int, unsigned int) const ./lib/arduino/WString.o
String::toCharArray(char*, unsigned int)          ./lib/arduino/WString.o
String::toInt()                                   ./lib/arduino/WString.o
String::toLowerCase() const                       ./lib/arduino/WString.o
String::toUpperCase() const                       ./lib/arduino/WString.o
String::trim() const                              ./lib/arduino/WString.o
String::~String()                                 ./lib/arduino/WString.o
USART_RX_vect                                     ./lib/WiringSerial/wiring_serial.o
__addsf3                                          /usr/lib/gcc/avr/4.3.5/avr51/libgcc.a(_addsub_sf.o)
                                                  ./lib/arduino/Print.o
                                                  ./src/process_g_code.o
                                                  ./src/cartesian_dda.o
__bad_interrupt                                   /usr/lib/gcc/avr/4.3.5/../../../avr/lib/avr51/crtm1280.o
__brkval                                          /usr/lib/gcc/avr/4.3.5/../../../avr/lib/avr51/libc.a(realloc.o)
                                                  /usr/lib/gcc/avr/4.3.5/../../../avr/lib/avr51/libc.a(malloc.o)
__bss_end                                         /usr/lib/gcc/avr/4.3.5/avr51/libgcc.a(_clear_bss.o)
__bss_start                                       /usr/lib/gcc/avr/4.3.5/avr51/libgcc.a(_clear_bss.o)
__clz_tab                                         /usr/lib/gcc/avr/4.3.5/avr51/libgcc.a(_clz.o)
                                                  /usr/lib/gcc/avr/4.3.5/avr51/libgcc.a(_clzsi2.o)
__clzsi2                                          /usr/lib/gcc/avr/4.3.5/avr51/libgcc.a(_clzsi2.o)
                                                  /usr/lib/gcc/avr/4.3.5/avr51/libgcc.a(_usi_to_sf.o)
                                                  /usr/lib/gcc/avr/4.3.5/avr51/libgcc.a(_si_to_sf.o)
__cmpsf2                                          /usr/lib/gcc/avr/4.3.5/../../../avr/lib/avr51/libc.a(cmpsf2.o)
__ctors_end                                       /usr/lib/gcc/avr/4.3.5/avr51/libgcc.a(_ctors.o)
__ctors_start                                     /usr/lib/gcc/avr/4.3.5/avr51/libgcc.a(_ctors.o)
__ctype_isfalse                                   /usr/lib/gcc/avr/4.3.5/../../../avr/lib/avr51/libc.a(cty_isfalse.o)
                                                  /usr/lib/gcc/avr/4.3.5/../../../avr/lib/avr51/libc.a(isspace.o)
__ctype_istrue                                    /usr/lib/gcc/avr/4.3.5/../../../avr/lib/avr51/libc.a(cty_isfalse.o)
__cxa_pure_virtual                                ./lib/arduino/Print.o
                                                  ./lib/arduino/HardwareSerial.o
__data_end                                        /usr/lib/gcc/avr/4.3.5/../../../avr/lib/avr51/crtm1280.o
__data_load_start                                 /usr/lib/gcc/avr/4.3.5/../../../avr/lib/avr51/crtm1280.o
__data_start                                      /usr/lib/gcc/avr/4.3.5/../../../avr/lib/avr51/crtm1280.o
__divmodhi4                                       /usr/lib/gcc/avr/4.3.5/avr51/libgcc.a(_divmodhi4.o)
                                                  ./lib/WiringSerial/wiring_serial.o
__divmodsi4                                       /usr/lib/gcc/avr/4.3.5/avr51/libgcc.a(_divmodsi4.o)
                                                  /usr/lib/gcc/avr/4.3.5/../../../avr/lib/avr51/libc.a(random.o)
                                                  ./lib/WiringSerial/wiring_serial.o
                                                  ./lib/arduino/WMath.o
                                                  ./src/firmware.o
                                                  ./src/cartesian_dda.o
__divsf3                                          /usr/lib/gcc/avr/4.3.5/avr51/libgcc.a(_div_sf.o)
                                                  ./lib/arduino/Print.o
                                                  ./src/cartesian_dda.o
__do_clear_bss                                    /usr/lib/gcc/avr/4.3.5/avr51/libgcc.a(_clear_bss.o)
                                                  /usr/lib/gcc/avr/4.3.5/../../../avr/lib/avr51/libc.a(errno.o)
                                                  /usr/lib/gcc/avr/4.3.5/../../../avr/lib/avr51/libc.a(malloc.o)
                                                  ./lib/WiringSerial/wiring_serial.o
                                                  ./lib/arduino/wiring.o
                                                  ./lib/arduino/WString.o
                                                  ./lib/arduino/WInterrupts.o
                                                  ./lib/arduino/Tone.o
                                                  ./lib/arduino/HardwareSerial.o
                                                  ./src/vectors.o
                                                  ./src/toolhead_stepper.o
                                                  ./src/process_g_code.o
                                                  ./src/hostcom.o
                                                  ./src/firmware.o
                                                  ./src/fancy.o
                                                  ./src/cartesian_dda.o
__do_copy_data                                    /usr/lib/gcc/avr/4.3.5/../../../avr/lib/avr51/crtm1280.o
                                                  /usr/lib/gcc/avr/4.3.5/../../../avr/lib/avr51/libc.a(random.o)
                                                  /usr/lib/gcc/avr/4.3.5/../../../avr/lib/avr51/libc.a(malloc.o)
                                                  /usr/lib/gcc/avr/4.3.5/avr51/libgcc.a(_clz.o)
                                                  /usr/lib/gcc/avr/4.3.5/avr51/libgcc.a(_thenan_sf.o)
                                                  ./lib/arduino/wiring_pulse.o
                                                  ./lib/arduino/wiring_digital.o
                                                  ./lib/arduino/wiring_analog.o
                                                  ./lib/arduino/pins_arduino.o
                                                  ./lib/arduino/WString.o
                                                  ./lib/arduino/Tone.o
                                                  ./lib/arduino/Print.o
                                                  ./lib/arduino/HardwareSerial.o
                                                  ./src/process_g_code.o
                                                  ./src/firmware.o
__do_global_ctors                                 /usr/lib/gcc/avr/4.3.5/avr51/libgcc.a(_ctors.o)
                                                  ./lib/arduino/HardwareSerial.o
                                                  ./src/vectors.o
                                                  ./src/toolhead_stepper.o
                                                  ./src/process_g_code.o
                                                  ./src/hostcom.o
                                                  ./src/firmware.o
                                                  ./src/fancy.o
                                                  ./src/cartesian_dda.o
__epilogue_restores__                             /usr/lib/gcc/avr/4.3.5/avr51/libgcc.a(_epilogue.o)
                                                  /usr/lib/gcc/avr/4.3.5/avr51/libgcc.a(_usi_to_sf.o)
                                                  /usr/lib/gcc/avr/4.3.5/avr51/libgcc.a(_sf_to_si.o)
                                                  /usr/lib/gcc/avr/4.3.5/avr51/libgcc.a(_si_to_sf.o)
                                                  /usr/lib/gcc/avr/4.3.5/avr51/libgcc.a(_lt_sf.o)
                                                  /usr/lib/gcc/avr/4.3.5/avr51/libgcc.a(_ge_sf.o)
                                                  /usr/lib/gcc/avr/4.3.5/avr51/libgcc.a(_div_sf.o)
                                                  /usr/lib/gcc/avr/4.3.5/avr51/libgcc.a(_mul_sf.o)
                                                  /usr/lib/gcc/avr/4.3.5/avr51/libgcc.a(_addsub_sf.o)
__eqsf2                                           /usr/lib/gcc/avr/4.3.5/../../../avr/lib/avr51/libc.a(cmpsf2.o)
                                                  /usr/lib/gcc/avr/4.3.5/../../../avr/lib/avr51/libc.a(strtod.o)
__fixsfsi                                         /usr/lib/gcc/avr/4.3.5/avr51/libgcc.a(_sf_to_si.o)
                                                  /usr/lib/gcc/avr/4.3.5/avr51/libgcc.a(_fixunssfsi.o)
                                                  ./lib/WiringSerial/wiring_serial.o
                                                  ./lib/arduino/Print.o
                                                  ./src/process_g_code.o
                                                  ./src/cartesian_dda.o
__fixunssfsi                                      /usr/lib/gcc/avr/4.3.5/avr51/libgcc.a(_fixunssfsi.o)
                                                  ./lib/arduino/Print.o
                                                  ./src/process_g_code.o
__floatsisf                                       /usr/lib/gcc/avr/4.3.5/avr51/libgcc.a(_si_to_sf.o)
                                                  ./lib/arduino/Print.o
                                                  ./src/cartesian_dda.o
__floatunsisf                                     /usr/lib/gcc/avr/4.3.5/avr51/libgcc.a(_usi_to_sf.o)
                                                  /usr/lib/gcc/avr/4.3.5/../../../avr/lib/avr51/libc.a(strtod.o)
                                                  ./lib/arduino/Print.o
__flp                                             /usr/lib/gcc/avr/4.3.5/../../../avr/lib/avr51/libc.a(realloc.o)
                                                  /usr/lib/gcc/avr/4.3.5/../../../avr/lib/avr51/libc.a(malloc.o)
__fp_cmp                                          /usr/lib/gcc/avr/4.3.5/../../../avr/lib/avr51/libc.a(fp_cmp.o)
                                                  /usr/lib/gcc/avr/4.3.5/../../../avr/lib/avr51/libc.a(cmpsf2.o)
__fp_mintl                                        /usr/lib/gcc/avr/4.3.5/../../../avr/lib/avr51/libm.a(fp_mintl.o)
                                                  /usr/lib/gcc/avr/4.3.5/../../../avr/lib/avr51/libm.a(round.o)
__fp_mpack                                        /usr/lib/gcc/avr/4.3.5/../../../avr/lib/avr51/libm.a(fp_mpack.o)
                                                  /usr/lib/gcc/avr/4.3.5/../../../avr/lib/avr51/libm.a(sqrt.o)
                                                  /usr/lib/gcc/avr/4.3.5/../../../avr/lib/avr51/libm.a(round.o)
__fp_mpack_finite                                 /usr/lib/gcc/avr/4.3.5/../../../avr/lib/avr51/libm.a(fp_mpack.o)
__fp_nan                                          /usr/lib/gcc/avr/4.3.5/../../../avr/lib/avr51/libm.a(fp_nan.o)
                                                  /usr/lib/gcc/avr/4.3.5/../../../avr/lib/avr51/libm.a(sqrt.o)
__fp_norm2                                        /usr/lib/gcc/avr/4.3.5/../../../avr/lib/avr51/libm.a(fp_norm2.o)
                                                  /usr/lib/gcc/avr/4.3.5/../../../avr/lib/avr51/libm.a(sqrt.o)
__fp_split3                                       /usr/lib/gcc/avr/4.3.5/../../../avr/lib/avr51/libm.a(fp_split3.o)
__fp_splitA                                       /usr/lib/gcc/avr/4.3.5/../../../avr/lib/avr51/libm.a(fp_split3.o)
                                                  /usr/lib/gcc/avr/4.3.5/../../../avr/lib/avr51/libm.a(sqrt.o)
                                                  /usr/lib/gcc/avr/4.3.5/../../../avr/lib/avr51/libm.a(round.o)
__fp_szero                                        /usr/lib/gcc/avr/4.3.5/../../../avr/lib/avr51/libm.a(fp_zero.o)
                                                  /usr/lib/gcc/avr/4.3.5/../../../avr/lib/avr51/libm.a(round.o)
__fp_zero                                         /usr/lib/gcc/avr/4.3.5/../../../avr/lib/avr51/libm.a(fp_zero.o)
__fpcmp_parts_f                                   /usr/lib/gcc/avr/4.3.5/avr51/libgcc.a(_fpcmp_parts_sf.o)
                                                  /usr/lib/gcc/avr/4.3.5/avr51/libgcc.a(_lt_sf.o)
                                                  /usr/lib/gcc/avr/4.3.5/avr51/libgcc.a(_ge_sf.o)
__gesf2                                           /usr/lib/gcc/avr/4.3.5/avr51/libgcc.a(_ge_sf.o)
                                                  /usr/lib/gcc/avr/4.3.5/avr51/libgcc.a(_fixunssfsi.o)
                                                  ./src/cartesian_dda.o
__heap_end                                        /usr/lib/gcc/avr/4.3.5/../../../avr/lib/avr51/crtm1280.o
                                                  /usr/lib/gcc/avr/4.3.5/../../../avr/lib/avr51/libc.a(malloc.o)
__heap_start                                      /usr/lib/gcc/avr/4.3.5/../../../avr/lib/avr51/libc.a(malloc.o)
__init                                            /usr/lib/gcc/avr/4.3.5/../../../avr/lib/avr51/crtm1280.o
__lesf2                                           /usr/lib/gcc/avr/4.3.5/../../../avr/lib/avr51/libc.a(cmpsf2.o)
__ltsf2                                           /usr/lib/gcc/avr/4.3.5/../../../avr/lib/avr51/libc.a(cmpsf2.o)
                                                  /usr/lib/gcc/avr/4.3.5/avr51/libgcc.a(_lt_sf.o)
                                                  ./lib/arduino/Print.o
                                                  ./src/cartesian_dda.o
__malloc_heap_end                                 /usr/lib/gcc/avr/4.3.5/../../../avr/lib/avr51/libc.a(malloc.o)
                                                  /usr/lib/gcc/avr/4.3.5/../../../avr/lib/avr51/libc.a(realloc.o)
__malloc_heap_start                               /usr/lib/gcc/avr/4.3.5/../../../avr/lib/avr51/libc.a(malloc.o)