Archive member included because of file (symbol)

/usr/lib/gcc/avr/4.3.5/avr51/libgcc.a(_mulsi3.o)
                              ./src/cartesian_dda.o (__mulsi3)
/usr/lib/gcc/avr/4.3.5/avr51/libgcc.a(_divmodhi4.o)
                              ./lib/WiringSerial/wiring_serial.o (__divmodhi4)
/usr/lib/gcc/avr/4.3.5/avr51/libgcc.a(_udivmodsi4.o)
                              ./lib/arduino/HardwareSerial.o (__udivmodsi4)
/usr/lib/gcc/avr/4.3.5/avr51/libgcc.a(_divmodsi4.o)
                              ./src/cartesian_dda.o (__divmodsi4)
/usr/lib/gcc/avr/4.3.5/avr51/libgcc.a(_exit.o)
                              /usr/lib/gcc/avr/4.3.5/../../../avr/lib/avr51/crtm1280.o (exit)
/usr/lib/gcc/avr/4.3.5/avr51/libgcc.a(_clear_bss.o)
                              ./src/cartesian_dda.o (__do_clear_bss)
/usr/lib/gcc/avr/4.3.5/avr51/libgcc.a(_ctors.o)
                              ./src/cartesian_dda.o (__do_global_ctors)
/usr/lib/gcc/avr/4.3.5/avr51/libgcc.a(_fixunssfsi.o)
                              ./src/process_g_code.o (__fixunssfsi)
/usr/lib/gcc/avr/4.3.5/avr51/libgcc.a(_addsub_sf.o)
                              ./src/cartesian_dda.o (__subsf3)
/usr/lib/gcc/avr/4.3.5/avr51/libgcc.a(_mul_sf.o)
                              ./src/cartesian_dda.o (__mulsf3)
/usr/lib/gcc/avr/4.3.5/avr51/libgcc.a(_div_sf.o)
                              ./src/cartesian_dda.o (__divsf3)
/usr/lib/gcc/avr/4.3.5/avr51/libgcc.a(_ge_sf.o)
                              ./src/cartesian_dda.o (__gesf2)
/usr/lib/gcc/avr/4.3.5/avr51/libgcc.a(_lt_sf.o)
                              ./src/cartesian_dda.o (__ltsf2)
/usr/lib/gcc/avr/4.3.5/avr51/libgcc.a(_si_to_sf.o)
                              ./src/cartesian_dda.o (__floatsisf)
/usr/lib/gcc/avr/4.3.5/avr51/libgcc.a(_sf_to_si.o)
                              ./src/cartesian_dda.o (__fixsfsi)
/usr/lib/gcc/avr/4.3.5/avr51/libgcc.a(_thenan_sf.o)
                              /usr/lib/gcc/avr/4.3.5/avr51/libgcc.a(_addsub_sf.o) (__thenan_sf)
/usr/lib/gcc/avr/4.3.5/avr51/libgcc.a(_usi_to_sf.o)
                              ./lib/arduino/Print.o (__floatunsisf)
/usr/lib/gcc/avr/4.3.5/avr51/libgcc.a(_udivmodhi4.o)
                              /usr/lib/gcc/avr/4.3.5/avr51/libgcc.a(_divmodhi4.o) (__udivmodhi4)
/usr/lib/gcc/avr/4.3.5/avr51/libgcc.a(_prologue.o)
                              /usr/lib/gcc/avr/4.3.5/avr51/libgcc.a(_addsub_sf.o) (__prologue_saves__)
/usr/lib/gcc/avr/4.3.5/avr51/libgcc.a(_epilogue.o)
                              /usr/lib/gcc/avr/4.3.5/avr51/libgcc.a(_addsub_sf.o) (__epilogue_restores__)
/usr/lib/gcc/avr/4.3.5/avr51/libgcc.a(_tablejump.o)
                              /usr/lib/gcc/avr/4.3.5/avr51/libgcc.a(_ctors.o) (__tablejump__)
/usr/lib/gcc/avr/4.3.5/avr51/libgcc.a(_clzsi2.o)
                              /usr/lib/gcc/avr/4.3.5/avr51/libgcc.a(_si_to_sf.o) (__clzsi2)
/usr/lib/gcc/avr/4.3.5/avr51/libgcc.a(_pack_sf.o)
                              /usr/lib/gcc/avr/4.3.5/avr51/libgcc.a(_addsub_sf.o) (__pack_f)
/usr/lib/gcc/avr/4.3.5/avr51/libgcc.a(_unpack_sf.o)
                              /usr/lib/gcc/avr/4.3.5/avr51/libgcc.a(_addsub_sf.o) (__unpack_f)
/usr/lib/gcc/avr/4.3.5/avr51/libgcc.a(_fpcmp_parts_sf.o)
                              /usr/lib/gcc/avr/4.3.5/avr51/libgcc.a(_ge_sf.o) (__fpcmp_parts_f)
/usr/lib/gcc/avr/4.3.5/avr51/libgcc.a(_clz.o)
                              /usr/lib/gcc/avr/4.3.5/avr51/libgcc.a(_clzsi2.o) (__clz_tab)
/usr/lib/gcc/avr/4.3.5/../../../avr/lib/avr51/libm.a(modf.o)
                              ./lib/WiringSerial/wiring_serial.o (modf)
/usr/lib/gcc/avr/4.3.5/../../../avr/lib/avr51/libm.a(round.o)
                              ./lib/WiringSerial/wiring_serial.o (round)
/usr/lib/gcc/avr/4.3.5/../../../avr/lib/avr51/libm.a(sqrt.o)
                              ./src/cartesian_dda.o (sqrt)
/usr/lib/gcc/avr/4.3.5/../../../avr/lib/avr51/libm.a(fp_mintl.o)
                              /usr/lib/gcc/avr/4.3.5/../../../avr/lib/avr51/libm.a(round.o) (__fp_mintl)
/usr/lib/gcc/avr/4.3.5/../../../avr/lib/avr51/libm.a(fp_mpack.o)
                              /usr/lib/gcc/avr/4.3.5/../../../avr/lib/avr51/libm.a(round.o) (__fp_mpack)
/usr/lib/gcc/avr/4.3.5/../../../avr/lib/avr51/libm.a(fp_nan.o)
                              /usr/lib/gcc/avr/4.3.5/../../../avr/lib/avr51/libm.a(sqrt.o) (__fp_nan)
/usr/lib/gcc/avr/4.3.5/../../../avr/lib/avr51/libm.a(fp_norm2.o)
                              /usr/lib/gcc/avr/4.3.5/../../../avr/lib/avr51/libm.a(sqrt.o) (__fp_norm2)
/usr/lib/gcc/avr/4.3.5/../../../avr/lib/avr51/libm.a(fp_split3.o)
                              /usr/lib/gcc/avr/4.3.5/../../../avr/lib/avr51/libm.a(round.o) (__fp_splitA)
/usr/lib/gcc/avr/4.3.5/../../../avr/lib/avr51/libm.a(fp_zero.o)
                              /usr/lib/gcc/avr/4.3.5/../../../avr/lib/avr51/libm.a(round.o) (__fp_szero)
/usr/lib/gcc/avr/4.3.5/../../../avr/lib/avr51/libc.a(malloc.o)
                              ./src/firmware.o (malloc)
[...]
Memory Configuration

Name             Origin             Length             Attributes
text             0x00000000         0x00020000         xr
data             0x00800060         0x0000ffa0         rw !x
eeprom           0x00810000         0x00010000         rw !x
fuse             0x00820000         0x00000400         rw !x
lock             0x00830000         0x00000400         rw !x
signature        0x00840000         0x00000400         rw !x
*default*        0x00000000         0xffffffff

Linker script and memory map

Address of section .data set to 0x800200
LOAD /usr/lib/gcc/avr/4.3.5/../../../avr/lib/avr51/crtm1280.o
LOAD ./src/cartesian_dda.o
LOAD ./src/fancy.o
LOAD ./src/firmware.o
LOAD ./src/hostcom.o
LOAD ./src/main.o
LOAD ./src/process_g_code.o
LOAD ./src/toolhead_stepper.o
LOAD ./src/vectors.o
LOAD ./lib/arduino/HardwareSerial.o
LOAD ./lib/arduino/Print.o
LOAD ./lib/arduino/Tone.o
LOAD ./lib/arduino/WInterrupts.o
LOAD ./lib/arduino/WMath.o
LOAD ./lib/arduino/WString.o
LOAD ./lib/arduino/pins_arduino.o
LOAD ./lib/arduino/wiring.o
LOAD ./lib/arduino/wiring_analog.o
LOAD ./lib/arduino/wiring_digital.o
LOAD ./lib/arduino/wiring_pulse.o
LOAD ./lib/arduino/wiring_shift.o
LOAD ./lib/WiringSerial/wiring_serial.o
LOAD /usr/lib/gcc/avr/4.3.5/avr51/libgcc.a
LOAD /usr/lib/gcc/avr/4.3.5/../../../avr/lib/avr51/libm.a
LOAD /usr/lib/gcc/avr/4.3.5/avr51/libgcc.a
LOAD /usr/lib/gcc/avr/4.3.5/../../../avr/lib/avr51/libc.a
LOAD /usr/lib/gcc/avr/4.3.5/avr51/libgcc.a

.hash
 *(.hash)

.dynsym
 *(.dynsym)

.dynstr
 *(.dynstr)

.gnu.version
 *(.gnu.version)

.gnu.version_d
 *(.gnu.version_d)

.gnu.version_r
 *(.gnu.version_r)

.rel.init
 *(.rel.init)

.rela.init
 *(.rela.init)

.rel.text
 *(.rel.text)
 *(.rel.text.*)
 *(.rel.gnu.linkonce.t*)

.rela.text
 *(.rela.text)
 *(.rela.text.*)
 *(.rela.gnu.linkonce.t*)

.rel.fini
 *(.rel.fini)

.rela.fini
 *(.rela.fini)

.rel.rodata
 *(.rel.rodata)
 *(.rel.rodata.*)
 *(.rel.gnu.linkonce.r*)

.rela.rodata
 *(.rela.rodata)
 *(.rela.rodata.*)
 *(.rela.gnu.linkonce.r*)

.rel.data
 *(.rel.data)
 *(.rel.data.*)
 *(.rel.gnu.linkonce.d*)

.rela.data
 *(.rela.data)
 *(.rela.data.*)
 *(.rela.gnu.linkonce.d*)

.rel.ctors
 *(.rel.ctors)

.rela.ctors
 *(.rela.ctors)

.rel.dtors
 *(.rel.dtors)

.rela.dtors
 *(.rela.dtors)

.rel.got
 *(.rel.got)

.rela.got
 *(.rela.got)

.rel.bss
 *(.rel.bss)

.rela.bss
 *(.rela.bss)

.rel.plt
 *(.rel.plt)

.rela.plt
 *(.rela.plt)

.text           0x00000000     0xeb36
 *(.vectors)
 .vectors       0x00000000       0xe4 /usr/lib/gcc/avr/4.3.5/../../../avr/lib/avr51/crtm1280.o
                0x00000000                __vectors
                0x00000000                __vector_default
 *(.vectors)
 *(.progmem.gcc*)
 *(.progmem*)
 .progmem.data  0x000000e4        0x1 ./lib/arduino/Tone.o
 .progmem.data  0x000000e5      0x120 ./lib/arduino/pins_arduino.o
                0x000000e5                port_to_mode_PGM
                0x000000ff                port_to_output_PGM
                0x00000119                port_to_input_PGM
                0x00000133                digital_pin_to_port_PGM
                0x00000179                digital_pin_to_bit_mask_PGM
                0x000001bf                digital_pin_to_timer_PGM
 .progmem.data  0x00000205       0x3b /usr/lib/gcc/avr/4.3.5/../../../avr/lib/avr51/libc.a(strtod.o)
                0x00000240                . = ALIGN (0x2)
                0x00000240                __trampolines_start = .
 *(.trampolines)
 .trampolines   0x00000240        0x0 linker stubs
 *(.trampolines*)
                0x00000240                __trampolines_end = .
 *(.jumptables)
 *(.jumptables*)
 *(.lowtext)
 *(.lowtext*)
                0x00000240                __ctors_start = .
 *(.ctors)
 .ctors         0x00000240        0x2 ./src/cartesian_dda.o
 .ctors         0x00000242        0x2 ./src/fancy.o
 .ctors         0x00000244        0x2 ./src/firmware.o
 .ctors         0x00000246        0x2 ./src/hostcom.o
 .ctors         0x00000248        0x2 ./src/process_g_code.o
 .ctors         0x0000024a        0x2 ./src/toolhead_stepper.o
 .ctors         0x0000024c        0x2 ./src/vectors.o
 .ctors         0x0000024e        0x2 ./lib/arduino/HardwareSerial.o
                0x00000250                __ctors_end = .
                0x00000250                __dtors_start = .
 *(.dtors)
                0x00000250                __dtors_end = .
 SORT(*)(.ctors)
 SORT(*)(.dtors)
 *(.init0)
 .init0         0x00000250        0x0 /usr/lib/gcc/avr/4.3.5/../../../avr/lib/avr51/crtm1280.o
                0x00000250                __init
 *(.init0)
 *(.init1)
 *(.init1)
 *(.init2)
 .init2         0x00000250        0xc /usr/lib/gcc/avr/4.3.5/../../../avr/lib/avr51/crtm1280.o
 *(.init2)
 *(.init3)
 *(.init3)
 *(.init4)
 .init4         0x0000025c       0x1a /usr/lib/gcc/avr/4.3.5/../../../avr/lib/avr51/crtm1280.o
                0x0000025c                __do_copy_data
 .init4         0x00000276       0x10 /usr/lib/gcc/avr/4.3.5/avr51/libgcc.a(_clear_bss.o)
                0x00000276                __do_clear_bss
 *(.init4)
 *(.init5)
 *(.init5)
 *(.init6)
 .init6         0x00000286       0x16 /usr/lib/gcc/avr/4.3.5/avr51/libgcc.a(_ctors.o)
                0x00000286                __do_global_ctors
 *(.init6)
 *(.init7)
 *(.init7)
 *(.init8)
 *(.init8)
 *(.init9)
 .init9         0x0000029c        0x8 /usr/lib/gcc/avr/4.3.5/../../../avr/lib/avr51/crtm1280.o
 *(.init9)
 *(.text)
 .text          0x000002a4        0x4 /usr/lib/gcc/avr/4.3.5/../../../avr/lib/avr51/crtm1280.o
                0x000002a4                __vector_38
                0x000002a4                __vector_22
                0x000002a4                __vector_28
                0x000002a4                __vector_32
                0x000002a4                __vector_34
                0x000002a4                __vector_24
                0x000002a4                __vector_12
                0x000002a4                __vector_55
                0x000002a4                __vector_46
                0x000002a4                __bad_interrupt
                0x000002a4                __vector_31
                0x000002a4                __vector_35
                0x000002a4                __vector_39
                0x000002a4                __vector_30
                0x000002a4                __vector_45
                0x000002a4                __vector_11
                0x000002a4                __vector_19
                0x000002a4                __vector_56
                0x000002a4                __vector_49
                0x000002a4                __vector_41
                0x000002a4                __vector_43
                0x000002a4                __vector_27
                0x000002a4                __vector_33
                0x000002a4                __vector_47
                0x000002a4                __vector_52
                0x000002a4                __vector_37
                0x000002a4                __vector_44
                0x000002a4                __vector_9
                0x000002a4                __vector_21
                0x000002a4                __vector_15
                0x000002a4                __vector_29
                0x000002a4                __vector_40
                0x000002a4                __vector_26
                0x000002a4                __vector_48
                0x000002a4                __vector_14
                0x000002a4                __vector_53
                0x000002a4                __vector_10
                0x000002a4                __vector_50
                0x000002a4                __vector_16
                0x000002a4                __vector_18
                0x000002a4                __vector_20
                0x000002a4                __vector_42
 .text          0x000002a8     0x231e ./src/cartesian_dda.o
                0x000002a8                cartesian_dda::calculate_feedrate_delay(float const&)
                0x000004ac                cartesian_dda::eCanStep(long, long, bool)
                0x00000516                cartesian_dda::fCanStep(long, long, bool)
                0x000005da                cartesian_dda::do_x_step()
                0x00000602                cartesian_dda::do_y_step()
                0x0000062a                cartesian_dda::do_z_step()
                0x00000652                cartesian_dda::disable_steppers()
                0x00000682                cartesian_dda::shutdown()
                0x000006ba                cartesian_dda::enable_steppers()
                0x00000762                cartesian_dda::dda_start()
                0x00000846                cartesian_dda::xCanStep(long, long, bool)
                0x00000902                cartesian_dda::yCanStep(long, long, bool)
                0x000009be                cartesian_dda::zCanStep(long, long, bool)
                0x00000a7a                cartesian_dda::do_e_step()
                0x00000aae                cartesian_dda::dda_step()
                0x00001432                cartesian_dda::set_target(FloatPoint const&)
                0x000021a8                cartesian_dda::set_units()
                0x000022d0                cartesian_dda::set_units(bool)
                0x000022fe                cartesian_dda::cartesian_dda()
                0x00002462                cartesian_dda::cartesian_dda()
 .text          0x000025c6       0x5a ./src/fancy.o
 .text          0x00002620     0x1004 ./src/firmware.o
                0x00002620                qFull()
                0x00002678                setPosition(FloatPoint const&)
                0x000026e6                setTimerResolution(unsigned char)
                0x000027ec                getTimerCeiling(long const&)
                0x0000294c                getTimerResolution(long const&)
                0x00002a16                delayMicrosecondsInterruptible(unsigned int)
                0x00002a76                enableTimerInterrupt()
                0x00002a92                disableTimerInterrupt()
                0x00002aae                setTimerCeiling(unsigned int)
                0x00002ad2                setTimer(long)
                0x00002b3c                setupTimerInterrupt()
                0x00002be0                resetTimer()
                0x00002c6e                blink()
                0x00002ca2                setUnits(bool)
                0x00002ce2                qMove(FloatPoint const&)
                0x00002d4c                qEmpty()
                0x00002d9c                dQMove()
                0x00002de8                cancelAndClearQueue()
                0x00002e34                handle_heater_out(char*, temperature_sensor*, int)
                0x00002eec                manage()
                0x00002fc2                loop
                0x00003062                shutdown()
                0x000030a2                __vector_17
                0x0000317a                init_extruder(int, int, int, int, int, int, int)
                0x0000336c                setup
 .text          0x00003624      0x666 ./src/hostcom.o
                0x00003624                hostcom::reset()
                0x0000368c                hostcom::hostcom()
                0x000036b8                hostcom::hostcom()
                0x000036e4                hostcom::string()
                0x00003700                hostcom::setETemp(int)
                0x00003734                hostcom::setBTemp(int)
                0x00003768                hostcom::setCoords(FloatPoint const&)
                0x00003810                hostcom::setResend(long)
                0x00003856                hostcom::setFatal()
                0x000038d6                hostcom::get()
                0x000038f6                hostcom::gotData()
                0x00003916                hostcom::putEnd()
                0x00003936                hostcom::put(int)
                0x0000396a                hostcom::put(long const&)
                0x000039a8                hostcom::put(float const&)
                0x000039e6                hostcom::put(char*)
                0x00003a16                hostcom::sendtext(bool)
                0x00003a64                hostcom::sendMessage(bool)
                0x00003c2c                hostcom::putInit()
                0x00003c54                hostcom::start()
 .text          0x00003c8a       0x16 ./src/main.o
                0x00003c8a                main
 .text          0x00003ca0     0x1e7a ./src/process_g_code.o
                0x00003ca0                init_process_string()
                0x00003cb6                setupGcodeProcessor()
                0x00003d36                scan_long(char*, long*, unsigned int*, unsigned int)
                0x00003dea                scan_int(char*, int*, unsigned int*, unsigned int)
                0x00003e8e                scan_float(char*, float*, unsigned int*, unsigned int)
                0x00003f46                parse_string(GcodeParser*, char*, int)
                0x000043f0                specialMoveZ(float const&, float const&)
                0x0000449e                zeroZ()
                0x00004654                specialMoveY(float const&, float const&)
                0x00004702                zeroY()
                0x000048a0                specialMoveX(float const&, float const&)
                0x0000494e                zeroX()
                0x00004b04                process_string(char*, int)
                0x000059aa                get_and_do_command()
 .text          0x00005b1a      0x27e ./src/toolhead_stepper.o
                0x00005b1a                pump_toolhead_extruder(void*, unsigned long)
                0x00005b4c                toolhead_stepper_data(toolhead*)
                0x00005b6c                set_toolhead_steper_speed(toolhead*, int)
                0x00005bac                set_toolhead_steper_steps_per_mm(toolhead*, int)
                0x00005c46                set_toolhead_steper_enable(toolhead*, int)
                0x00005c8a                set_toolhead_stepper_direction(toolhead*, int)
                0x00005cce                step_toolhead_stepper(toolhead_stepper_data*)
                0x00005d34                init_toolhead_stepper(toolhead_stepper_data*)
 .text          0x00005d98      0xbf6 ./src/vectors.o
                0x00005d98                operator+(FloatPoint const&, FloatPoint const&)
                0x00005eb8                operator-(FloatPoint const&, FloatPoint const&)
                0x00005fd8                operator*(FloatPoint const&, FloatPoint const&)
                0x000060f8                fabsv(FloatPoint const&)
                0x0000619e                operator+(LongPoint const&, LongPoint const&)
                0x000062aa                operator-(LongPoint const&, LongPoint const&)
                0x000063ee                absv(LongPoint const&)
                0x000065ba                roundv(FloatPoint const&)
                0x000068da                to_steps(FloatPoint const&, FloatPoint const&)
 .text          0x0000698e      0xac8 ./lib/arduino/HardwareSerial.o
                0x0000698e                store_char(unsigned char, ring_buffer*)
                0x00006a10                __vector_25
                0x00006a84                __vector_36
                0x00006af8                __vector_51
                0x00006b6c                __vector_54
                0x00006be0                Print::Print()
                0x00006c04                Stream::Stream()
                0x00006c30                HardwareSerial::HardwareSerial(ring_buffer*, unsigned char volatile*, unsigned char volatile*, unsigned char volatile*, unsigned char volatile*, unsigned char volatile*, unsigned char, unsigned char, unsigned char, unsigned char, unsigned char)
                0x00006d1a                HardwareSerial::HardwareSerial(ring_buffer*, unsigned char volatile*, unsigned char volatile*, unsigned char volatile*, unsigned char volatile*, unsigned char volatile*, unsigned char, unsigned char, unsigned char, unsigned char, unsigned char)
                0x00006e04                HardwareSerial::begin(unsigned long)
                0x00006fa0                HardwareSerial::end()
                0x00007056                HardwareSerial::available()
                0x000070a4                HardwareSerial::peek()
                0x00007124                HardwareSerial::read()
                0x000071d6                HardwareSerial::flush()
                0x00007212                HardwareSerial::write(unsigned char)
 .text          0x00007456      0xa7c ./lib/arduino/Print.o
                0x00007456                String::length() const
                0x00007476                Print::write(char const*)
                0x000074cc                Print::write(unsigned char const*, unsigned int)
                0x00007546                Print::print(char const*)
                0x00007586                Print::printNumber(unsigned long, unsigned char)
                0x00007714                Print::print(unsigned long, int)
                0x00007786                Print::print(unsigned int, int)
                0x000077ce                Print::print(unsigned char, int)
                0x00007812                Print::print(long, int)
                0x000078de                Print::print(int, int)
                0x0000792a                Print::print(char, int)
                0x0000796e                Print::println()
                0x000079a2                Print::println(unsigned long, int)
                0x000079fa                Print::println(unsigned int, int)
                0x00007a40                Print::println(int, int)
                0x00007a86                Print::println(unsigned char, int)
                0x00007ac6                Print::println(char const*)
                0x00007afe                Print::println(char, int)
                0x00007b3e                Print::println(long, int)
                0x00007b96                Print::printFloat(double, unsigned char)
                0x00007d66                Print::print(double, int)
                0x00007db4                Print::println(double, int)
                0x00007e0c                Print::print(String const&)
                0x00007e9a                Print::println(String const&)
 .text          0x00007ed2      0xd50 ./lib/arduino/Tone.o
                0x00008462                disableTimer(unsigned char)
                0x0000852a                noTone(unsigned char)
                0x000085b6                __vector_13
                0x000086ac                tone(unsigned char, unsigned int, unsigned long)
 .text          0x00008c22      0x6e4 ./lib/arduino/WInterrupts.o
                0x00008c22                attachInterrupt
                0x00008e5a                detachInterrupt
                0x00008f76                __vector_1
                0x00008fe8                __vector_2
                0x0000905a                __vector_3
                0x000090cc                __vector_4
                0x0000913e                __vector_5
                0x000091b0                __vector_6
                0x00009222                __vector_7
                0x00009294                __vector_8
 .text          0x00009306      0x2aa ./lib/arduino/WMath.o
                0x00009306                map(long, long, long, long, long)
                0x000093e8                makeWord(unsigned int)
                0x00009404                makeWord(unsigned char, unsigned char)
                0x00009430                random(long)
                0x000094a8                random(long, long)
                0x0000957e                randomSeed(unsigned int)
 .text          0x000095b0     0x1b34 ./lib/arduino/WString.o
                0x000095d0                String::setCharAt(unsigned int, char)
                0x0000962c                String::operator[](unsigned int)
                0x0000969a                String::operator[](unsigned int) const
                0x000096d0                String::charAt(unsigned int) const
                0x00009700                String::toInt()
                0x0000972c                String::toCharArray(char*, unsigned int)
                0x000097be                String::getBytes(unsigned char*, unsigned int)
                0x00009850                String::~String()
                0x0000988c                String::startsWith(String const&, unsigned int) const
                0x00009914                String::startsWith(String const&) const
                0x0000996a                String::lastIndexOf(char, unsigned int) const
                0x00009a42                String::lastIndexOf(char) const
                0x00009a7a                String::indexOf(String const&, unsigned int) const
                0x00009b16                String::indexOf(String const&) const
                0x00009b4a                String::indexOf(char, unsigned int) const
                0x00009be6                String::indexOf(char) const
                0x00009c12                String::equals(String const&) const
                0x00009c72                String::endsWith(String const&) const
                0x00009cf0                String::operator>=(String const&) const
                0x00009d42                String::operator<=(String const&) const
                0x00009d96                String::operator>(String const&) const
                0x00009dea                String::operator<(String const&) const
                0x00009e3c                String::operator!=(String const&) const
                0x00009ea8                String::operator==(String const&) const
                0x00009f0c                String::compareTo(String const&) const
                0x00009f44                String::operator+=(String const&)
                0x0000a038                String::concat(String const&)
                0x0000a068                String::getBuffer(unsigned int)
                0x0000a0d0                String::operator=(String const&)
                0x0000a182                String::String(unsigned char)
                0x0000a1e0                String::String(unsigned char)
                0x0000a23e                String::String(char)
                0x0000a29c                String::String(char)
                0x0000a2fa                String::String(String const&)
                0x0000a360                String::String(String const&)
                0x0000a3c6                String::String(unsigned long, int)
                0x0000a45a                String::String(unsigned long, int)
                0x0000a4ee                String::String(unsigned int, int)
                0x0000a582                String::String(unsigned int, int)
                0x0000a616                String::String(char const*)
                0x0000a688                String::toUpperCase() const
                0x0000a72c                String::toLowerCase() const
                0x0000a7d0                String::equalsIgnoreCase(String const&) const
                0x0000a87c                String::substring(unsigned int, unsigned int) const
                0x0000a95a                String::substring(unsigned int) const
                0x0000a9a6                String::lastIndexOf(String const&, unsigned int) const
                0x0000aad2                String::lastIndexOf(String const&) const
                0x0000ab18                String::trim() const
                0x0000ac2a                String::replace(String const&, String const&)
                0x0000ad7c                String::replace(char, char)
                0x0000ae36                String::String(char const*)
                0x0000aea8                String::String(long, int)
                0x0000af3e                String::String(long, int)
                0x0000afd4                String::String(int, int)
                0x0000b05c                String::String(int, int)
 .text          0x0000b0e4        0x0 ./lib/arduino/pins_arduino.o
 .text          0x0000b0e4      0x41e ./lib/arduino/wiring.o
                0x0000b0e4                __vector_23
                0x0000b1c4                millis
                0x0000b218                micros
                0x0000b2ce                delay
                0x0000b354                delayMicroseconds
                0x0000b3a4                init
 .text          0x0000b502      0x3d2 ./lib/arduino/wiring_analog.o
                0x0000b502                analogReference
                0x0000b51c                analogRead
                0x0000b5dc                analogWrite
 .text          0x0000b8d4      0x49e ./lib/arduino/wiring_digital.o
                0x0000b8d4                pinMode
                0x0000bb96                digitalWrite
                0x0000bc9e                digitalRead
 .text          0x0000bd72      0x2a2 ./lib/arduino/wiring_pulse.o
                0x0000bd72                pulseIn
 .text          0x0000c014      0x142 ./lib/arduino/wiring_shift.o
                0x0000c014                shiftIn
                0x0000c0b4                shiftOut
 .text          0x0000c156      0x5cc ./lib/WiringSerial/wiring_serial.o
                0x0000c156                beginSerial
                0x0000c248                serialWrite
                0x0000c276                serialAvailable
                0x0000c2ac                serialRead
                0x0000c320                serialFlush
                0x0000c33e                USART_RX_vect
                0x0000c3f0                printByte
                0x0000c40a                printString
                0x0000c444                printPgmString
                0x0000c494                printIntegerInBase
                0x0000c60c                printInteger
                0x0000c676                printFloat
 .text          0x0000c722        0x0 /usr/lib/gcc/avr/4.3.5/avr51/libgcc.a(_mulsi3.o)
 .text          0x0000c722        0x0 /usr/lib/gcc/avr/4.3.5/avr51/libgcc.a(_divmodhi4.o)
 .text          0x0000c722        0x0 /usr/lib/gcc/avr/4.3.5/avr51/libgcc.a(_udivmodsi4.o)
 .text          0x0000c722        0x0 /usr/lib/gcc/avr/4.3.5/avr51/libgcc.a(_divmodsi4.o)
 .text          0x0000c722        0x0 /usr/lib/gcc/avr/4.3.5/avr51/libgcc.a(_exit.o)
 .text          0x0000c722        0x0 /usr/lib/gcc/avr/4.3.5/avr51/libgcc.a(_clear_bss.o)
 .text          0x0000c722        0x0 /usr/lib/gcc/avr/4.3.5/avr51/libgcc.a(_ctors.o)
 .text          0x0000c722       0x58 /usr/lib/gcc/avr/4.3.5/avr51/libgcc.a(_fixunssfsi.o)
                0x0000c722                __fixunssfsi
 .text          0x0000c77a      0x354 /usr/lib/gcc/avr/4.3.5/avr51/libgcc.a(_addsub_sf.o)
                0x0000ca12                __subsf3
                0x0000ca74                __addsf3
 .text          0x0000cace      0x1f4 /usr/lib/gcc/avr/4.3.5/avr51/libgcc.a(_mul_sf.o)
                0x0000cace                __mulsf3
 .text          0x0000ccc2      0x158 /usr/lib/gcc/avr/4.3.5/avr51/libgcc.a(_div_sf.o)
                0x0000ccc2                __divsf3
 .text          0x0000ce1a       0x60 /usr/lib/gcc/avr/4.3.5/avr51/libgcc.a(_ge_sf.o)
                0x0000ce1a                __gesf2
 .text          0x0000ce7a       0x60 /usr/lib/gcc/avr/4.3.5/avr51/libgcc.a(_lt_sf.o)
                0x0000ce7a                __ltsf2
 .text          0x0000ceda       0xbc /usr/lib/gcc/avr/4.3.5/avr51/libgcc.a(_si_to_sf.o)
                0x0000ceda                __floatsisf
 .text          0x0000cf96       0xa8 /usr/lib/gcc/avr/4.3.5/avr51/libgcc.a(_sf_to_si.o)
                0x0000cf96                __fixsfsi
 .text          0x0000d03e        0x0 /usr/lib/gcc/avr/4.3.5/avr51/libgcc.a(_thenan_sf.o)
 .text          0x0000d03e       0xf2 /usr/lib/gcc/avr/4.3.5/avr51/libgcc.a(_usi_to_sf.o)
                0x0000d03e                __floatunsisf
 .text          0x0000d130        0x0 /usr/lib/gcc/avr/4.3.5/avr51/libgcc.a(_udivmodhi4.o)
 .text          0x0000d130        0x0 /usr/lib/gcc/avr/4.3.5/avr51/libgcc.a(_prologue.o)
 .text          0x0000d130        0x0 /usr/lib/gcc/avr/4.3.5/avr51/libgcc.a(_epilogue.o)
 .text          0x0000d130        0x0 /usr/lib/gcc/avr/4.3.5/avr51/libgcc.a(_tablejump.o)
 .text          0x0000d130       0x9e /usr/lib/gcc/avr/4.3.5/avr51/libgcc.a(_clzsi2.o)
                0x0000d130                __clzsi2
 .text          0x0000d1ce      0x1aa /usr/lib/gcc/avr/4.3.5/avr51/libgcc.a(_pack_sf.o)
                0x0000d1ce                __pack_f
 .text          0x0000d378       0xf0 /usr/lib/gcc/avr/4.3.5/avr51/libgcc.a(_unpack_sf.o)
                0x0000d378                __unpack_f
 .text          0x0000d468       0xb2 /usr/lib/gcc/avr/4.3.5/avr51/libgcc.a(_fpcmp_parts_sf.o)
                0x0000d468                __fpcmp_parts_f
 .text          0x0000d51a        0x0 /usr/lib/gcc/avr/4.3.5/avr51/libgcc.a(_clz.o)
 .text          0x0000d51a        0x0 /usr/lib/gcc/avr/4.3.5/../../../avr/lib/avr51/libm.a(modf.o)
 .text          0x0000d51a        0x0 /usr/lib/gcc/avr/4.3.5/../../../avr/lib/avr51/libm.a(round.o)
 .text          0x0000d51a        0x0 /usr/lib/gcc/avr/4.3.5/../../../avr/lib/avr51/libm.a(sqrt.o)
 .text          0x0000d51a        0x0 /usr/lib/gcc/avr/4.3.5/../../../avr/lib/avr51/libm.a(fp_mintl.o)
 .text          0x0000d51a        0x0 /usr/lib/gcc/avr/4.3.5/../../../avr/lib/avr51/libm.a(fp_mpack.o)
 .text          0x0000d51a        0x0 /usr/lib/gcc/avr/4.3.5/../../../avr/lib/avr51/libm.a(fp_nan.o)
 .text          0x0000d51a        0x0 /usr/lib/gcc/avr/4.3.5/../../../avr/lib/avr51/libm.a(fp_norm2.o)
 .text          0x0000d51a        0x0 /usr/lib/gcc/avr/4.3.5/../../../avr/lib/avr51/libm.a(fp_split3.o)
 .text          0x0000d51a        0x0 /usr/lib/gcc/avr/4.3.5/../../../avr/lib/avr51/libm.a(fp_zero.o)
 .text          0x0000d51a        0x0 /usr/lib/gcc/avr/4.3.5/../../../avr/lib/avr51/libc.a(malloc.o)
 .text          0x0000d51a        0x0 /usr/lib/gcc/avr/4.3.5/../../../avr/lib/avr51/libc.a(random.o)
 .text          0x0000d51a        0x0 /usr/lib/gcc/avr/4.3.5/../../../avr/lib/avr51/libc.a(realloc.o)
 .text          0x0000d51a        0x0 /usr/lib/gcc/avr/4.3.5/../../../avr/lib/avr51/libc.a(strtod.o)
 .text          0x0000d51a        0x0 /usr/lib/gcc/avr/4.3.5/../../../avr/lib/avr51/libc.a(strtol.o)
 .text          0x0000d51a        0x0 /usr/lib/gcc/avr/4.3.5/../../../avr/lib/avr51/libc.a(atol.o)
 .text          0x0000d51a        0x0 /usr/lib/gcc/avr/4.3.5/../../../avr/lib/avr51/libc.a(isspace.o)
 .text          0x0000d51a        0x0 /usr/lib/gcc/avr/4.3.5/../../../avr/lib/avr51/libc.a(tolower.o)
 .text          0x0000d51a        0x0 /usr/lib/gcc/avr/4.3.5/../../../avr/lib/avr51/libc.a(toupper.o)
 .text          0x0000d51a        0x0 /usr/lib/gcc/avr/4.3.5/../../../avr/lib/avr51/libc.a(strncasecmp_P.o)
 .text          0x0000d51a        0x0 /usr/lib/gcc/avr/4.3.5/../../../avr/lib/avr51/libc.a(memcpy.o)
 .text          0x0000d51a        0x0 /usr/lib/gcc/avr/4.3.5/../../../avr/lib/avr51/libc.a(strcat.o)
 .text          0x0000d51a        0x0 /usr/lib/gcc/avr/4.3.5/../../../avr/lib/avr51/libc.a(strchr.o)
 .text          0x0000d51a        0x0 /usr/lib/gcc/avr/4.3.5/../../../avr/lib/avr51/libc.a(strcmp.o)
 .text          0x0000d51a        0x0 /usr/lib/gcc/avr/4.3.5/../../../avr/lib/avr51/libc.a(strcpy.o)
 .text          0x0000d51a        0x0 /usr/lib/gcc/avr/4.3.5/../../../avr/lib/avr51/libc.a(strlen.o)
 .text          0x0000d51a        0x0 /usr/lib/gcc/avr/4.3.5/../../../avr/lib/avr51/libc.a(strncmp.o)
 .text          0x0000d51a        0x0 /usr/lib/gcc/avr/4.3.5/../../../avr/lib/avr51/libc.a(strncpy.o)
 .text          0x0000d51a        0x0 /usr/lib/gcc/avr/4.3.5/../../../avr/lib/avr51/libc.a(strrchr.o)
 .text          0x0000d51a        0x0 /usr/lib/gcc/avr/4.3.5/../../../avr/lib/avr51/libc.a(strstr.o)
 .text          0x0000d51a        0x0 /usr/lib/gcc/avr/4.3.5/../../../avr/lib/avr51/libc.a(itoa.o)
 .text          0x0000d51a        0x0 /usr/lib/gcc/avr/4.3.5/../../../avr/lib/avr51/libc.a(ltoa.o)
 .text          0x0000d51a        0x0 /usr/lib/gcc/avr/4.3.5/../../../avr/lib/avr51/libc.a(mulsi10.o)
 .text          0x0000d51a        0x0 /usr/lib/gcc/avr/4.3.5/../../../avr/lib/avr51/libc.a(ultoa.o)
 .text          0x0000d51a        0x0 /usr/lib/gcc/avr/4.3.5/../../../avr/lib/avr51/libc.a(sprintf.o)
 .text          0x0000d51a        0x0 /usr/lib/gcc/avr/4.3.5/../../../avr/lib/avr51/libc.a(cmpsf2.o)
 .text          0x0000d51a        0x0 /usr/lib/gcc/avr/4.3.5/../../../avr/lib/avr51/libc.a(fp_cmp.o)
 .text          0x0000d51a        0x0 /usr/lib/gcc/avr/4.3.5/../../../avr/lib/avr51/libc.a(vfprintf_std.o)
 .text          0x0000d51a        0x0 /usr/lib/gcc/avr/4.3.5/../../../avr/lib/avr51/libc.a(errno.o)
 .text          0x0000d51a        0x0 /usr/lib/gcc/avr/4.3.5/../../../avr/lib/avr51/libc.a(cty_isfalse.o)
 .text          0x0000d51a        0x0 /usr/lib/gcc/avr/4.3.5/../../../avr/lib/avr51/libc.a(strnlen_P.o)
 .text          0x0000d51a        0x0 /usr/lib/gcc/avr/4.3.5/../../../avr/lib/avr51/libc.a(strnlen.o)
 .text          0x0000d51a        0x0 /usr/lib/gcc/avr/4.3.5/../../../avr/lib/avr51/libc.a(strrev.o)
 .text          0x0000d51a        0x0 /usr/lib/gcc/avr/4.3.5/../../../avr/lib/avr51/libc.a(fputc.o)
 .text          0x0000d51a        0x0 /usr/lib/gcc/avr/4.3.5/../../../avr/lib/avr51/libc.a(ultoa_invert.o)
                0x0000d51a                . = ALIGN (0x2)
 *(.text.*)
 .text.libgcc   0x0000d51a       0x3e /usr/lib/gcc/avr/4.3.5/avr51/libgcc.a(_mulsi3.o)
                0x0000d51a                __mulsi3
 .text.libgcc   0x0000d558       0x26 /usr/lib/gcc/avr/4.3.5/avr51/libgcc.a(_divmodhi4.o)
                0x0000d558                __divmodhi4
                0x0000d558                _div
 .text.libgcc   0x0000d57e       0x44 /usr/lib/gcc/avr/4.3.5/avr51/libgcc.a(_udivmodsi4.o)
                0x0000d57e                __udivmodsi4
 .text.libgcc   0x0000d5c2       0x36 /usr/lib/gcc/avr/4.3.5/avr51/libgcc.a(_divmodsi4.o)
                0x0000d5c2                __divmodsi4
 .text.libgcc   0x0000d5f8        0x0 /usr/lib/gcc/avr/4.3.5/avr51/libgcc.a(_exit.o)
 .text.libgcc   0x0000d5f8        0x0 /usr/lib/gcc/avr/4.3.5/avr51/libgcc.a(_clear_bss.o)
 .text.libgcc   0x0000d5f8        0x0 /usr/lib/gcc/avr/4.3.5/avr51/libgcc.a(_ctors.o)
 .text.libgcc   0x0000d5f8       0x28 /usr/lib/gcc/avr/4.3.5/avr51/libgcc.a(_udivmodhi4.o)
                0x0000d5f8                __udivmodhi4
 .text.libgcc   0x0000d620       0x38 /usr/lib/gcc/avr/4.3.5/avr51/libgcc.a(_prologue.o)
                0x0000d620                __prologue_saves__
 .text.libgcc   0x0000d658       0x36 /usr/lib/gcc/avr/4.3.5/avr51/libgcc.a(_epilogue.o)
                0x0000d658                __epilogue_restores__
 .text.libgcc   0x0000d68e        0xc /usr/lib/gcc/avr/4.3.5/avr51/libgcc.a(_tablejump.o)
                0x0000d68e                __tablejump2__
                0x0000d692                __tablejump__
 .text.avr-libc.fplib
                0x0000d69a       0x66 /usr/lib/gcc/avr/4.3.5/../../../avr/lib/avr51/libm.a(modf.o)
                0x0000d69a                modff
                0x0000d69a                modf
 .text.avr-libc.fplib
                0x0000d700       0x40 /usr/lib/gcc/avr/4.3.5/../../../avr/lib/avr51/libm.a(round.o)
                0x0000d700                round
 .text.avr-libc.fplib
                0x0000d740       0x84 /usr/lib/gcc/avr/4.3.5/../../../avr/lib/avr51/libm.a(sqrt.o)
                0x0000d748                sqrt
 .text.avr-libc.fplib
                0x0000d7c4       0x36 /usr/lib/gcc/avr/4.3.5/../../../avr/lib/avr51/libm.a(fp_mintl.o)
                0x0000d7c4                __fp_mintl
 .text.avr-libc.fplib
                0x0000d7fa       0x1c /usr/lib/gcc/avr/4.3.5/../../../avr/lib/avr51/libm.a(fp_mpack.o)
                0x0000d7fa                __fp_mpack
                0x0000d7fe                __fp_mpack_finite
 .text.avr-libc.fplib
                0x0000d816        0x6 /usr/lib/gcc/avr/4.3.5/../../../avr/lib/avr51/libm.a(fp_nan.o)
                0x0000d816                __fp_nan
 .text.avr-libc.fplib
                0x0000d81c        0xe /usr/lib/gcc/avr/4.3.5/../../../avr/lib/avr51/libm.a(fp_norm2.o)
                0x0000d81c                __fp_norm2
 .text.avr-libc.fplib
                0x0000d82a       0x44 /usr/lib/gcc/avr/4.3.5/../../../avr/lib/avr51/libm.a(fp_split3.o)
                0x0000d82a                __fp_split3
                0x0000d83a                __fp_splitA
 .text.avr-libc.fplib
                0x0000d86e        0xe /usr/lib/gcc/avr/4.3.5/../../../avr/lib/avr51/libm.a(fp_zero.o)
                0x0000d86e                __fp_zero
                0x0000d870                __fp_szero
 .text.avr-libc
                0x0000d87c      0x20a /usr/lib/gcc/avr/4.3.5/../../../avr/lib/avr51/libc.a(malloc.o)
                0x0000d87c                malloc
                0x0000d9d6                free
 .text.avr-libc
                0x0000da86       0xd6 /usr/lib/gcc/avr/4.3.5/../../../avr/lib/avr51/libc.a(random.o)
                0x0000db3a                random_r
                0x0000db40                random
                0x0000db4a                srandom
 .text.avr-libc
                0x0000db5c      0x1b8 /usr/lib/gcc/avr/4.3.5/../../../avr/lib/avr51/libc.a(realloc.o)
                0x0000db5c                realloc
 .text.avr-libc
                0x0000dd14      0x2dc /usr/lib/gcc/avr/4.3.5/../../../avr/lib/avr51/libc.a(strtod.o)
                0x0000dd14                strtod
 .text.avr-libc
                0x0000dff0      0x25e /usr/lib/gcc/avr/4.3.5/../../../avr/lib/avr51/libc.a(strtol.o)
                0x0000dff0                strtol
 .text.avr-libc
                0x0000e24e       0x4e /usr/lib/gcc/avr/4.3.5/../../../avr/lib/avr51/libc.a(atol.o)
                0x0000e24e                atol
 .text.avr-libc
                0x0000e29c       0x10 /usr/lib/gcc/avr/4.3.5/../../../avr/lib/avr51/libc.a(isspace.o)
                0x0000e29c                isspace
 .text.avr-libc
                0x0000e2ac       0x10 /usr/lib/gcc/avr/4.3.5/../../../avr/lib/avr51/libc.a(tolower.o)
                0x0000e2ac                tolower
 .text.avr-libc
                0x0000e2bc       0x10 /usr/lib/gcc/avr/4.3.5/../../../avr/lib/avr51/libc.a(toupper.o)
                0x0000e2bc                toupper
 .text.avr-libc
                0x0000e2cc       0x30 /usr/lib/gcc/avr/4.3.5/../../../avr/lib/avr51/libc.a(strncasecmp_P.o)
                0x0000e2cc                strncasecmp_P
 .text.avr-libc
                0x0000e2fc       0x12 /usr/lib/gcc/avr/4.3.5/../../../avr/lib/avr51/libc.a(memcpy.o)
                0x0000e2fc                memcpy
 .text.avr-libc
                0x0000e30e       0x16 /usr/lib/gcc/avr/4.3.5/../../../avr/lib/avr51/libc.a(strcat.o)
                0x0000e30e                strcat
 .text.avr-libc
                0x0000e324       0x16 /usr/lib/gcc/avr/4.3.5/../../../avr/lib/avr51/libc.a(strchr.o)
                0x0000e324                strchr
 .text.avr-libc
                0x0000e33a       0x12 /usr/lib/gcc/avr/4.3.5/../../../avr/lib/avr51/libc.a(strcmp.o)
                0x0000e33a                strcmp
 .text.avr-libc
                0x0000e34c        0xe /usr/lib/gcc/avr/4.3.5/../../../avr/lib/avr51/libc.a(strcpy.o)
                0x0000e34c                strcpy
 .text.avr-libc
                0x0000e35a       0x12 /usr/lib/gcc/avr/4.3.5/../../../avr/lib/avr51/libc.a(strlen.o)
                0x0000e35a                strlen
 .text.avr-libc
                0x0000e36c       0x1c /usr/lib/gcc/avr/4.3.5/../../../avr/lib/avr51/libc.a(strncmp.o)
                0x0000e36c                strncmp
 .text.avr-libc
                0x0000e388       0x1e /usr/lib/gcc/avr/4.3.5/../../../avr/lib/avr51/libc.a(strncpy.o)
                0x0000e388                strncpy
 .text.avr-libc
                0x0000e3a6       0x16 /usr/lib/gcc/avr/4.3.5/../../../avr/lib/avr51/libc.a(strrchr.o)
                0x0000e3a6                strrchr
 .text.avr-libc
                0x0000e3bc       0x34 /usr/lib/gcc/avr/4.3.5/../../../avr/lib/avr51/libc.a(strstr.o)
                0x0000e3bc                strstr
 .text.avr-libc
                0x0000e3f0       0x42 /usr/lib/gcc/avr/4.3.5/../../../avr/lib/avr51/libc.a(itoa.o)
                0x0000e3f0                itoa
 .text.avr-libc
                0x0000e432       0x68 /usr/lib/gcc/avr/4.3.5/../../../avr/lib/avr51/libc.a(ltoa.o)
                0x0000e432                ltoa
 .text.avr-libc
                0x0000e49a       0x2a /usr/lib/gcc/avr/4.3.5/../../../avr/lib/avr51/libc.a(mulsi10.o)
                0x0000e49a                __mulsi_const_10
 .text.avr-libc
                0x0000e4c4       0x4a /usr/lib/gcc/avr/4.3.5/../../../avr/lib/avr51/libc.a(ultoa.o)
                0x0000e4c4                ultoa
 .text.avr-libc
                0x0000e50e       0x62 /usr/lib/gcc/avr/4.3.5/../../../avr/lib/avr51/libc.a(sprintf.o)
                0x0000e50e                sprintf
 .text.avr-libc.fplib
                0x0000e570        0x8 /usr/lib/gcc/avr/4.3.5/../../../avr/lib/avr51/libc.a(cmpsf2.o)
                0x0000e570                __lesf2
                0x0000e570                __nesf2
                0x0000e570                __eqsf2
                0x0000e570                __cmpsf2
 .text.avr-libc.fplib
                0x0000e578       0x48 /usr/lib/gcc/avr/4.3.5/../../../avr/lib/avr51/libc.a(fp_cmp.o)
                0x0000e578                __fp_cmp
 .text.avr-libc
                0x0000e5c0      0x40c /usr/lib/gcc/avr/4.3.5/../../../avr/lib/avr51/libc.a(vfprintf_std.o)
                0x0000e5c0                vfprintf
 .text.avr-libc
                0x0000e9cc        0x6 /usr/lib/gcc/avr/4.3.5/../../../avr/lib/avr51/libc.a(cty_isfalse.o)
                0x0000e9cc                __ctype_isfalse
                0x0000e9d0                __ctype_istrue
 .text.avr-libc
                0x0000e9d2       0x16 /usr/lib/gcc/avr/4.3.5/../../../avr/lib/avr51/libc.a(strnlen_P.o)
                0x0000e9d2                strnlen_P
 .text.avr-libc
                0x0000e9e8       0x16 /usr/lib/gcc/avr/4.3.5/../../../avr/lib/avr51/libc.a(strnlen.o)
                0x0000e9e8                strnlen
 .text.avr-libc
                0x0000e9fe       0x20 /usr/lib/gcc/avr/4.3.5/../../../avr/lib/avr51/libc.a(strrev.o)
                0x0000e9fe                strrev
 .text.avr-libc
                0x0000ea1e       0x58 /usr/lib/gcc/avr/4.3.5/../../../avr/lib/avr51/libc.a(fputc.o)
                0x0000ea1e                fputc
 .text.avr-libc
                0x0000ea76       0xbc /usr/lib/gcc/avr/4.3.5/../../../avr/lib/avr51/libc.a(ultoa_invert.o)
                0x0000ea76                __ultoa_invert
                0x0000eb32                . = ALIGN (0x2)
 *(.fini9)
 .fini9         0x0000eb32        0x0 /usr/lib/gcc/avr/4.3.5/avr51/libgcc.a(_exit.o)
                0x0000eb32                exit
                0x0000eb32                _exit
 *(.fini9)
 *(.fini8)
 *(.fini8)
 *(.fini7)
 *(.fini7)
 *(.fini6)
 *(.fini6)
 *(.fini5)
 *(.fini5)
 *(.fini4)
 *(.fini4)
 *(.fini3)
 *(.fini3)
 *(.fini2)
 *(.fini2)
 *(.fini1)
 *(.fini1)
 *(.fini0)
 .fini0         0x0000eb32        0x4 /usr/lib/gcc/avr/4.3.5/avr51/libgcc.a(_exit.o)
 *(.fini0)
                0x0000eb36                _etext = .

.data           0x00800200      0x37a load address 0x0000eb36
                0x00800200                PROVIDE (__data_start, .)
 *(.data)
 .data          0x00800200        0x0 /usr/lib/gcc/avr/4.3.5/../../../avr/lib/avr51/crtm1280.o
 .data          0x00800200        0x0 ./src/cartesian_dda.o
 .data          0x00800200        0x0 ./src/fancy.o
 .data          0x00800200       0x90 ./src/firmware.o
                0x00800281                EXTRUDER_NAME
                0x0080028e                HEATED_BED_NAME
 .data          0x00800290       0x2d ./src/hostcom.o
 .data          0x008002bd        0x0 ./src/main.o
 .data          0x008002bd      0x167 ./src/process_g_code.o
                0x0080041f                c
                0x00800420                SendDebug
                0x00800421                last_gcode_g
                0x00800423                abs_mode
 .data          0x00800424        0x0 ./src/toolhead_stepper.o
 .data          0x00800424        0x0 ./src/vectors.o
 .data          0x00800424       0x24 ./lib/arduino/HardwareSerial.o
                0x00800424                vtable for HardwareSerial
                0x00800436                vtable for Stream
 .data          0x00800448        0xc ./lib/arduino/Print.o
                0x0080044a                vtable for Print
 .data          0x00800454        0x1 ./lib/arduino/Tone.o
 .data          0x00800455        0x0 ./lib/arduino/WInterrupts.o
 .data          0x00800455        0x0 ./lib/arduino/WMath.o
 .data          0x00800455        0x1 ./lib/arduino/WString.o
 .data          0x00800456        0x4 ./lib/arduino/pins_arduino.o
 .data          0x0080045a        0x0 ./lib/arduino/wiring.o
 .data          0x0080045a        0x5 ./lib/arduino/wiring_analog.o
                0x0080045e                analog_reference
 .data          0x0080045f        0x4 ./lib/arduino/wiring_digital.o
 .data          0x00800463        0x4 ./lib/arduino/wiring_pulse.o
 .data          0x00800467        0x0 ./lib/arduino/wiring_shift.o
 .data          0x00800467        0x0 ./lib/WiringSerial/wiring_serial.o
 .data          0x00800467        0x0 /usr/lib/gcc/avr/4.3.5/avr51/libgcc.a(_mulsi3.o)
 .data          0x00800467        0x0 /usr/lib/gcc/avr/4.3.5/avr51/libgcc.a(_divmodhi4.o)
 .data          0x00800467        0x0 /usr/lib/gcc/avr/4.3.5/avr51/libgcc.a(_udivmodsi4.o)
 .data          0x00800467        0x0 /usr/lib/gcc/avr/4.3.5/avr51/libgcc.a(_divmodsi4.o)
 .data          0x00800467        0x0 /usr/lib/gcc/avr/4.3.5/avr51/libgcc.a(_exit.o)
 .data          0x00800467        0x0 /usr/lib/gcc/avr/4.3.5/avr51/libgcc.a(_clear_bss.o)
 .data          0x00800467        0x0 /usr/lib/gcc/avr/4.3.5/avr51/libgcc.a(_ctors.o)
 .data          0x00800467        0x0 /usr/lib/gcc/avr/4.3.5/avr51/libgcc.a(_fixunssfsi.o)
 .data          0x00800467        0x0 /usr/lib/gcc/avr/4.3.5/avr51/libgcc.a(_addsub_sf.o)
 .data          0x00800467        0x0 /usr/lib/gcc/avr/4.3.5/avr51/libgcc.a(_mul_sf.o)
 .data          0x00800467        0x0 /usr/lib/gcc/avr/4.3.5/avr51/libgcc.a(_div_sf.o)
 .data          0x00800467        0x0 /usr/lib/gcc/avr/4.3.5/avr51/libgcc.a(_ge_sf.o)
 .data          0x00800467        0x0 /usr/lib/gcc/avr/4.3.5/avr51/libgcc.a(_lt_sf.o)
 .data          0x00800467        0x0 /usr/lib/gcc/avr/4.3.5/avr51/libgcc.a(_si_to_sf.o)
 .data          0x00800467        0x0 /usr/lib/gcc/avr/4.3.5/avr51/libgcc.a(_sf_to_si.o)
 .data          0x00800467        0x8 /usr/lib/gcc/avr/4.3.5/avr51/libgcc.a(_thenan_sf.o)
                0x00800467                __thenan_sf
 .data          0x0080046f        0x0 /usr/lib/gcc/avr/4.3.5/avr51/libgcc.a(_usi_to_sf.o)
 .data          0x0080046f        0x0 /usr/lib/gcc/avr/4.3.5/avr51/libgcc.a(_udivmodhi4.o)
 .data          0x0080046f        0x0 /usr/lib/gcc/avr/4.3.5/avr51/libgcc.a(_prologue.o)
 .data          0x0080046f        0x0 /usr/lib/gcc/avr/4.3.5/avr51/libgcc.a(_epilogue.o)
 .data          0x0080046f        0x0 /usr/lib/gcc/avr/4.3.5/avr51/libgcc.a(_tablejump.o)
 .data          0x0080046f        0x0 /usr/lib/gcc/avr/4.3.5/avr51/libgcc.a(_clzsi2.o)
 .data          0x0080046f        0x0 /usr/lib/gcc/avr/4.3.5/avr51/libgcc.a(_pack_sf.o)
 .data          0x0080046f        0x0 /usr/lib/gcc/avr/4.3.5/avr51/libgcc.a(_unpack_sf.o)
 .data          0x0080046f        0x0 /usr/lib/gcc/avr/4.3.5/avr51/libgcc.a(_fpcmp_parts_sf.o)
 .data          0x0080046f      0x100 /usr/lib/gcc/avr/4.3.5/avr51/libgcc.a(_clz.o)
                0x0080046f                __clz_tab
 .data          0x0080056f        0x0 /usr/lib/gcc/avr/4.3.5/../../../avr/lib/avr51/libm.a(modf.o)
 .data          0x0080056f        0x0 /usr/lib/gcc/avr/4.3.5/../../../avr/lib/avr51/libm.a(round.o)
 .data          0x0080056f        0x0 /usr/lib/gcc/avr/4.3.5/../../../avr/lib/avr51/libm.a(sqrt.o)
 .data          0x0080056f        0x0 /usr/lib/gcc/avr/4.3.5/../../../avr/lib/avr51/libm.a(fp_mintl.o)
 .data          0x0080056f        0x0 /usr/lib/gcc/avr/4.3.5/../../../avr/lib/avr51/libm.a(fp_mpack.o)
 .data          0x0080056f        0x0 /usr/lib/gcc/avr/4.3.5/../../../avr/lib/avr51/libm.a(fp_nan.o)
 .data          0x0080056f        0x0 /usr/lib/gcc/avr/4.3.5/../../../avr/lib/avr51/libm.a(fp_norm2.o)
 .data          0x0080056f        0x0 /usr/lib/gcc/avr/4.3.5/../../../avr/lib/avr51/libm.a(fp_split3.o)
 .data          0x0080056f        0x0 /usr/lib/gcc/avr/4.3.5/../../../avr/lib/avr51/libm.a(fp_zero.o)
 .data          0x0080056f        0x6 /usr/lib/gcc/avr/4.3.5/../../../avr/lib/avr51/libc.a(malloc.o)
                0x0080056f                __malloc_margin
                0x00800571                __malloc_heap_start
                0x00800573                __malloc_heap_end
 .data          0x00800575        0x4 /usr/lib/gcc/avr/4.3.5/../../../avr/lib/avr51/libc.a(random.o)
 .data          0x00800579        0x0 /usr/lib/gcc/avr/4.3.5/../../../avr/lib/avr51/libc.a(realloc.o)
 .data          0x00800579        0x0 /usr/lib/gcc/avr/4.3.5/../../../avr/lib/avr51/libc.a(strtod.o)
 .data          0x00800579        0x0 /usr/lib/gcc/avr/4.3.5/../../../avr/lib/avr51/libc.a(strtol.o)
 .data          0x00800579        0x0 /usr/lib/gcc/avr/4.3.5/../../../avr/lib/avr51/libc.a(atol.o)
 .data          0x00800579        0x0 /usr/lib/gcc/avr/4.3.5/../../../avr/lib/avr51/libc.a(isspace.o)
 .data          0x00800579        0x0 /usr/lib/gcc/avr/4.3.5/../../../avr/lib/avr51/libc.a(tolower.o)
 .data          0x00800579        0x0 /usr/lib/gcc/avr/4.3.5/../../../avr/lib/avr51/libc.a(toupper.o)
 .data          0x00800579        0x0 /usr/lib/gcc/avr/4.3.5/../../../avr/lib/avr51/libc.a(strncasecmp_P.o)
 .data          0x00800579        0x0 /usr/lib/gcc/avr/4.3.5/../../../avr/lib/avr51/libc.a(memcpy.o)
 .data          0x00800579        0x0 /usr/lib/gcc/avr/4.3.5/../../../avr/lib/avr51/libc.a(strcat.o)
 .data          0x00800579        0x0 /usr/lib/gcc/avr/4.3.5/../../../avr/lib/avr51/libc.a(strchr.o)
 .data          0x00800579        0x0 /usr/lib/gcc/avr/4.3.5/../../../avr/lib/avr51/libc.a(strcmp.o)
 .data          0x00800579        0x0 /usr/lib/gcc/avr/4.3.5/../../../avr/lib/avr51/libc.a(strcpy.o)
 .data          0x00800579        0x0 /usr/lib/gcc/avr/4.3.5/../../../avr/lib/avr51/libc.a(strlen.o)
 .data          0x00800579        0x0 /usr/lib/gcc/avr/4.3.5/../../../avr/lib/avr51/libc.a(strncmp.o)
 .data          0x00800579        0x0 /usr/lib/gcc/avr/4.3.5/../../../avr/lib/avr51/libc.a(strncpy.o)
 .data          0x00800579        0x0 /usr/lib/gcc/avr/4.3.5/../../../avr/lib/avr51/libc.a(strrchr.o)
 .data          0x00800579        0x0 /usr/lib/gcc/avr/4.3.5/../../../avr/lib/avr51/libc.a(strstr.o)
 .data          0x00800579        0x0 /usr/lib/gcc/avr/4.3.5/../../../avr/lib/avr51/libc.a(itoa.o)
 .data          0x00800579        0x0 /usr/lib/gcc/avr/4.3.5/../../../avr/lib/avr51/libc.a(ltoa.o)
 .data          0x00800579        0x0 /usr/lib/gcc/avr/4.3.5/../../../avr/lib/avr51/libc.a(mulsi10.o)
 .data          0x00800579        0x0 /usr/lib/gcc/avr/4.3.5/../../../avr/lib/avr51/libc.a(ultoa.o)
 .data          0x00800579        0x0 /usr/lib/gcc/avr/4.3.5/../../../avr/lib/avr51/libc.a(sprintf.o)
 .data          0x00800579        0x0 /usr/lib/gcc/avr/4.3.5/../../../avr/lib/avr51/libc.a(cmpsf2.o)
 .data          0x00800579        0x0 /usr/lib/gcc/avr/4.3.5/../../../avr/lib/avr51/libc.a(fp_cmp.o)
 .data          0x00800579        0x0 /usr/lib/gcc/avr/4.3.5/../../../avr/lib/avr51/libc.a(vfprintf_std.o)
 .data          0x00800579        0x0 /usr/lib/gcc/avr/4.3.5/../../../avr/lib/avr51/libc.a(errno.o)
 .data          0x00800579        0x0 /usr/lib/gcc/avr/4.3.5/../../../avr/lib/avr51/libc.a(cty_isfalse.o)
 .data          0x00800579        0x0 /usr/lib/gcc/avr/4.3.5/../../../avr/lib/avr51/libc.a(strnlen_P.o)
 .data          0x00800579        0x0 /usr/lib/gcc/avr/4.3.5/../../../avr/lib/avr51/libc.a(strnlen.o)
 .data          0x00800579        0x0 /usr/lib/gcc/avr/4.3.5/../../../avr/lib/avr51/libc.a(strrev.o)
 .data          0x00800579        0x0 /usr/lib/gcc/avr/4.3.5/../../../avr/lib/avr51/libc.a(fputc.o)
 .data          0x00800579        0x0 /usr/lib/gcc/avr/4.3.5/../../../avr/lib/avr51/libc.a(ultoa_invert.o)
 *(.data*)
 *(.rodata)
 *(.rodata*)
 *(.gnu.linkonce.d*)
                0x0080057a                . = ALIGN (0x2)
 *fill*         0x00800579        0x1 00
                0x0080057a                _edata = .
                0x0080057a                PROVIDE (__data_end, .)

.bss            0x0080057a      0xe3a
                0x0080057a                PROVIDE (__bss_start, .)
 *(.bss)
 .bss           0x0080057a        0x0 /usr/lib/gcc/avr/4.3.5/../../../avr/lib/avr51/crtm1280.o
 .bss           0x0080057a      0x11c ./src/cartesian_dda.o
                0x0080057a                extruder_in_use
 .bss           0x00800696      0x11c ./src/fancy.o
 .bss           0x008007b2      0x3fc ./src/firmware.o
                0x008007b4                waitForTemperature
                0x008007b6                waitForAllTemperatures
                0x008007b8                heatedBed
                0x008007ba                ex0
                0x008007c6                cdda
                0x008007ce                head
                0x008007cf                tail
                0x008007d0                led
                0x008007d1                interruptBlink
                0x008007d3                where_i_am
                0x008007e7                nonest
 .bss           0x00800bae      0x11c ./src/hostcom.o
 .bss           0x00800cca        0x0 ./src/main.o
 .bss           0x00800cca      0x208 ./src/process_g_code.o
                0x00800ccc                cmdbuffer
                0x00800d4c                serial_count
                0x00800d4d                comment
                0x00800d4e                fp
                0x00800d62                sp
                0x00800d76                extruder_speed
                0x00800d7a                gc
 .bss           0x00800ed2      0x11c ./src/toolhead_stepper.o
 .bss           0x00800fee      0x11c ./src/vectors.o
 .bss           0x0080110a      0x25c ./lib/arduino/HardwareSerial.o
                0x0080110a                rx_buffer
                0x0080118e                rx_buffer1
                0x00801212                rx_buffer2
                0x00801296                rx_buffer3
                0x0080131a                Serial
                0x0080132d                Serial1
                0x00801340                Serial2
                0x00801353                Serial3
 .bss           0x00801366        0x0 ./lib/arduino/Print.o
 .bss           0x00801366       0x2a ./lib/arduino/Tone.o
                0x00801366                timer0_toggle_count
                0x0080136a                timer0_pin_port
                0x0080136c                timer0_pin_mask
                0x0080136d                timer1_toggle_count
                0x00801371                timer1_pin_port
                0x00801373                timer1_pin_mask
                0x00801374                timer2_toggle_count
                0x00801378                timer2_pin_port
                0x0080137a                timer2_pin_mask
                0x0080137b                timer3_toggle_count
                0x0080137f                timer3_pin_port
                0x00801381                timer3_pin_mask
                0x00801382                timer4_toggle_count
                0x00801386                timer4_pin_port
                0x00801388                timer4_pin_mask
                0x00801389                timer5_toggle_count
                0x0080138d                timer5_pin_port
                0x0080138f                timer5_pin_mask
 .bss           0x00801390       0x10 ./lib/arduino/WInterrupts.o
 .bss           0x008013a0        0x0 ./lib/arduino/WMath.o
 .bss           0x008013a0        0x1 ./lib/arduino/WString.o
 .bss           0x008013a1        0x0 ./lib/arduino/pins_arduino.o
 .bss           0x008013a1        0x9 ./lib/arduino/wiring.o
                0x008013a1                timer0_overflow_count
                0x008013a5                timer0_millis
 .bss           0x008013aa        0x0 ./lib/arduino/wiring_analog.o
 .bss           0x008013aa        0x0 ./lib/arduino/wiring_digital.o
 .bss           0x008013aa        0x0 ./lib/arduino/wiring_pulse.o
 .bss           0x008013aa        0x0 ./lib/arduino/wiring_shift.o
 .bss           0x008013aa        0x4 ./lib/WiringSerial/wiring_serial.o
                0x008013aa                rx_buffer_head
                0x008013ac                rx_buffer_tail
 .bss           0x008013ae        0x0 /usr/lib/gcc/avr/4.3.5/avr51/libgcc.a(_mulsi3.o)
 .bss           0x008013ae        0x0 /usr/lib/gcc/avr/4.3.5/avr51/libgcc.a(_divmodhi4.o)
 .bss           0x008013ae        0x0 /usr/lib/gcc/avr/4.3.5/avr51/libgcc.a(_udivmodsi4.o)
 .bss           0x008013ae        0x0 /usr/lib/gcc/avr/4.3.5/avr51/libgcc.a(_divmodsi4.o)
 .bss           0x008013ae        0x0 /usr/lib/gcc/avr/4.3.5/avr51/libgcc.a(_exit.o)
 .bss           0x008013ae        0x0 /usr/lib/gcc/avr/4.3.5/avr51/libgcc.a(_clear_bss.o)
 .bss           0x008013ae        0x0 /usr/lib/gcc/avr/4.3.5/avr51/libgcc.a(_ctors.o)
 .bss           0x008013ae        0x0 /usr/lib/gcc/avr/4.3.5/avr51/libgcc.a(_fixunssfsi.o)
 .bss           0x008013ae        0x0 /usr/lib/gcc/avr/4.3.5/avr51/libgcc.a(_addsub_sf.o)
 .bss           0x008013ae        0x0 /usr/lib/gcc/avr/4.3.5/avr51/libgcc.a(_mul_sf.o)
 .bss           0x008013ae        0x0 /usr/lib/gcc/avr/4.3.5/avr51/libgcc.a(_div_sf.o)
 .bss           0x008013ae        0x0 /usr/lib/gcc/avr/4.3.5/avr51/libgcc.a(_ge_sf.o)
 .bss           0x008013ae        0x0 /usr/lib/gcc/avr/4.3.5/avr51/libgcc.a(_lt_sf.o)
 .bss           0x008013ae        0x0 /usr/lib/gcc/avr/4.3.5/avr51/libgcc.a(_si_to_sf.o)
 .bss           0x008013ae        0x0 /usr/lib/gcc/avr/4.3.5/avr51/libgcc.a(_sf_to_si.o)
 .bss           0x008013ae        0x0 /usr/lib/gcc/avr/4.3.5/avr51/libgcc.a(_thenan_sf.o)
 .bss           0x008013ae        0x0 /usr/lib/gcc/avr/4.3.5/avr51/libgcc.a(_usi_to_sf.o)
 .bss           0x008013ae        0x0 /usr/lib/gcc/avr/4.3.5/avr51/libgcc.a(_udivmodhi4.o)
 .bss           0x008013ae        0x0 /usr/lib/gcc/avr/4.3.5/avr51/libgcc.a(_prologue.o)
 .bss           0x008013ae        0x0 /usr/lib/gcc/avr/4.3.5/avr51/libgcc.a(_epilogue.o)
 .bss           0x008013ae        0x0 /usr/lib/gcc/avr/4.3.5/avr51/libgcc.a(_tablejump.o)
 .bss           0x008013ae        0x0 /usr/lib/gcc/avr/4.3.5/avr51/libgcc.a(_clzsi2.o)
 .bss           0x008013ae        0x0 /usr/lib/gcc/avr/4.3.5/avr51/libgcc.a(_pack_sf.o)
 .bss           0x008013ae        0x0 /usr/lib/gcc/avr/4.3.5/avr51/libgcc.a(_unpack_sf.o)
 .bss           0x008013ae        0x0 /usr/lib/gcc/avr/4.3.5/avr51/libgcc.a(_fpcmp_parts_sf.o)
 .bss           0x008013ae        0x0 /usr/lib/gcc/avr/4.3.5/avr51/libgcc.a(_clz.o)
 .bss           0x008013ae        0x0 /usr/lib/gcc/avr/4.3.5/../../../avr/lib/avr51/libm.a(modf.o)
 .bss           0x008013ae        0x0 /usr/lib/gcc/avr/4.3.5/../../../avr/lib/avr51/libm.a(round.o)
 .bss           0x008013ae        0x0 /usr/lib/gcc/avr/4.3.5/../../../avr/lib/avr51/libm.a(sqrt.o)
 .bss           0x008013ae        0x0 /usr/lib/gcc/avr/4.3.5/../../../avr/lib/avr51/libm.a(fp_mintl.o)
 .bss           0x008013ae        0x0 /usr/lib/gcc/avr/4.3.5/../../../avr/lib/avr51/libm.a(fp_mpack.o)
 .bss           0x008013ae        0x0 /usr/lib/gcc/avr/4.3.5/../../../avr/lib/avr51/libm.a(fp_nan.o)
 .bss           0x008013ae        0x0 /usr/lib/gcc/avr/4.3.5/../../../avr/lib/avr51/libm.a(fp_norm2.o)
 .bss           0x008013ae        0x0 /usr/lib/gcc/avr/4.3.5/../../../avr/lib/avr51/libm.a(fp_split3.o)
 .bss           0x008013ae        0x0 /usr/lib/gcc/avr/4.3.5/../../../avr/lib/avr51/libm.a(fp_zero.o)
 .bss           0x008013ae        0x0 /usr/lib/gcc/avr/4.3.5/../../../avr/lib/avr51/libc.a(malloc.o)
 .bss           0x008013ae        0x0 /usr/lib/gcc/avr/4.3.5/../../../avr/lib/avr51/libc.a(random.o)
 .bss           0x008013ae        0x0 /usr/lib/gcc/avr/4.3.5/../../../avr/lib/avr51/libc.a(realloc.o)
 .bss           0x008013ae        0x0 /usr/lib/gcc/avr/4.3.5/../../../avr/lib/avr51/libc.a(strtod.o)
 .bss           0x008013ae        0x0 /usr/lib/gcc/avr/4.3.5/../../../avr/lib/avr51/libc.a(strtol.o)
 .bss           0x008013ae        0x0 /usr/lib/gcc/avr/4.3.5/../../../avr/lib/avr51/libc.a(atol.o)
 .bss           0x008013ae        0x0 /usr/lib/gcc/avr/4.3.5/../../../avr/lib/avr51/libc.a(isspace.o)
 .bss           0x008013ae        0x0 /usr/lib/gcc/avr/4.3.5/../../../avr/lib/avr51/libc.a(tolower.o)
 .bss           0x008013ae        0x0 /usr/lib/gcc/avr/4.3.5/../../../avr/lib/avr51/libc.a(toupper.o)
 .bss           0x008013ae        0x0 /usr/lib/gcc/avr/4.3.5/../../../avr/lib/avr51/libc.a(strncasecmp_P.o)
 .bss           0x008013ae        0x0 /usr/lib/gcc/avr/4.3.5/../../../avr/lib/avr51/libc.a(memcpy.o)
 .bss           0x008013ae        0x0 /usr/lib/gcc/avr/4.3.5/../../../avr/lib/avr51/libc.a(strcat.o)
 .bss           0x008013ae        0x0 /usr/lib/gcc/avr/4.3.5/../../../avr/lib/avr51/libc.a(strchr.o)
 .bss           0x008013ae        0x0 /usr/lib/gcc/avr/4.3.5/../../../avr/lib/avr51/libc.a(strcmp.o)
 .bss           0x008013ae        0x0 /usr/lib/gcc/avr/4.3.5/../../../avr/lib/avr51/libc.a(strcpy.o)
 .bss           0x008013ae        0x0 /usr/lib/gcc/avr/4.3.5/../../../avr/lib/avr51/libc.a(strlen.o)
 .bss           0x008013ae        0x0 /usr/lib/gcc/avr/4.3.5/../../../avr/lib/avr51/libc.a(strncmp.o)
 .bss           0x008013ae        0x0 /usr/lib/gcc/avr/4.3.5/../../../avr/lib/avr51/libc.a(strncpy.o)
 .bss           0x008013ae        0x0 /usr/lib/gcc/avr/4.3.5/../../../avr/lib/avr51/libc.a(strrchr.o)
 .bss           0x008013ae        0x0 /usr/lib/gcc/avr/4.3.5/../../../avr/lib/avr51/libc.a(strstr.o)
 .bss           0x008013ae        0x0 /usr/lib/gcc/avr/4.3.5/../../../avr/lib/avr51/libc.a(itoa.o)
 .bss           0x008013ae        0x0 /usr/lib/gcc/avr/4.3.5/../../../avr/lib/avr51/libc.a(ltoa.o)
 .bss           0x008013ae        0x0 /usr/lib/gcc/avr/4.3.5/../../../avr/lib/avr51/libc.a(mulsi10.o)
 .bss           0x008013ae        0x0 /usr/lib/gcc/avr/4.3.5/../../../avr/lib/avr51/libc.a(ultoa.o)
 .bss           0x008013ae        0x0 /usr/lib/gcc/avr/4.3.5/../../../avr/lib/avr51/libc.a(sprintf.o)
 .bss           0x008013ae        0x0 /usr/lib/gcc/avr/4.3.5/../../../avr/lib/avr51/libc.a(cmpsf2.o)
 .bss           0x008013ae        0x0 /usr/lib/gcc/avr/4.3.5/../../../avr/lib/avr51/libc.a(fp_cmp.o)
 .bss           0x008013ae        0x0 /usr/lib/gcc/avr/4.3.5/../../../avr/lib/avr51/libc.a(vfprintf_std.o)
 .bss           0x008013ae        0x0 /usr/lib/gcc/avr/4.3.5/../../../avr/lib/avr51/libc.a(errno.o)
 .bss           0x008013ae        0x0 /usr/lib/gcc/avr/4.3.5/../../../avr/lib/avr51/libc.a(cty_isfalse.o)
 .bss           0x008013ae        0x0 /usr/lib/gcc/avr/4.3.5/../../../avr/lib/avr51/libc.a(strnlen_P.o)
 .bss           0x008013ae        0x0 /usr/lib/gcc/avr/4.3.5/../../../avr/lib/avr51/libc.a(strnlen.o)
 .bss           0x008013ae        0x0 /usr/lib/gcc/avr/4.3.5/../../../avr/lib/avr51/libc.a(strrev.o)
 .bss           0x008013ae        0x0 /usr/lib/gcc/avr/4.3.5/../../../avr/lib/avr51/libc.a(fputc.o)
 .bss           0x008013ae        0x0 /usr/lib/gcc/avr/4.3.5/../../../avr/lib/avr51/libc.a(ultoa_invert.o)
 *(.bss*)
 *(COMMON)
 COMMON         0x008013ae        0x4 /usr/lib/gcc/avr/4.3.5/../../../avr/lib/avr51/libc.a(malloc.o)
                0x008013ae                __brkval
                0x008013b0                __flp
 COMMON         0x008013b2        0x2 /usr/lib/gcc/avr/4.3.5/../../../avr/lib/avr51/libc.a(errno.o)
                0x008013b2                errno
                0x008013b4                PROVIDE (__bss_end, .)
                0x0000eb36                __data_load_start = LOADADDR (.data)
                0x0000eeb0                __data_load_end = (__data_load_start + SIZEOF (.data))

.noinit         0x008013b4        0x0
                0x008013b4                PROVIDE (__noinit_start, .)
 *(.noinit*)
                0x008013b4                PROVIDE (__noinit_end, .)
                0x008013b4                _end = .
                0x008013b4                PROVIDE (__heap_start, .)

.eeprom         0x00810000        0x0
 *(.eeprom*)
                0x00810000                __eeprom_end = .

.fuse
 *(.fuse)
 *(.lfuse)
 *(.hfuse)
 *(.efuse)

.lock
 *(.lock*)

.signature
 *(.signature*)

.stab           0x00000000    0x142f8
 *(.stab)
 .stab          0x00000000      0x750 /usr/lib/gcc/avr/4.3.5/../../../avr/lib/avr51/crtm1280.o
 .stab          0x00000750     0x1680 ./src/cartesian_dda.o
                               0x168c (size before relaxing)
 .stab          0x00001dd0      0x63c ./src/fancy.o
                                0x648 (size before relaxing)
 .stab          0x0000240c     0x1710 ./src/firmware.o
                               0x171c (size before relaxing)
 .stab          0x00003b1c      0xcfc ./src/hostcom.o
                                0xd08 (size before relaxing)
 .stab          0x00004818      0x4bc ./src/main.o
                                0x4c8 (size before relaxing)
 .stab          0x00004cd4     0x1620 ./src/process_g_code.o
                               0x162c (size before relaxing)
 .stab          0x000062f4      0x990 ./src/toolhead_stepper.o
                                0x99c (size before relaxing)
 .stab          0x00006c84      0xbac ./src/vectors.o
                                0xbb8 (size before relaxing)
 .stab          0x00007830      0xd2c ./lib/arduino/HardwareSerial.o
                                0xd38 (size before relaxing)
 .stab          0x0000855c      0xe58 ./lib/arduino/Print.o
                                0xe64 (size before relaxing)
 .stab          0x000093b4     0x1170 ./lib/arduino/Tone.o
                               0x117c (size before relaxing)
 .stab          0x0000a524      0x864 ./lib/arduino/WInterrupts.o
                                0x870 (size before relaxing)
 .stab          0x0000ad88      0x3cc ./lib/arduino/WMath.o
                                0x3d8 (size before relaxing)
 .stab          0x0000b154     0x2070 ./lib/arduino/WString.o
                               0x207c (size before relaxing)
 .stab          0x0000d1c4      0x210 ./lib/arduino/pins_arduino.o
                                0x534 (size before relaxing)
 .stab          0x0000d3d4      0x5f4 ./lib/arduino/wiring.o
                                0x894 (size before relaxing)
 .stab          0x0000d9c8      0x4f8 ./lib/arduino/wiring_analog.o
                                0x834 (size before relaxing)
 .stab          0x0000dec0      0x84c ./lib/arduino/wiring_digital.o
                                0xb88 (size before relaxing)
 .stab          0x0000e70c      0x414 ./lib/arduino/wiring_pulse.o
                                0x750 (size before relaxing)
 .stab          0x0000eb20      0x318 ./lib/arduino/wiring_shift.o
                                0x5b8 (size before relaxing)
 .stab          0x0000ee38      0x654 ./lib/WiringSerial/wiring_serial.o
                                0x8ac (size before relaxing)
 .stab          0x0000f48c      0x2a0 /usr/lib/gcc/avr/4.3.5/../../../avr/lib/avr51/libm.a(modf.o)
                                0x2ac (size before relaxing)
 .stab          0x0000f72c      0x1b0 /usr/lib/gcc/avr/4.3.5/../../../avr/lib/avr51/libm.a(round.o)
                                0x1bc (size before relaxing)
 .stab          0x0000f8dc      0x354 /usr/lib/gcc/avr/4.3.5/../../../avr/lib/avr51/libm.a(sqrt.o)
                                0x360 (size before relaxing)
 .stab          0x0000fc30      0x174 /usr/lib/gcc/avr/4.3.5/../../../avr/lib/avr51/libm.a(fp_mintl.o)
                                0x180 (size before relaxing)
 .stab          0x0000fda4       0xe4 /usr/lib/gcc/avr/4.3.5/../../../avr/lib/avr51/libm.a(fp_mpack.o)
                                 0xf0 (size before relaxing)
 .stab          0x0000fe88       0x54 /usr/lib/gcc/avr/4.3.5/../../../avr/lib/avr51/libm.a(fp_nan.o)
                                 0x60 (size before relaxing)
 .stab          0x0000fedc       0x84 /usr/lib/gcc/avr/4.3.5/../../../avr/lib/avr51/libm.a(fp_norm2.o)
                                 0x90 (size before relaxing)
 .stab          0x0000ff60      0x1d4 /usr/lib/gcc/avr/4.3.5/../../../avr/lib/avr51/libm.a(fp_split3.o)
                                0x1e0 (size before relaxing)
 .stab          0x00010134       0x90 /usr/lib/gcc/avr/4.3.5/../../../avr/lib/avr51/libm.a(fp_zero.o)
                                 0x9c (size before relaxing)
 .stab          0x000101c4      0x6f0 /usr/lib/gcc/avr/4.3.5/../../../avr/lib/avr51/libc.a(malloc.o)
                                0x6fc (size before relaxing)
 .stab          0x000108b4      0x2dc /usr/lib/gcc/avr/4.3.5/../../../avr/lib/avr51/libc.a(random.o)
                                0x33c (size before relaxing)
 .stab          0x00010b90      0x3b4 /usr/lib/gcc/avr/4.3.5/../../../avr/lib/avr51/libc.a(realloc.o)
                                0x5ac (size before relaxing)
 .stab          0x00010f44      0x66c /usr/lib/gcc/avr/4.3.5/../../../avr/lib/avr51/libc.a(strtod.o)
                                0x858 (size before relaxing)
 .stab          0x000115b0      0x3a8 /usr/lib/gcc/avr/4.3.5/../../../avr/lib/avr51/libc.a(strtol.o)
                                0x408 (size before relaxing)
 .stab          0x00011958      0x1e0 /usr/lib/gcc/avr/4.3.5/../../../avr/lib/avr51/libc.a(atol.o)
                                0x1ec (size before relaxing)
 .stab          0x00011b38       0x9c /usr/lib/gcc/avr/4.3.5/../../../avr/lib/avr51/libc.a(isspace.o)
                                 0xa8 (size before relaxing)
 .stab          0x00011bd4       0x9c /usr/lib/gcc/avr/4.3.5/../../../avr/lib/avr51/libc.a(tolower.o)
                                 0xa8 (size before relaxing)
 .stab          0x00011c70       0x9c /usr/lib/gcc/avr/4.3.5/../../../avr/lib/avr51/libc.a(toupper.o)
                                 0xa8 (size before relaxing)
 .stab          0x00011d0c      0x138 /usr/lib/gcc/avr/4.3.5/../../../avr/lib/avr51/libc.a(strncasecmp_P.o)
                                0x144 (size before relaxing)
 .stab          0x00011e44       0x84 /usr/lib/gcc/avr/4.3.5/../../../avr/lib/avr51/libc.a(memcpy.o)
                                 0x90 (size before relaxing)
 .stab          0x00011ec8       0x9c /usr/lib/gcc/avr/4.3.5/../../../avr/lib/avr51/libc.a(strcat.o)
                                 0xa8 (size before relaxing)
 .stab          0x00011f64       0x9c /usr/lib/gcc/avr/4.3.5/../../../avr/lib/avr51/libc.a(strchr.o)
                                 0xa8 (size before relaxing)
 .stab          0x00012000       0x84 /usr/lib/gcc/avr/4.3.5/../../../avr/lib/avr51/libc.a(strcmp.o)
                                 0x90 (size before relaxing)
 .stab          0x00012084       0x6c /usr/lib/gcc/avr/4.3.5/../../../avr/lib/avr51/libc.a(strcpy.o)
                                 0x78 (size before relaxing)
 .stab          0x000120f0       0x84 /usr/lib/gcc/avr/4.3.5/../../../avr/lib/avr51/libc.a(strlen.o)
                                 0x90 (size before relaxing)
 .stab          0x00012174       0xc0 /usr/lib/gcc/avr/4.3.5/../../../avr/lib/avr51/libc.a(strncmp.o)
                                 0xcc (size before relaxing)
 .stab          0x00012234       0xcc /usr/lib/gcc/avr/4.3.5/../../../avr/lib/avr51/libc.a(strncpy.o)
                                 0xd8 (size before relaxing)
 .stab          0x00012300       0x9c /usr/lib/gcc/avr/4.3.5/../../../avr/lib/avr51/libc.a(strrchr.o)
                                 0xa8 (size before relaxing)
 .stab          0x0001239c      0x150 /usr/lib/gcc/avr/4.3.5/../../../avr/lib/avr51/libc.a(strstr.o)
                                0x15c (size before relaxing)
 .stab          0x000124ec      0x1b0 /usr/lib/gcc/avr/4.3.5/../../../avr/lib/avr51/libc.a(itoa.o)
                                0x1bc (size before relaxing)
 .stab          0x0001269c      0x294 /usr/lib/gcc/avr/4.3.5/../../../avr/lib/avr51/libc.a(ltoa.o)
                                0x2a0 (size before relaxing)
 .stab          0x00012930      0x114 /usr/lib/gcc/avr/4.3.5/../../../avr/lib/avr51/libc.a(mulsi10.o)
                                0x120 (size before relaxing)
 .stab          0x00012a44      0x1e0 /usr/lib/gcc/avr/4.3.5/../../../avr/lib/avr51/libc.a(ultoa.o)
                                0x1ec (size before relaxing)
 .stab          0x00012c24      0x210 /usr/lib/gcc/avr/4.3.5/../../../avr/lib/avr51/libc.a(sprintf.o)
                                0x3d8 (size before relaxing)
 .stab          0x00012e34       0x90 /usr/lib/gcc/avr/4.3.5/../../../avr/lib/avr51/libc.a(cmpsf2.o)
                                 0x9c (size before relaxing)
 .stab          0x00012ec4      0x1e0 /usr/lib/gcc/avr/4.3.5/../../../avr/lib/avr51/libc.a(fp_cmp.o)
                                0x1ec (size before relaxing)
 .stab          0x000130a4      0x8a0 /usr/lib/gcc/avr/4.3.5/../../../avr/lib/avr51/libc.a(vfprintf_std.o)
                                0xb58 (size before relaxing)
 .stab          0x00013944       0xf0 /usr/lib/gcc/avr/4.3.5/../../../avr/lib/avr51/libc.a(errno.o)
                                 0xfc (size before relaxing)
 .stab          0x00013a34       0x60 /usr/lib/gcc/avr/4.3.5/../../../avr/lib/avr51/libc.a(cty_isfalse.o)
                                 0x6c (size before relaxing)
 .stab          0x00013a94       0x9c /usr/lib/gcc/avr/4.3.5/../../../avr/lib/avr51/libc.a(strnlen_P.o)
                                 0xa8 (size before relaxing)
 .stab          0x00013b30       0x9c /usr/lib/gcc/avr/4.3.5/../../../avr/lib/avr51/libc.a(strnlen.o)
                                 0xa8 (size before relaxing)
 .stab          0x00013bcc       0xd8 /usr/lib/gcc/avr/4.3.5/../../../avr/lib/avr51/libc.a(strrev.o)
                                 0xe4 (size before relaxing)
 .stab          0x00013ca4      0x1d4 /usr/lib/gcc/avr/4.3.5/../../../avr/lib/avr51/libc.a(fputc.o)
                                0x3b4 (size before relaxing)
 .stab          0x00013e78      0x480 /usr/lib/gcc/avr/4.3.5/../../../avr/lib/avr51/libc.a(ultoa_invert.o)
                                0x48c (size before relaxing)

.stabstr        0x00000000     0x9e42
 *(.stabstr)
 .stabstr       0x00000000     0x9e42 /usr/lib/gcc/avr/4.3.5/../../../avr/lib/avr51/crtm1280.o

.stab.excl
 *(.stab.excl)

.stab.exclstr
 *(.stab.exclstr)

.stab.index
 *(.stab.index)

.stab.indexstr
 *(.stab.indexstr)

.comment
 *(.comment)

.debug
 *(.debug)

.line
 *(.line)

.debug_srcinfo
 *(.debug_srcinfo)

.debug_sfnames
 *(.debug_sfnames)

.debug_aranges
 *(.debug_aranges)

.debug_pubnames
 *(.debug_pubnames)

.debug_info
 *(.debug_info)
 *(.gnu.linkonce.wi.*)

.debug_abbrev
 *(.debug_abbrev)

.debug_line
 *(.debug_line)

.debug_frame
 *(.debug_frame)

.debug_str
 *(.debug_str)

.debug_loc
 *(.debug_loc)

.debug_macinfo
 *(.debug_macinfo)
OUTPUT(RepRapUltimakerFirmware.elf elf32-avr)
LOAD linker stubs

Cross Reference Table

Symbol                                            File
EXTRUDER_NAME                                     ./src/firmware.o
HEATED_BED_NAME                                   ./src/firmware.o
HardwareSerial::HardwareSerial(ring_buffer*, unsigned char volatile*, unsigned char volatile*, unsigned char volatile*, unsigned char volatile*, unsigned char volatile*, unsigned char, unsigned char, unsigned char, unsigned char, unsigned char) ./lib/arduino/HardwareSerial.o
HardwareSerial::HardwareSerial(ring_buffer*, unsigned char volatile*, unsigned char volatile*, unsigned char volatile*, unsigned char volatile*, unsigned char volatile*, unsigned char, unsigned char, unsigned char, unsigned char, unsigned char) ./lib/arduino/HardwareSerial.o
HardwareSerial::available()                       ./lib/arduino/HardwareSerial.o
                                                  ./src/hostcom.o
HardwareSerial::begin(unsigned long)              ./lib/arduino/HardwareSerial.o
                                                  ./src/hostcom.o
HardwareSerial::end()                             ./lib/arduino/HardwareSerial.o
HardwareSerial::flush()                           ./lib/arduino/HardwareSerial.o
HardwareSerial::peek()                            ./lib/arduino/HardwareSerial.o
HardwareSerial::read()                            ./lib/arduino/HardwareSerial.o
                                                  ./src/hostcom.o
HardwareSerial::write(unsigned char)              ./lib/arduino/HardwareSerial.o
Print::Print()                                    ./lib/arduino/HardwareSerial.o
Print::print(String const&)                       ./lib/arduino/Print.o
Print::print(char const*)                         ./lib/arduino/Print.o
                                                  ./src/hostcom.o
Print::print(char, int)                           ./lib/arduino/Print.o
Print::print(double, int)                         ./lib/arduino/Print.o
                                                  ./src/hostcom.o
Print::print(int, int)                            ./lib/arduino/Print.o
                                                  ./src/hostcom.o
Print::print(long, int)                           ./lib/arduino/Print.o
                                                  ./src/hostcom.o
Print::print(unsigned char, int)                  ./lib/arduino/Print.o
Print::print(unsigned int, int)                   ./lib/arduino/Print.o
Print::print(unsigned long, int)                  ./lib/arduino/Print.o
Print::printFloat(double, unsigned char)          ./lib/arduino/Print.o
Print::printNumber(unsigned long, unsigned char)  ./lib/arduino/Print.o
Print::println()                                  ./lib/arduino/Print.o
                                                  ./src/hostcom.o
Print::println(String const&)                     ./lib/arduino/Print.o
Print::println(char const*)                       ./lib/arduino/Print.o
Print::println(char, int)                         ./lib/arduino/Print.o
Print::println(double, int)                       ./lib/arduino/Print.o
Print::println(int, int)                          ./lib/arduino/Print.o
Print::println(long, int)                         ./lib/arduino/Print.o
Print::println(unsigned char, int)                ./lib/arduino/Print.o
Print::println(unsigned int, int)                 ./lib/arduino/Print.o
Print::println(unsigned long, int)                ./lib/arduino/Print.o
Print::write(char const*)                         ./lib/arduino/Print.o
                                                  ./lib/arduino/HardwareSerial.o
Print::write(unsigned char const*, unsigned int)  ./lib/arduino/Print.o
                                                  ./lib/arduino/HardwareSerial.o
SendDebug                                         ./src/process_g_code.o
Serial                                            ./lib/arduino/HardwareSerial.o
                                                  ./src/hostcom.o
Serial1                                           ./lib/arduino/HardwareSerial.o
Serial2                                           ./lib/arduino/HardwareSerial.o
Serial3                                           ./lib/arduino/HardwareSerial.o
Stream::Stream()                                  ./lib/arduino/HardwareSerial.o
String::String(String const&)                     ./lib/arduino/WString.o
String::String(String const&)                     ./lib/arduino/WString.o
String::String(char const*)                       ./lib/arduino/WString.o
String::String(char const*)                       ./lib/arduino/WString.o
String::String(char)                              ./lib/arduino/WString.o
String::String(char)                              ./lib/arduino/WString.o
String::String(int, int)                          ./lib/arduino/WString.o
String::String(int, int)                          ./lib/arduino/WString.o
String::String(long, int)                         ./lib/arduino/WString.o
String::String(long, int)                         ./lib/arduino/WString.o
String::String(unsigned char)                     ./lib/arduino/WString.o
String::String(unsigned char)                     ./lib/arduino/WString.o
String::String(unsigned int, int)                 ./lib/arduino/WString.o
String::String(unsigned int, int)                 ./lib/arduino/WString.o
String::String(unsigned long, int)                ./lib/arduino/WString.o
String::String(unsigned long, int)                ./lib/arduino/WString.o
String::charAt(unsigned int) const                ./lib/arduino/WString.o
String::compareTo(String const&) const            ./lib/arduino/WString.o
String::concat(String const&)                     ./lib/arduino/WString.o
String::endsWith(String const&) const             ./lib/arduino/WString.o
String::equals(String const&) const               ./lib/arduino/WString.o
String::equalsIgnoreCase(String const&) const     ./lib/arduino/WString.o
String::getBuffer(unsigned int)                   ./lib/arduino/WString.o
String::getBytes(unsigned char*, unsigned int)    ./lib/arduino/WString.o
String::indexOf(String const&) const              ./lib/arduino/WString.o
String::indexOf(String const&, unsigned int) const ./lib/arduino/WString.o
String::indexOf(char) const                       ./lib/arduino/WString.o
String::indexOf(char, unsigned int) const         ./lib/arduino/WString.o
String::lastIndexOf(String const&) const          ./lib/arduino/WString.o
String::lastIndexOf(String const&, unsigned int) const ./lib/arduino/WString.o
String::lastIndexOf(char) const                   ./lib/arduino/WString.o
String::lastIndexOf(char, unsigned int) const     ./lib/arduino/WString.o
String::length() const                            ./lib/arduino/Print.o
String::operator!=(String const&) const           ./lib/arduino/WString.o
String::operator+=(String const&)                 ./lib/arduino/WString.o
String::operator<(String const&) const            ./lib/arduino/WString.o
String::operator<=(String const&) const           ./lib/arduino/WString.o
String::operator=(String const&)                  ./lib/arduino/WString.o
String::operator==(String const&) const           ./lib/arduino/WString.o
String::operator>(String const&) const            ./lib/arduino/WString.o
String::operator>=(String const&) const           ./lib/arduino/WString.o
String::operator[](unsigned int)                  ./lib/arduino/WString.o
String::operator[](unsigned int) const            ./lib/arduino/WString.o
                                                  ./lib/arduino/Print.o
String::replace(String const&, String const&)     ./lib/arduino/WString.o
String::replace(char, char)                       ./lib/arduino/WString.o
String::setCharAt(unsigned int, char)             ./lib/arduino/WString.o
String::startsWith(String const&) const           ./lib/arduino/WString.o
String::startsWith(String const&, unsigned int) const ./lib/arduino/WString.o
String::substring(unsigned int) const             ./lib/arduino/WString.o
String::substring(unsigned int, unsigned int) const ./lib/arduino/WString.o
String::toCharArray(char*, unsigned int)          ./lib/arduino/WString.o
String::toInt()                                   ./lib/arduino/WString.o
String::toLowerCase() const                       ./lib/arduino/WString.o
String::toUpperCase() const                       ./lib/arduino/WString.o
String::trim() const                              ./lib/arduino/WString.o
String::~String()                                 ./lib/arduino/WString.o
USART_RX_vect                                     ./lib/WiringSerial/wiring_serial.o
__addsf3                                          /usr/lib/gcc/avr/4.3.5/avr51/libgcc.a(_addsub_sf.o)
                                                  ./lib/arduino/Print.o
                                                  ./src/vectors.o
                                                  ./src/process_g_code.o
                                                  ./src/cartesian_dda.o
__bad_interrupt                                   /usr/lib/gcc/avr/4.3.5/../../../avr/lib/avr51/crtm1280.o
__brkval                                          /usr/lib/gcc/avr/4.3.5/../../../avr/lib/avr51/libc.a(realloc.o)
                                                  /usr/lib/gcc/avr/4.3.5/../../../avr/lib/avr51/libc.a(malloc.o)
__bss_end                                         /usr/lib/gcc/avr/4.3.5/avr51/libgcc.a(_clear_bss.o)
__bss_start                                       /usr/lib/gcc/avr/4.3.5/avr51/libgcc.a(_clear_bss.o)
__clz_tab                                         /usr/lib/gcc/avr/4.3.5/avr51/libgcc.a(_clz.o)
                                                  /usr/lib/gcc/avr/4.3.5/avr51/libgcc.a(_clzsi2.o)
__clzsi2                                          /usr/lib/gcc/avr/4.3.5/avr51/libgcc.a(_clzsi2.o)
                                                  /usr/lib/gcc/avr/4.3.5/avr51/libgcc.a(_usi_to_sf.o)
                                                  /usr/lib/gcc/avr/4.3.5/avr51/libgcc.a(_si_to_sf.o)
__cmpsf2                                          /usr/lib/gcc/avr/4.3.5/../../../avr/lib/avr51/libc.a(cmpsf2.o)
__ctors_end                                       /usr/lib/gcc/avr/4.3.5/avr51/libgcc.a(_ctors.o)
__ctors_start                                     /usr/lib/gcc/avr/4.3.5/avr51/libgcc.a(_ctors.o)
__ctype_isfalse                                   /usr/lib/gcc/avr/4.3.5/../../../avr/lib/avr51/libc.a(cty_isfalse.o)
                                                  /usr/lib/gcc/avr/4.3.5/../../../avr/lib/avr51/libc.a(isspace.o)
__ctype_istrue                                    /usr/lib/gcc/avr/4.3.5/../../../avr/lib/avr51/libc.a(cty_isfalse.o)
__cxa_pure_virtual                                ./lib/arduino/Print.o
                                                  ./lib/arduino/HardwareSerial.o
__data_end                                        /usr/lib/gcc/avr/4.3.5/../../../avr/lib/avr51/crtm1280.o
__data_load_start                                 /usr/lib/gcc/avr/4.3.5/../../../avr/lib/avr51/crtm1280.o
__data_start                                      /usr/lib/gcc/avr/4.3.5/../../../avr/lib/avr51/crtm1280.o
__divmodhi4                                       /usr/lib/gcc/avr/4.3.5/avr51/libgcc.a(_divmodhi4.o)
                                                  ./lib/WiringSerial/wiring_serial.o
__divmodsi4                                       /usr/lib/gcc/avr/4.3.5/avr51/libgcc.a(_divmodsi4.o)
                                                  /usr/lib/gcc/avr/4.3.5/../../../avr/lib/avr51/libc.a(random.o)
                                                  ./lib/WiringSerial/wiring_serial.o
                                                  ./lib/arduino/WMath.o
                                                  ./src/firmware.o
                                                  ./src/cartesian_dda.o
__divsf3                                          /usr/lib/gcc/avr/4.3.5/avr51/libgcc.a(_div_sf.o)
                                                  ./lib/arduino/Print.o
                                                  ./src/cartesian_dda.o
__do_clear_bss                                    /usr/lib/gcc/avr/4.3.5/avr51/libgcc.a(_clear_bss.o)
                                                  /usr/lib/gcc/avr/4.3.5/../../../avr/lib/avr51/libc.a(errno.o)
                                                  /usr/lib/gcc/avr/4.3.5/../../../avr/lib/avr51/libc.a(malloc.o)
                                                  ./lib/WiringSerial/wiring_serial.o
                                                  ./lib/arduino/wiring.o
                                                  ./lib/arduino/WString.o
                                                  ./lib/arduino/WInterrupts.o
                                                  ./lib/arduino/Tone.o
                                                  ./lib/arduino/HardwareSerial.o
                                                  ./src/vectors.o
                                                  ./src/toolhead_stepper.o
                                                  ./src/process_g_code.o
                                                  ./src/hostcom.o
                                                  ./src/firmware.o
                                                  ./src/fancy.o
                                                  ./src/cartesian_dda.o
__do_copy_data                                    /usr/lib/gcc/avr/4.3.5/../../../avr/lib/avr51/crtm1280.o
                                                  /usr/lib/gcc/avr/4.3.5/../../../avr/lib/avr51/libc.a(random.o)
                                                  /usr/lib/gcc/avr/4.3.5/../../../avr/lib/avr51/libc.a(malloc.o)
                                                  /usr/lib/gcc/avr/4.3.5/avr51/libgcc.a(_clz.o)
                                                  /usr/lib/gcc/avr/4.3.5/avr51/libgcc.a(_thenan_sf.o)
                                                  ./lib/arduino/wiring_pulse.o
                                                  ./lib/arduino/wiring_digital.o
                                                  ./lib/arduino/wiring_analog.o
                                                  ./lib/arduino/pins_arduino.o
                                                  ./lib/arduino/WString.o
                                                  ./lib/arduino/Tone.o
                                                  ./lib/arduino/Print.o
                                                  ./lib/arduino/HardwareSerial.o
                                                  ./src/process_g_code.o
                                                  ./src/hostcom.o
                                                  ./src/firmware.o
__do_global_ctors                                 /usr/lib/gcc/avr/4.3.5/avr51/libgcc.a(_ctors.o)
                                                  ./lib/arduino/HardwareSerial.o
                                                  ./src/vectors.o
                                                  ./src/toolhead_stepper.o
                                                  ./src/process_g_code.o
                                                  ./src/hostcom.o
                                                  ./src/firmware.o
                                                  ./src/fancy.o
                                                  ./src/cartesian_dda.o
__epilogue_restores__                             /usr/lib/gcc/avr/4.3.5/avr51/libgcc.a(_epilogue.o)
                                                  /usr/lib/gcc/avr/4.3.5/avr51/libgcc.a(_usi_to_sf.o)
                                                  /usr/lib/gcc/avr/4.3.5/avr51/libgcc.a(_sf_to_si.o)
                                                  /usr/lib/gcc/avr/4.3.5/avr51/libgcc.a(_si_to_sf.o)
                                                  /usr/lib/gcc/avr/4.3.5/avr51/libgcc.a(_lt_sf.o)
                                                  /usr/lib/gcc/avr/4.3.5/avr51/libgcc.a(_ge_sf.o)
                                                  /usr/lib/gcc/avr/4.3.5/avr51/libgcc.a(_div_sf.o)
                                                  /usr/lib/gcc/avr/4.3.5/avr51/libgcc.a(_mul_sf.o)
                                                  /usr/lib/gcc/avr/4.3.5/avr51/libgcc.a(_addsub_sf.o)
__eqsf2                                           /usr/lib/gcc/avr/4.3.5/../../../avr/lib/avr51/libc.a(cmpsf2.o)
                                                  /usr/lib/gcc/avr/4.3.5/../../../avr/lib/avr51/libc.a(strtod.o)
__fixsfsi                                         /usr/lib/gcc/avr/4.3.5/avr51/libgcc.a(_sf_to_si.o)
                                                  /usr/lib/gcc/avr/4.3.5/avr51/libgcc.a(_fixunssfsi.o)
                                                  ./lib/WiringSerial/wiring_serial.o
                                                  ./lib/arduino/Print.o
                                                  ./src/vectors.o
                                                  ./src/process_g_code.o
                                                  ./src/cartesian_dda.o
__fixunssfsi                                      /usr/lib/gcc/avr/4.3.5/avr51/libgcc.a(_fixunssfsi.o)
                                                  ./lib/arduino/Print.o
                                                  ./src/process_g_code.o
__floatsisf                                       /usr/lib/gcc/avr/4.3.5/avr51/libgcc.a(_si_to_sf.o)
                                                  ./lib/arduino/Print.o
                                                  ./src/cartesian_dda.o
__floatunsisf                                     /usr/lib/gcc/avr/4.3.5/avr51/libgcc.a(_usi_to_sf.o)
                                                  /usr/lib/gcc/avr/4.3.5/../../../avr/lib/avr51/libc.a(strtod.o)
                                                  ./lib/arduino/Print.o
__flp                                             /usr/lib/gcc/avr/4.3.5/../../../avr/lib/avr51/libc.a(realloc.o)
                                                  /usr/lib/gcc/avr/4.3.5/../../../avr/lib/avr51/libc.a(malloc.o)
__fp_cmp                                          /usr/lib/gcc/avr/4.3.5/../../../avr/lib/avr51/libc.a(fp_cmp.o)
                                                  /usr/lib/gcc/avr/4.3.5/../../../avr/lib/avr51/libc.a(cmpsf2.o)
__fp_mintl                                        /usr/lib/gcc/avr/4.3.5/../../../avr/lib/avr51/libm.a(fp_mintl.o)
                                                  /usr/lib/gcc/avr/4.3.5/../../../avr/lib/avr51/libm.a(round.o)
__fp_mpack                                        /usr/lib/gcc/avr/4.3.5/../../../avr/lib/avr51/libm.a(fp_mpack.o)
                                                  /usr/lib/gcc/avr/4.3.5/../../../avr/lib/avr51/libm.a(sqrt.o)
                                                  /usr/lib/gcc/avr/4.3.5/../../../avr/lib/avr51/libm.a(round.o)
__fp_mpack_finite                                 /usr/lib/gcc/avr/4.3.5/../../../avr/lib/avr51/libm.a(fp_mpack.o)
__fp_nan                                          /usr/lib/gcc/avr/4.3.5/../../../avr/lib/avr51/libm.a(fp_nan.o)