Archive member included because of file (symbol)

/usr/lib/gcc/avr/4.3.5/avr51/libgcc.a(_mulsi3.o)
                              ./lib/arduino/wiring_pulse.o (__mulsi3)
/usr/lib/gcc/avr/4.3.5/avr51/libgcc.a(_divmodhi4.o)
                              ./lib/WiringSerial/wiring_serial.o (__divmodhi4)
/usr/lib/gcc/avr/4.3.5/avr51/libgcc.a(_udivmodsi4.o)
                              ./lib/arduino/wiring_pulse.o (__udivmodsi4)
/usr/lib/gcc/avr/4.3.5/avr51/libgcc.a(_divmodsi4.o)
                              ./lib/WiringSerial/wiring_serial.o (__divmodsi4)
/usr/lib/gcc/avr/4.3.5/avr51/libgcc.a(_exit.o)
                              /usr/lib/gcc/avr/4.3.5/../../../avr/lib/avr51/crtm1280.o (exit)
/usr/lib/gcc/avr/4.3.5/avr51/libgcc.a(_clear_bss.o)
                              ./lib/arduino/WInterrupts.o (__do_clear_bss)
/usr/lib/gcc/avr/4.3.5/avr51/libgcc.a(_mul_sf.o)
                              ./lib/WiringSerial/wiring_serial.o (__mulsf3)
/usr/lib/gcc/avr/4.3.5/avr51/libgcc.a(_sf_to_si.o)
                              ./lib/WiringSerial/wiring_serial.o (__fixsfsi)
/usr/lib/gcc/avr/4.3.5/avr51/libgcc.a(_thenan_sf.o)
                              /usr/lib/gcc/avr/4.3.5/avr51/libgcc.a(_mul_sf.o) (__thenan_sf)
/usr/lib/gcc/avr/4.3.5/avr51/libgcc.a(_udivmodhi4.o)
                              /usr/lib/gcc/avr/4.3.5/avr51/libgcc.a(_divmodhi4.o) (__udivmodhi4)
/usr/lib/gcc/avr/4.3.5/avr51/libgcc.a(_prologue.o)
                              /usr/lib/gcc/avr/4.3.5/avr51/libgcc.a(_mul_sf.o) (__prologue_saves__)
/usr/lib/gcc/avr/4.3.5/avr51/libgcc.a(_epilogue.o)
                              /usr/lib/gcc/avr/4.3.5/avr51/libgcc.a(_mul_sf.o) (__epilogue_restores__)
/usr/lib/gcc/avr/4.3.5/avr51/libgcc.a(_pack_sf.o)
                              /usr/lib/gcc/avr/4.3.5/avr51/libgcc.a(_mul_sf.o) (__pack_f)
/usr/lib/gcc/avr/4.3.5/avr51/libgcc.a(_unpack_sf.o)
                              /usr/lib/gcc/avr/4.3.5/avr51/libgcc.a(_mul_sf.o) (__unpack_f)
/usr/lib/gcc/avr/4.3.5/../../../avr/lib/avr51/libc.a(modf.o)
                              ./lib/WiringSerial/wiring_serial.o (modf)
/usr/lib/gcc/avr/4.3.5/../../../avr/lib/avr51/libc.a(round.o)
                              ./lib/WiringSerial/wiring_serial.o (round)
/usr/lib/gcc/avr/4.3.5/../../../avr/lib/avr51/libc.a(addsf3.o)
                              /usr/lib/gcc/avr/4.3.5/../../../avr/lib/avr51/libc.a(modf.o) (__subsf3)
/usr/lib/gcc/avr/4.3.5/../../../avr/lib/avr51/libc.a(addsf3x.o)
                              /usr/lib/gcc/avr/4.3.5/../../../avr/lib/avr51/libc.a(addsf3.o) (__addsf3x)
/usr/lib/gcc/avr/4.3.5/../../../avr/lib/avr51/libc.a(fp_inf.o)
                              /usr/lib/gcc/avr/4.3.5/../../../avr/lib/avr51/libc.a(addsf3x.o) (__fp_inf)
/usr/lib/gcc/avr/4.3.5/../../../avr/lib/avr51/libc.a(fp_mintl.o)
                              /usr/lib/gcc/avr/4.3.5/../../../avr/lib/avr51/libc.a(round.o) (__fp_mintl)
/usr/lib/gcc/avr/4.3.5/../../../avr/lib/avr51/libc.a(fp_mpack.o)
                              /usr/lib/gcc/avr/4.3.5/../../../avr/lib/avr51/libc.a(round.o) (__fp_mpack)
/usr/lib/gcc/avr/4.3.5/../../../avr/lib/avr51/libc.a(fp_nan.o)
                              /usr/lib/gcc/avr/4.3.5/../../../avr/lib/avr51/libc.a(addsf3x.o) (__fp_nan)
/usr/lib/gcc/avr/4.3.5/../../../avr/lib/avr51/libc.a(fp_pscA.o)
                              /usr/lib/gcc/avr/4.3.5/../../../avr/lib/avr51/libc.a(addsf3x.o) (__fp_pscA)
/usr/lib/gcc/avr/4.3.5/../../../avr/lib/avr51/libc.a(fp_pscB.o)
                              /usr/lib/gcc/avr/4.3.5/../../../avr/lib/avr51/libc.a(addsf3x.o) (__fp_pscB)
/usr/lib/gcc/avr/4.3.5/../../../avr/lib/avr51/libc.a(fp_round.o)
                              /usr/lib/gcc/avr/4.3.5/../../../avr/lib/avr51/libc.a(addsf3.o) (__fp_round)
/usr/lib/gcc/avr/4.3.5/../../../avr/lib/avr51/libc.a(fp_split3.o)
                              /usr/lib/gcc/avr/4.3.5/../../../avr/lib/avr51/libc.a(addsf3x.o) (__fp_split3)
/usr/lib/gcc/avr/4.3.5/../../../avr/lib/avr51/libc.a(fp_zero.o)
                              /usr/lib/gcc/avr/4.3.5/../../../avr/lib/avr51/libc.a(addsf3x.o) (__fp_zero)

Allocating common symbols
Common symbol       size              file

rx_buffer           0x40              ./lib/WiringSerial/wiring_serial.o

Memory Configuration

Name             Origin             Length             Attributes
text             0x00000000         0x00020000         xr
data             0x00800060         0x0000ffa0         rw !x
eeprom           0x00810000         0x00010000         rw !x
fuse             0x00820000         0x00000400         rw !x
lock             0x00830000         0x00000400         rw !x
signature        0x00840000         0x00000400         rw !x
*default*        0x00000000         0xffffffff

Linker script and memory map

Address of section .data set to 0x800200
LOAD /usr/lib/gcc/avr/4.3.5/../../../avr/lib/avr51/crtm1280.o
LOAD ./lib/arduino/WInterrupts.o
LOAD ./lib/arduino/pins_arduino.o
LOAD ./lib/arduino/wiring.o
LOAD ./lib/arduino/wiring_analog.o
LOAD ./lib/arduino/wiring_digital.o
LOAD ./lib/arduino/wiring_pulse.o
LOAD ./lib/arduino/wiring_shift.o
LOAD ./lib/WiringSerial/wiring_serial.o
LOAD /usr/lib/gcc/avr/4.3.5/avr51/libgcc.a
LOAD /usr/lib/gcc/avr/4.3.5/../../../avr/lib/avr51/libc.a
LOAD /usr/lib/gcc/avr/4.3.5/avr51/libgcc.a

.hash
 *(.hash)

.dynsym
 *(.dynsym)

.dynstr
 *(.dynstr)

.gnu.version
 *(.gnu.version)

.gnu.version_d
 *(.gnu.version_d)

.gnu.version_r
 *(.gnu.version_r)

.rel.init
 *(.rel.init)

.rela.init
 *(.rela.init)

.rel.text
 *(.rel.text)
 *(.rel.text.*)
 *(.rel.gnu.linkonce.t*)

.rela.text
 *(.rela.text)
 *(.rela.text.*)
 *(.rela.gnu.linkonce.t*)

.rel.fini
 *(.rel.fini)

.rela.fini
 *(.rela.fini)

.rel.rodata
 *(.rel.rodata)
 *(.rel.rodata.*)
 *(.rel.gnu.linkonce.r*)

.rela.rodata
 *(.rela.rodata)
 *(.rela.rodata.*)
 *(.rela.gnu.linkonce.r*)

.rel.data
 *(.rel.data)
 *(.rel.data.*)
 *(.rel.gnu.linkonce.d*)

.rela.data
 *(.rela.data)
 *(.rela.data.*)
 *(.rela.gnu.linkonce.d*)

.rel.ctors
 *(.rel.ctors)

.rela.ctors
 *(.rela.ctors)

.rel.dtors
 *(.rel.dtors)

.rela.dtors
 *(.rela.dtors)

.rel.got
 *(.rel.got)

.rela.got
 *(.rela.got)

.rel.bss
 *(.rel.bss)

.rela.bss
 *(.rela.bss)

.rel.plt
 *(.rel.plt)

.rela.plt
 *(.rela.plt)

.text           0x00000000     0x287a
 *(.vectors)
 .vectors       0x00000000       0xe4 /usr/lib/gcc/avr/4.3.5/../../../avr/lib/avr51/crtm1280.o
                0x00000000                __vectors
                0x00000000                __vector_default
 *(.vectors)
 *(.progmem.gcc*)
 *(.progmem*)
 .progmem.data  0x000000e4      0x120 ./lib/arduino/pins_arduino.o
                0x000000e4                port_to_mode_PGM
                0x000000fe                port_to_output_PGM
                0x00000118                port_to_input_PGM
                0x00000132                digital_pin_to_port_PGM
                0x00000178                digital_pin_to_bit_mask_PGM
                0x000001be                digital_pin_to_timer_PGM
                0x00000204                . = ALIGN (0x2)
                0x00000204                __trampolines_start = .
 *(.trampolines)
 .trampolines   0x00000204        0x0 linker stubs
 *(.trampolines*)
                0x00000204                __trampolines_end = .
 *(.jumptables)
 *(.jumptables*)
 *(.lowtext)
 *(.lowtext*)
                0x00000204                __ctors_start = .
 *(.ctors)
                0x00000204                __ctors_end = .
                0x00000204                __dtors_start = .
 *(.dtors)
                0x00000204                __dtors_end = .
 SORT(*)(.ctors)
 SORT(*)(.dtors)
 *(.init0)
 .init0         0x00000204        0x0 /usr/lib/gcc/avr/4.3.5/../../../avr/lib/avr51/crtm1280.o
                0x00000204                __init
 *(.init0)
 *(.init1)
 *(.init1)
 *(.init2)
 .init2         0x00000204        0xc /usr/lib/gcc/avr/4.3.5/../../../avr/lib/avr51/crtm1280.o
 *(.init2)
 *(.init3)
 *(.init3)
 *(.init4)
 .init4         0x00000210       0x1a /usr/lib/gcc/avr/4.3.5/../../../avr/lib/avr51/crtm1280.o
                0x00000210                __do_copy_data
 .init4         0x0000022a       0x10 /usr/lib/gcc/avr/4.3.5/avr51/libgcc.a(_clear_bss.o)
                0x0000022a                __do_clear_bss
 *(.init4)
 *(.init5)
 *(.init5)
 *(.init6)
 *(.init6)
 *(.init7)
 *(.init7)
 *(.init8)
 *(.init8)
 *(.init9)
 .init9         0x0000023a        0x8 /usr/lib/gcc/avr/4.3.5/../../../avr/lib/avr51/crtm1280.o
 *(.init9)
 *(.text)
 .text          0x00000242        0x4 /usr/lib/gcc/avr/4.3.5/../../../avr/lib/avr51/crtm1280.o
                0x00000242                __vector_38
                0x00000242                __vector_22
                0x00000242                __vector_28
                0x00000242                __vector_32
                0x00000242                __vector_34
                0x00000242                __vector_24
                0x00000242                __vector_12
                0x00000242                __vector_55
                0x00000242                __vector_46
                0x00000242                __bad_interrupt
                0x00000242                __vector_31
                0x00000242                __vector_35
                0x00000242                __vector_39
                0x00000242                __vector_30
                0x00000242                __vector_45
                0x00000242                __vector_25
                0x00000242                __vector_11
                0x00000242                __vector_54
                0x00000242                __vector_13
                0x00000242                __vector_17
                0x00000242                __vector_19
                0x00000242                __vector_56
                0x00000242                __vector_49
                0x00000242                __vector_41
                0x00000242                __vector_43
                0x00000242                __vector_27
                0x00000242                __vector_33
                0x00000242                __vector_47
                0x00000242                __vector_52
                0x00000242                __vector_37
                0x00000242                __vector_44
                0x00000242                __vector_51
                0x00000242                __vector_9
                0x00000242                __vector_21
                0x00000242                __vector_15
                0x00000242                __vector_36
                0x00000242                __vector_29
                0x00000242                __vector_40
                0x00000242                __vector_26
                0x00000242                __vector_48
                0x00000242                __vector_14
                0x00000242                __vector_53
                0x00000242                __vector_10
                0x00000242                __vector_50
                0x00000242                __vector_16
                0x00000242                __vector_18
                0x00000242                __vector_20
                0x00000242                __vector_42
 .text          0x00000246      0x6e4 ./lib/arduino/WInterrupts.o
                0x00000246                attachInterrupt
                0x0000047e                detachInterrupt
                0x0000059a                __vector_1
                0x0000060c                __vector_2
                0x0000067e                __vector_3
                0x000006f0                __vector_4
                0x00000762                __vector_5
                0x000007d4                __vector_6
                0x00000846                __vector_7
                0x000008b8                __vector_8
 .text          0x0000092a        0x0 ./lib/arduino/pins_arduino.o
 .text          0x0000092a      0x41e ./lib/arduino/wiring.o
                0x0000092a                __vector_23
                0x00000a0a                millis
                0x00000a5e                micros
                0x00000b14                delay
                0x00000b9a                delayMicroseconds
                0x00000bea                init
 .text          0x00000d48      0x3d2 ./lib/arduino/wiring_analog.o
                0x00000d48                analogReference
                0x00000d62                analogRead
                0x00000e22                analogWrite
 .text          0x0000111a      0x49e ./lib/arduino/wiring_digital.o
                0x0000111a                pinMode
                0x000013dc                digitalWrite
                0x000014e4                digitalRead
 .text          0x000015b8      0x2a2 ./lib/arduino/wiring_pulse.o
                0x000015b8                pulseIn
 .text          0x0000185a      0x142 ./lib/arduino/wiring_shift.o
                0x0000185a                shiftIn
                0x000018fa                shiftOut
 .text          0x0000199c      0x5cc ./lib/WiringSerial/wiring_serial.o
                0x0000199c                beginSerial
                0x00001a8e                serialWrite
                0x00001abc                serialAvailable
                0x00001af2                serialRead
                0x00001b66                serialFlush
                0x00001b84                USART_RX_vect
                0x00001c36                printByte
                0x00001c50                printString
                0x00001c8a                printPgmString
                0x00001cda                printIntegerInBase
                0x00001e52                printInteger
                0x00001ebc                printFloat
 .text          0x00001f68        0x0 /usr/lib/gcc/avr/4.3.5/avr51/libgcc.a(_mulsi3.o)
 .text          0x00001f68        0x0 /usr/lib/gcc/avr/4.3.5/avr51/libgcc.a(_divmodhi4.o)
 .text          0x00001f68        0x0 /usr/lib/gcc/avr/4.3.5/avr51/libgcc.a(_udivmodsi4.o)
 .text          0x00001f68        0x0 /usr/lib/gcc/avr/4.3.5/avr51/libgcc.a(_divmodsi4.o)
 .text          0x00001f68        0x0 /usr/lib/gcc/avr/4.3.5/avr51/libgcc.a(_exit.o)
 .text          0x00001f68        0x0 /usr/lib/gcc/avr/4.3.5/avr51/libgcc.a(_clear_bss.o)
 .text          0x00001f68      0x1f4 /usr/lib/gcc/avr/4.3.5/avr51/libgcc.a(_mul_sf.o)
                0x00001f68                __mulsf3
 .text          0x0000215c       0xa8 /usr/lib/gcc/avr/4.3.5/avr51/libgcc.a(_sf_to_si.o)
                0x0000215c                __fixsfsi
 .text          0x00002204        0x0 /usr/lib/gcc/avr/4.3.5/avr51/libgcc.a(_thenan_sf.o)
 .text          0x00002204        0x0 /usr/lib/gcc/avr/4.3.5/avr51/libgcc.a(_udivmodhi4.o)
 .text          0x00002204        0x0 /usr/lib/gcc/avr/4.3.5/avr51/libgcc.a(_prologue.o)
 .text          0x00002204        0x0 /usr/lib/gcc/avr/4.3.5/avr51/libgcc.a(_epilogue.o)
 .text          0x00002204      0x1aa /usr/lib/gcc/avr/4.3.5/avr51/libgcc.a(_pack_sf.o)
                0x00002204                __pack_f
 .text          0x000023ae       0xf0 /usr/lib/gcc/avr/4.3.5/avr51/libgcc.a(_unpack_sf.o)
                0x000023ae                __unpack_f
 .text          0x0000249e        0x0 /usr/lib/gcc/avr/4.3.5/../../../avr/lib/avr51/libc.a(modf.o)
 .text          0x0000249e        0x0 /usr/lib/gcc/avr/4.3.5/../../../avr/lib/avr51/libc.a(round.o)
 .text          0x0000249e        0x0 /usr/lib/gcc/avr/4.3.5/../../../avr/lib/avr51/libc.a(addsf3.o)
 .text          0x0000249e        0x0 /usr/lib/gcc/avr/4.3.5/../../../avr/lib/avr51/libc.a(addsf3x.o)
 .text          0x0000249e        0x0 /usr/lib/gcc/avr/4.3.5/../../../avr/lib/avr51/libc.a(fp_inf.o)
 .text          0x0000249e        0x0 /usr/lib/gcc/avr/4.3.5/../../../avr/lib/avr51/libc.a(fp_mintl.o)
 .text          0x0000249e        0x0 /usr/lib/gcc/avr/4.3.5/../../../avr/lib/avr51/libc.a(fp_mpack.o)
 .text          0x0000249e        0x0 /usr/lib/gcc/avr/4.3.5/../../../avr/lib/avr51/libc.a(fp_nan.o)
 .text          0x0000249e        0x0 /usr/lib/gcc/avr/4.3.5/../../../avr/lib/avr51/libc.a(fp_pscA.o)
 .text          0x0000249e        0x0 /usr/lib/gcc/avr/4.3.5/../../../avr/lib/avr51/libc.a(fp_pscB.o)
 .text          0x0000249e        0x0 /usr/lib/gcc/avr/4.3.5/../../../avr/lib/avr51/libc.a(fp_round.o)
 .text          0x0000249e        0x0 /usr/lib/gcc/avr/4.3.5/../../../avr/lib/avr51/libc.a(fp_split3.o)
 .text          0x0000249e        0x0 /usr/lib/gcc/avr/4.3.5/../../../avr/lib/avr51/libc.a(fp_zero.o)
                0x0000249e                . = ALIGN (0x2)
 *(.text.*)
 .text.libgcc   0x0000249e       0x3e /usr/lib/gcc/avr/4.3.5/avr51/libgcc.a(_mulsi3.o)
                0x0000249e                __mulsi3
 .text.libgcc   0x000024dc       0x26 /usr/lib/gcc/avr/4.3.5/avr51/libgcc.a(_divmodhi4.o)
                0x000024dc                __divmodhi4
                0x000024dc                _div
 .text.libgcc   0x00002502       0x44 /usr/lib/gcc/avr/4.3.5/avr51/libgcc.a(_udivmodsi4.o)
                0x00002502                __udivmodsi4
 .text.libgcc   0x00002546       0x36 /usr/lib/gcc/avr/4.3.5/avr51/libgcc.a(_divmodsi4.o)
                0x00002546                __divmodsi4
 .text.libgcc   0x0000257c        0x0 /usr/lib/gcc/avr/4.3.5/avr51/libgcc.a(_exit.o)
 .text.libgcc   0x0000257c        0x0 /usr/lib/gcc/avr/4.3.5/avr51/libgcc.a(_clear_bss.o)
 .text.libgcc   0x0000257c       0x28 /usr/lib/gcc/avr/4.3.5/avr51/libgcc.a(_udivmodhi4.o)
                0x0000257c                __udivmodhi4
 .text.libgcc   0x000025a4       0x38 /usr/lib/gcc/avr/4.3.5/avr51/libgcc.a(_prologue.o)
                0x000025a4                __prologue_saves__
 .text.libgcc   0x000025dc       0x36 /usr/lib/gcc/avr/4.3.5/avr51/libgcc.a(_epilogue.o)
                0x000025dc                __epilogue_restores__
 .text.avr-libc.fplib
                0x00002612       0x66 /usr/lib/gcc/avr/4.3.5/../../../avr/lib/avr51/libc.a(modf.o)
                0x00002612                modff
                0x00002612                modf
 .text.avr-libc.fplib
                0x00002678       0x40 /usr/lib/gcc/avr/4.3.5/../../../avr/lib/avr51/libc.a(round.o)
                0x00002678                round
 .text.avr-libc.fplib
                0x000026b8        0xa /usr/lib/gcc/avr/4.3.5/../../../avr/lib/avr51/libc.a(addsf3.o)
                0x000026b8                __subsf3
                0x000026ba                __addsf3
 .text.avr-libc.fplib
                0x000026c2       0xc0 /usr/lib/gcc/avr/4.3.5/../../../avr/lib/avr51/libc.a(addsf3x.o)
                0x000026dc                __addsf3x
 .text.avr-libc.fplib
                0x00002782        0xc /usr/lib/gcc/avr/4.3.5/../../../avr/lib/avr51/libc.a(fp_inf.o)
                0x00002782                __fp_inf
 .text.avr-libc.fplib
                0x0000278e       0x36 /usr/lib/gcc/avr/4.3.5/../../../avr/lib/avr51/libc.a(fp_mintl.o)
                0x0000278e                __fp_mintl
 .text.avr-libc.fplib
                0x000027c4       0x1c /usr/lib/gcc/avr/4.3.5/../../../avr/lib/avr51/libc.a(fp_mpack.o)
                0x000027c4                __fp_mpack
                0x000027c8                __fp_mpack_finite
 .text.avr-libc.fplib
                0x000027e0        0x6 /usr/lib/gcc/avr/4.3.5/../../../avr/lib/avr51/libc.a(fp_nan.o)
                0x000027e0                __fp_nan
 .text.avr-libc.fplib
                0x000027e6        0xe /usr/lib/gcc/avr/4.3.5/../../../avr/lib/avr51/libc.a(fp_pscA.o)
                0x000027e6                __fp_pscA
 .text.avr-libc.fplib
                0x000027f4        0xe /usr/lib/gcc/avr/4.3.5/../../../avr/lib/avr51/libc.a(fp_pscB.o)
                0x000027f4                __fp_pscB
 .text.avr-libc.fplib
                0x00002802       0x22 /usr/lib/gcc/avr/4.3.5/../../../avr/lib/avr51/libc.a(fp_round.o)
                0x00002802                __fp_round
 .text.avr-libc.fplib
                0x00002824       0x44 /usr/lib/gcc/avr/4.3.5/../../../avr/lib/avr51/libc.a(fp_split3.o)
                0x00002824                __fp_split3
                0x00002834                __fp_splitA
 .text.avr-libc.fplib
                0x00002868        0xe /usr/lib/gcc/avr/4.3.5/../../../avr/lib/avr51/libc.a(fp_zero.o)
                0x00002868                __fp_zero
                0x0000286a                __fp_szero
                0x00002876                . = ALIGN (0x2)
 *(.fini9)
 .fini9         0x00002876        0x0 /usr/lib/gcc/avr/4.3.5/avr51/libgcc.a(_exit.o)
                0x00002876                exit
                0x00002876                _exit
 *(.fini9)
 *(.fini8)
 *(.fini8)
 *(.fini7)
 *(.fini7)
 *(.fini6)
 *(.fini6)
 *(.fini5)
 *(.fini5)
 *(.fini4)
 *(.fini4)
 *(.fini3)
 *(.fini3)
 *(.fini2)
 *(.fini2)
 *(.fini1)
 *(.fini1)
 *(.fini0)
 .fini0         0x00002876        0x4 /usr/lib/gcc/avr/4.3.5/avr51/libgcc.a(_exit.o)
 *(.fini0)
                0x0000287a                _etext = .

.data           0x00800200       0x1a load address 0x0000287a
                0x00800200                PROVIDE (__data_start, .)
 *(.data)
 .data          0x00800200        0x0 /usr/lib/gcc/avr/4.3.5/../../../avr/lib/avr51/crtm1280.o
 .data          0x00800200        0x0 ./lib/arduino/WInterrupts.o
 .data          0x00800200        0x4 ./lib/arduino/pins_arduino.o
 .data          0x00800204        0x0 ./lib/arduino/wiring.o
 .data          0x00800204        0x5 ./lib/arduino/wiring_analog.o
                0x00800208                analog_reference
 .data          0x00800209        0x4 ./lib/arduino/wiring_digital.o
 .data          0x0080020d        0x4 ./lib/arduino/wiring_pulse.o
 .data          0x00800211        0x0 ./lib/arduino/wiring_shift.o
 .data          0x00800211        0x0 ./lib/WiringSerial/wiring_serial.o
 .data          0x00800211        0x0 /usr/lib/gcc/avr/4.3.5/avr51/libgcc.a(_mulsi3.o)
 .data          0x00800211        0x0 /usr/lib/gcc/avr/4.3.5/avr51/libgcc.a(_divmodhi4.o)
 .data          0x00800211        0x0 /usr/lib/gcc/avr/4.3.5/avr51/libgcc.a(_udivmodsi4.o)
 .data          0x00800211        0x0 /usr/lib/gcc/avr/4.3.5/avr51/libgcc.a(_divmodsi4.o)
 .data          0x00800211        0x0 /usr/lib/gcc/avr/4.3.5/avr51/libgcc.a(_exit.o)
 .data          0x00800211        0x0 /usr/lib/gcc/avr/4.3.5/avr51/libgcc.a(_clear_bss.o)
 .data          0x00800211        0x0 /usr/lib/gcc/avr/4.3.5/avr51/libgcc.a(_mul_sf.o)
 .data          0x00800211        0x0 /usr/lib/gcc/avr/4.3.5/avr51/libgcc.a(_sf_to_si.o)
 .data          0x00800211        0x8 /usr/lib/gcc/avr/4.3.5/avr51/libgcc.a(_thenan_sf.o)
                0x00800211                __thenan_sf
 .data          0x00800219        0x0 /usr/lib/gcc/avr/4.3.5/avr51/libgcc.a(_udivmodhi4.o)
 .data          0x00800219        0x0 /usr/lib/gcc/avr/4.3.5/avr51/libgcc.a(_prologue.o)
 .data          0x00800219        0x0 /usr/lib/gcc/avr/4.3.5/avr51/libgcc.a(_epilogue.o)
 .data          0x00800219        0x0 /usr/lib/gcc/avr/4.3.5/avr51/libgcc.a(_pack_sf.o)
 .data          0x00800219        0x0 /usr/lib/gcc/avr/4.3.5/avr51/libgcc.a(_unpack_sf.o)
 .data          0x00800219        0x0 /usr/lib/gcc/avr/4.3.5/../../../avr/lib/avr51/libc.a(modf.o)
 .data          0x00800219        0x0 /usr/lib/gcc/avr/4.3.5/../../../avr/lib/avr51/libc.a(round.o)
 .data          0x00800219        0x0 /usr/lib/gcc/avr/4.3.5/../../../avr/lib/avr51/libc.a(addsf3.o)
 .data          0x00800219        0x0 /usr/lib/gcc/avr/4.3.5/../../../avr/lib/avr51/libc.a(addsf3x.o)
 .data          0x00800219        0x0 /usr/lib/gcc/avr/4.3.5/../../../avr/lib/avr51/libc.a(fp_inf.o)
 .data          0x00800219        0x0 /usr/lib/gcc/avr/4.3.5/../../../avr/lib/avr51/libc.a(fp_mintl.o)
 .data          0x00800219        0x0 /usr/lib/gcc/avr/4.3.5/../../../avr/lib/avr51/libc.a(fp_mpack.o)
 .data          0x00800219        0x0 /usr/lib/gcc/avr/4.3.5/../../../avr/lib/avr51/libc.a(fp_nan.o)
 .data          0x00800219        0x0 /usr/lib/gcc/avr/4.3.5/../../../avr/lib/avr51/libc.a(fp_pscA.o)
 .data          0x00800219        0x0 /usr/lib/gcc/avr/4.3.5/../../../avr/lib/avr51/libc.a(fp_pscB.o)
 .data          0x00800219        0x0 /usr/lib/gcc/avr/4.3.5/../../../avr/lib/avr51/libc.a(fp_round.o)
 .data          0x00800219        0x0 /usr/lib/gcc/avr/4.3.5/../../../avr/lib/avr51/libc.a(fp_split3.o)
 .data          0x00800219        0x0 /usr/lib/gcc/avr/4.3.5/../../../avr/lib/avr51/libc.a(fp_zero.o)
 *(.data*)
 *(.rodata)
 *(.rodata*)
 *(.gnu.linkonce.d*)
                0x0080021a                . = ALIGN (0x2)
 *fill*         0x00800219        0x1 00
                0x0080021a                _edata = .
                0x0080021a                PROVIDE (__data_end, .)

.bss            0x0080021a       0x5d
                0x0080021a                PROVIDE (__bss_start, .)
 *(.bss)
 .bss           0x0080021a        0x0 /usr/lib/gcc/avr/4.3.5/../../../avr/lib/avr51/crtm1280.o
 .bss           0x0080021a       0x10 ./lib/arduino/WInterrupts.o
 .bss           0x0080022a        0x0 ./lib/arduino/pins_arduino.o
 .bss           0x0080022a        0x9 ./lib/arduino/wiring.o
                0x0080022a                timer0_overflow_count
                0x0080022e                timer0_millis
 .bss           0x00800233        0x0 ./lib/arduino/wiring_analog.o
 .bss           0x00800233        0x0 ./lib/arduino/wiring_digital.o
 .bss           0x00800233        0x0 ./lib/arduino/wiring_pulse.o
 .bss           0x00800233        0x0 ./lib/arduino/wiring_shift.o
 .bss           0x00800233        0x4 ./lib/WiringSerial/wiring_serial.o
                0x00800233                rx_buffer_head
                0x00800235                rx_buffer_tail
 .bss           0x00800237        0x0 /usr/lib/gcc/avr/4.3.5/avr51/libgcc.a(_mulsi3.o)
 .bss           0x00800237        0x0 /usr/lib/gcc/avr/4.3.5/avr51/libgcc.a(_divmodhi4.o)
 .bss           0x00800237        0x0 /usr/lib/gcc/avr/4.3.5/avr51/libgcc.a(_udivmodsi4.o)
 .bss           0x00800237        0x0 /usr/lib/gcc/avr/4.3.5/avr51/libgcc.a(_divmodsi4.o)
 .bss           0x00800237        0x0 /usr/lib/gcc/avr/4.3.5/avr51/libgcc.a(_exit.o)
 .bss           0x00800237        0x0 /usr/lib/gcc/avr/4.3.5/avr51/libgcc.a(_clear_bss.o)
 .bss           0x00800237        0x0 /usr/lib/gcc/avr/4.3.5/avr51/libgcc.a(_mul_sf.o)
 .bss           0x00800237        0x0 /usr/lib/gcc/avr/4.3.5/avr51/libgcc.a(_sf_to_si.o)
 .bss           0x00800237        0x0 /usr/lib/gcc/avr/4.3.5/avr51/libgcc.a(_thenan_sf.o)
 .bss           0x00800237        0x0 /usr/lib/gcc/avr/4.3.5/avr51/libgcc.a(_udivmodhi4.o)
 .bss           0x00800237        0x0 /usr/lib/gcc/avr/4.3.5/avr51/libgcc.a(_prologue.o)
 .bss           0x00800237        0x0 /usr/lib/gcc/avr/4.3.5/avr51/libgcc.a(_epilogue.o)
 .bss           0x00800237        0x0 /usr/lib/gcc/avr/4.3.5/avr51/libgcc.a(_pack_sf.o)
 .bss           0x00800237        0x0 /usr/lib/gcc/avr/4.3.5/avr51/libgcc.a(_unpack_sf.o)
 .bss           0x00800237        0x0 /usr/lib/gcc/avr/4.3.5/../../../avr/lib/avr51/libc.a(modf.o)
 .bss           0x00800237        0x0 /usr/lib/gcc/avr/4.3.5/../../../avr/lib/avr51/libc.a(round.o)
 .bss           0x00800237        0x0 /usr/lib/gcc/avr/4.3.5/../../../avr/lib/avr51/libc.a(addsf3.o)
 .bss           0x00800237        0x0 /usr/lib/gcc/avr/4.3.5/../../../avr/lib/avr51/libc.a(addsf3x.o)
 .bss           0x00800237        0x0 /usr/lib/gcc/avr/4.3.5/../../../avr/lib/avr51/libc.a(fp_inf.o)
 .bss           0x00800237        0x0 /usr/lib/gcc/avr/4.3.5/../../../avr/lib/avr51/libc.a(fp_mintl.o)
 .bss           0x00800237        0x0 /usr/lib/gcc/avr/4.3.5/../../../avr/lib/avr51/libc.a(fp_mpack.o)
 .bss           0x00800237        0x0 /usr/lib/gcc/avr/4.3.5/../../../avr/lib/avr51/libc.a(fp_nan.o)
 .bss           0x00800237        0x0 /usr/lib/gcc/avr/4.3.5/../../../avr/lib/avr51/libc.a(fp_pscA.o)
 .bss           0x00800237        0x0 /usr/lib/gcc/avr/4.3.5/../../../avr/lib/avr51/libc.a(fp_pscB.o)
 .bss           0x00800237        0x0 /usr/lib/gcc/avr/4.3.5/../../../avr/lib/avr51/libc.a(fp_round.o)
 .bss           0x00800237        0x0 /usr/lib/gcc/avr/4.3.5/../../../avr/lib/avr51/libc.a(fp_split3.o)
 .bss           0x00800237        0x0 /usr/lib/gcc/avr/4.3.5/../../../avr/lib/avr51/libc.a(fp_zero.o)
 *(.bss*)
 *(COMMON)
 COMMON         0x00800237       0x40 ./lib/WiringSerial/wiring_serial.o
                0x00800237                rx_buffer
                0x00800277                PROVIDE (__bss_end, .)
                0x0000287a                __data_load_start = LOADADDR (.data)
                0x00002894                __data_load_end = (__data_load_start + SIZEOF (.data))

.noinit         0x00800277        0x0
                0x00800277                PROVIDE (__noinit_start, .)
 *(.noinit*)
                0x00800277                PROVIDE (__noinit_end, .)
                0x00800277                _end = .
                0x00800277                PROVIDE (__heap_start, .)

.eeprom         0x00810000        0x0
 *(.eeprom*)
                0x00810000                __eeprom_end = .

.fuse
 *(.fuse)
 *(.lfuse)
 *(.hfuse)
 *(.efuse)

.lock
 *(.lock*)

.signature
 *(.signature*)

.stab           0x00000000     0x438c
 *(.stab)
 .stab          0x00000000      0x750 /usr/lib/gcc/avr/4.3.5/../../../avr/lib/avr51/crtm1280.o
 .stab          0x00000750      0x864 ./lib/arduino/WInterrupts.o
                                0x870 (size before relaxing)
 .stab          0x00000fb4      0x210 ./lib/arduino/pins_arduino.o
                                0x534 (size before relaxing)
 .stab          0x000011c4      0x5f4 ./lib/arduino/wiring.o
                                0x894 (size before relaxing)
 .stab          0x000017b8      0x4f8 ./lib/arduino/wiring_analog.o
                                0x834 (size before relaxing)
 .stab          0x00001cb0      0x84c ./lib/arduino/wiring_digital.o
                                0xb88 (size before relaxing)
 .stab          0x000024fc      0x414 ./lib/arduino/wiring_pulse.o
                                0x750 (size before relaxing)
 .stab          0x00002910      0x318 ./lib/arduino/wiring_shift.o
                                0x5b8 (size before relaxing)
 .stab          0x00002c28      0x654 ./lib/WiringSerial/wiring_serial.o
                                0x8ac (size before relaxing)
 .stab          0x0000327c      0x2a0 /usr/lib/gcc/avr/4.3.5/../../../avr/lib/avr51/libc.a(modf.o)
                                0x2ac (size before relaxing)
 .stab          0x0000351c      0x1b0 /usr/lib/gcc/avr/4.3.5/../../../avr/lib/avr51/libc.a(round.o)
                                0x1bc (size before relaxing)
 .stab          0x000036cc       0x78 /usr/lib/gcc/avr/4.3.5/../../../avr/lib/avr51/libc.a(addsf3.o)
                                 0x84 (size before relaxing)
 .stab          0x00003744      0x4bc /usr/lib/gcc/avr/4.3.5/../../../avr/lib/avr51/libc.a(addsf3x.o)
                                0x4c8 (size before relaxing)
 .stab          0x00003c00       0x78 /usr/lib/gcc/avr/4.3.5/../../../avr/lib/avr51/libc.a(fp_inf.o)
                                 0x84 (size before relaxing)
 .stab          0x00003c78      0x174 /usr/lib/gcc/avr/4.3.5/../../../avr/lib/avr51/libc.a(fp_mintl.o)
                                0x180 (size before relaxing)
 .stab          0x00003dec       0xe4 /usr/lib/gcc/avr/4.3.5/../../../avr/lib/avr51/libc.a(fp_mpack.o)
                                 0xf0 (size before relaxing)
 .stab          0x00003ed0       0x54 /usr/lib/gcc/avr/4.3.5/../../../avr/lib/avr51/libc.a(fp_nan.o)
                                 0x60 (size before relaxing)
 .stab          0x00003f24       0x84 /usr/lib/gcc/avr/4.3.5/../../../avr/lib/avr51/libc.a(fp_pscA.o)
                                 0x90 (size before relaxing)
 .stab          0x00003fa8       0x84 /usr/lib/gcc/avr/4.3.5/../../../avr/lib/avr51/libc.a(fp_pscB.o)
                                 0x90 (size before relaxing)
 .stab          0x0000402c       0xfc /usr/lib/gcc/avr/4.3.5/../../../avr/lib/avr51/libc.a(fp_round.o)
                                0x108 (size before relaxing)
 .stab          0x00004128      0x1d4 /usr/lib/gcc/avr/4.3.5/../../../avr/lib/avr51/libc.a(fp_split3.o)
                                0x1e0 (size before relaxing)
 .stab          0x000042fc       0x90 /usr/lib/gcc/avr/4.3.5/../../../avr/lib/avr51/libc.a(fp_zero.o)
                                 0x9c (size before relaxing)

.stabstr        0x00000000     0x1671
 *(.stabstr)
 .stabstr       0x00000000     0x1671 /usr/lib/gcc/avr/4.3.5/../../../avr/lib/avr51/crtm1280.o

.stab.excl
 *(.stab.excl)

.stab.exclstr
 *(.stab.exclstr)

.stab.index
 *(.stab.index)

.stab.indexstr
 *(.stab.indexstr)

.comment
 *(.comment)

.debug
 *(.debug)

.line
 *(.line)

.debug_srcinfo
 *(.debug_srcinfo)

.debug_sfnames
 *(.debug_sfnames)

.debug_aranges
 *(.debug_aranges)

.debug_pubnames
 *(.debug_pubnames)

.debug_info
 *(.debug_info)
 *(.gnu.linkonce.wi.*)

.debug_abbrev
 *(.debug_abbrev)

.debug_line
 *(.debug_line)

.debug_frame
 *(.debug_frame)

.debug_str
 *(.debug_str)

.debug_loc
 *(.debug_loc)

.debug_macinfo
 *(.debug_macinfo)
OUTPUT(RepRapUltimakerFirmware.elf elf32-avr)
LOAD linker stubs
